Node: sn1 | CPUs: 6 | Start: lun. 29 juin 2026 16:05:59 CEST

[B] LogisticRegression | 419400 pixels | 346 FIDs | classes=[0, 1, 2, 3, 4, 5, 6]
split loaded from splits/  (test=171 | trainval=175 FIDs)
train+val: 206325 pixels | test: 213075 pixels

class             before     after     test
------------------------------------------
background        182528      2500   188246
Clear-cut bare soil      7831      2500     8358
Fire scar            918       918      835
Degradation         1782      1782     2731
Disorderly Selective logging     12807      2500     4832
Clear-cut vegetation       310       310      266
Geometric Selective logging       149       149     7807
------------------------------------------
TOTAL             206325     10659   213075
saved token_distribution.png

after balancing -> 10659 train tokens
/share/home/e2406749/.conda/envs/croma_viz/lib/python3.11/site-packages/sklearn/linear_model/_logistic.py:1780: FutureWarning: The default value for l1_ratios will change from None to (0.0,) in version 1.10. From version 1.10 onwards, only array-like with values in [0, 1] will be allowed, None will be forbidden. To avoid this warning, explicitly set a value, e.g. l1_ratios=(0,).
  warnings.warn(
/share/home/e2406749/.conda/envs/croma_viz/lib/python3.11/site-packages/sklearn/linear_model/_logistic.py:1823: FutureWarning: The fitted attributes of LogisticRegressionCV will be simplified in scikit-learn 1.10 to remove redundancy. Set`use_legacy_attributes=False` to enable the new behavior now, or set it to `True` to silence this warning during the transition period while keeping the deprecated behavior for the time being. The default value of use_legacy_attributes will change from True to False in scikit-learn 1.10. See the docstring of LogisticRegressionCV for more details.
  warnings.warn(
accuracy (test): 0.592

                              precision    recall  f1-score   support

                  background       0.97      0.60      0.74    188246
         Clear-cut bare soil       0.21      0.75      0.32      8358
                   Fire scar       0.05      0.71      0.10       835
                 Degradation       0.07      0.33      0.12      2731
Disorderly Selective logging       0.09      0.56      0.15      4832
        Clear-cut vegetation       0.02      0.37      0.04       266
 Geometric Selective logging       0.35      0.37      0.36      7807

                    accuracy                           0.59    213075
                   macro avg       0.25      0.53      0.26    213075
                weighted avg       0.88      0.59      0.69    213075

selected C per class: [0.01 0.01 0.01 0.01 0.01 0.01 0.01]
split loaded from splits/  (test=171 | trainval=175 FIDs)

[C] learning curve | LogisticRegression | max FIDs/class=122 | N schedule=[2, 4, 8, 16, 32, 64, 122] | repeats=3
     N/class  train_px            acc        f1_dist         f1_all
/share/home/e2406749/.conda/envs/croma_viz/lib/python3.11/site-packages/sklearn/linear_model/_logistic.py:1780: FutureWarning: The default value for l1_ratios will change from None to (0.0,) in version 1.10. From version 1.10 onwards, only array-like with values in [0, 1] will be allowed, None will be forbidden. To avoid this warning, explicitly set a value, e.g. l1_ratios=(0,).
  warnings.warn(
/share/home/e2406749/.conda/envs/croma_viz/lib/python3.11/site-packages/sklearn/linear_model/_logistic.py:1823: FutureWarning: The fitted attributes of LogisticRegressionCV will be simplified in scikit-learn 1.10 to remove redundancy. Set`use_legacy_attributes=False` to enable the new behavior now, or set it to `True` to silence this warning during the transition period while keeping the deprecated behavior for the time being. The default value of use_legacy_attributes will change from True to False in scikit-learn 1.10. See the docstring of LogisticRegressionCV for more details.
  warnings.warn(
/share/home/e2406749/.conda/envs/croma_viz/lib/python3.11/site-packages/sklearn/linear_model/_logistic.py:1780: FutureWarning: The default value for l1_ratios will change from None to (0.0,) in version 1.10. From version 1.10 onwards, only array-like with values in [0, 1] will be allowed, None will be forbidden. To avoid this warning, explicitly set a value, e.g. l1_ratios=(0,).
  warnings.warn(
/share/home/e2406749/.conda/envs/croma_viz/lib/python3.11/site-packages/sklearn/linear_model/_logistic.py:1823: FutureWarning: The fitted attributes of LogisticRegressionCV will be simplified in scikit-learn 1.10 to remove redundancy. Set`use_legacy_attributes=False` to enable the new behavior now, or set it to `True` to silence this warning during the transition period while keeping the deprecated behavior for the time being. The default value of use_legacy_attributes will change from True to False in scikit-learn 1.10. See the docstring of LogisticRegressionCV for more details.
  warnings.warn(
/share/home/e2406749/.conda/envs/croma_viz/lib/python3.11/site-packages/sklearn/linear_model/_logistic.py:1780: FutureWarning: The default value for l1_ratios will change from None to (0.0,) in version 1.10. From version 1.10 onwards, only array-like with values in [0, 1] will be allowed, None will be forbidden. To avoid this warning, explicitly set a value, e.g. l1_ratios=(0,).
  warnings.warn(
/share/home/e2406749/.conda/envs/croma_viz/lib/python3.11/site-packages/sklearn/linear_model/_logistic.py:1823: FutureWarning: The fitted attributes of LogisticRegressionCV will be simplified in scikit-learn 1.10 to remove redundancy. Set`use_legacy_attributes=False` to enable the new behavior now, or set it to `True` to silence this warning during the transition period while keeping the deprecated behavior for the time being. The default value of use_legacy_attributes will change from True to False in scikit-learn 1.10. See the docstring of LogisticRegressionCV for more details.
  warnings.warn(
           2     17400   0.766±0.013   0.123±0.012   0.230±0.011
/share/home/e2406749/.conda/envs/croma_viz/lib/python3.11/site-packages/sklearn/linear_model/_logistic.py:1780: FutureWarning: The default value for l1_ratios will change from None to (0.0,) in version 1.10. From version 1.10 onwards, only array-like with values in [0, 1] will be allowed, None will be forbidden. To avoid this warning, explicitly set a value, e.g. l1_ratios=(0,).
  warnings.warn(
/share/home/e2406749/.conda/envs/croma_viz/lib/python3.11/site-packages/sklearn/linear_model/_logistic.py:1823: FutureWarning: The fitted attributes of LogisticRegressionCV will be simplified in scikit-learn 1.10 to remove redundancy. Set`use_legacy_attributes=False` to enable the new behavior now, or set it to `True` to silence this warning during the transition period while keeping the deprecated behavior for the time being. The default value of use_legacy_attributes will change from True to False in scikit-learn 1.10. See the docstring of LogisticRegressionCV for more details.
  warnings.warn(
/share/home/e2406749/.conda/envs/croma_viz/lib/python3.11/site-packages/sklearn/linear_model/_logistic.py:1780: FutureWarning: The default value for l1_ratios will change from None to (0.0,) in version 1.10. From version 1.10 onwards, only array-like with values in [0, 1] will be allowed, None will be forbidden. To avoid this warning, explicitly set a value, e.g. l1_ratios=(0,).
  warnings.warn(
/share/home/e2406749/.conda/envs/croma_viz/lib/python3.11/site-packages/sklearn/linear_model/_logistic.py:1823: FutureWarning: The fitted attributes of LogisticRegressionCV will be simplified in scikit-learn 1.10 to remove redundancy. Set`use_legacy_attributes=False` to enable the new behavior now, or set it to `True` to silence this warning during the transition period while keeping the deprecated behavior for the time being. The default value of use_legacy_attributes will change from True to False in scikit-learn 1.10. See the docstring of LogisticRegressionCV for more details.
  warnings.warn(
/share/home/e2406749/.conda/envs/croma_viz/lib/python3.11/site-packages/sklearn/linear_model/_logistic.py:1780: FutureWarning: The default value for l1_ratios will change from None to (0.0,) in version 1.10. From version 1.10 onwards, only array-like with values in [0, 1] will be allowed, None will be forbidden. To avoid this warning, explicitly set a value, e.g. l1_ratios=(0,).
  warnings.warn(
/share/home/e2406749/.conda/envs/croma_viz/lib/python3.11/site-packages/sklearn/linear_model/_logistic.py:1823: FutureWarning: The fitted attributes of LogisticRegressionCV will be simplified in scikit-learn 1.10 to remove redundancy. Set`use_legacy_attributes=False` to enable the new behavior now, or set it to `True` to silence this warning during the transition period while keeping the deprecated behavior for the time being. The default value of use_legacy_attributes will change from True to False in scikit-learn 1.10. See the docstring of LogisticRegressionCV for more details.
  warnings.warn(
           4     32475   0.774±0.007   0.129±0.009   0.236±0.008
/share/home/e2406749/.conda/envs/croma_viz/lib/python3.11/site-packages/sklearn/linear_model/_logistic.py:1780: FutureWarning: The default value for l1_ratios will change from None to (0.0,) in version 1.10. From version 1.10 onwards, only array-like with values in [0, 1] will be allowed, None will be forbidden. To avoid this warning, explicitly set a value, e.g. l1_ratios=(0,).
  warnings.warn(
/share/home/e2406749/.conda/envs/croma_viz/lib/python3.11/site-packages/sklearn/linear_model/_logistic.py:1823: FutureWarning: The fitted attributes of LogisticRegressionCV will be simplified in scikit-learn 1.10 to remove redundancy. Set`use_legacy_attributes=False` to enable the new behavior now, or set it to `True` to silence this warning during the transition period while keeping the deprecated behavior for the time being. The default value of use_legacy_attributes will change from True to False in scikit-learn 1.10. See the docstring of LogisticRegressionCV for more details.
  warnings.warn(
/share/home/e2406749/.conda/envs/croma_viz/lib/python3.11/site-packages/sklearn/linear_model/_logistic.py:1780: FutureWarning: The default value for l1_ratios will change from None to (0.0,) in version 1.10. From version 1.10 onwards, only array-like with values in [0, 1] will be allowed, None will be forbidden. To avoid this warning, explicitly set a value, e.g. l1_ratios=(0,).
  warnings.warn(
/share/home/e2406749/.conda/envs/croma_viz/lib/python3.11/site-packages/sklearn/linear_model/_logistic.py:1823: FutureWarning: The fitted attributes of LogisticRegressionCV will be simplified in scikit-learn 1.10 to remove redundancy. Set`use_legacy_attributes=False` to enable the new behavior now, or set it to `True` to silence this warning during the transition period while keeping the deprecated behavior for the time being. The default value of use_legacy_attributes will change from True to False in scikit-learn 1.10. See the docstring of LogisticRegressionCV for more details.
  warnings.warn(
/share/home/e2406749/.conda/envs/croma_viz/lib/python3.11/site-packages/sklearn/linear_model/_logistic.py:1780: FutureWarning: The default value for l1_ratios will change from None to (0.0,) in version 1.10. From version 1.10 onwards, only array-like with values in [0, 1] will be allowed, None will be forbidden. To avoid this warning, explicitly set a value, e.g. l1_ratios=(0,).
  warnings.warn(
/share/home/e2406749/.conda/envs/croma_viz/lib/python3.11/site-packages/sklearn/linear_model/_logistic.py:1823: FutureWarning: The fitted attributes of LogisticRegressionCV will be simplified in scikit-learn 1.10 to remove redundancy. Set`use_legacy_attributes=False` to enable the new behavior now, or set it to `True` to silence this warning during the transition period while keeping the deprecated behavior for the time being. The default value of use_legacy_attributes will change from True to False in scikit-learn 1.10. See the docstring of LogisticRegressionCV for more details.
  warnings.warn(
           8     60675   0.750±0.014   0.133±0.014   0.238±0.011
/share/home/e2406749/.conda/envs/croma_viz/lib/python3.11/site-packages/sklearn/linear_model/_logistic.py:1780: FutureWarning: The default value for l1_ratios will change from None to (0.0,) in version 1.10. From version 1.10 onwards, only array-like with values in [0, 1] will be allowed, None will be forbidden. To avoid this warning, explicitly set a value, e.g. l1_ratios=(0,).
  warnings.warn(
/share/home/e2406749/.conda/envs/croma_viz/lib/python3.11/site-packages/sklearn/linear_model/_logistic.py:1823: FutureWarning: The fitted attributes of LogisticRegressionCV will be simplified in scikit-learn 1.10 to remove redundancy. Set`use_legacy_attributes=False` to enable the new behavior now, or set it to `True` to silence this warning during the transition period while keeping the deprecated behavior for the time being. The default value of use_legacy_attributes will change from True to False in scikit-learn 1.10. See the docstring of LogisticRegressionCV for more details.
  warnings.warn(
/share/home/e2406749/.conda/envs/croma_viz/lib/python3.11/site-packages/sklearn/linear_model/_logistic.py:1780: FutureWarning: The default value for l1_ratios will change from None to (0.0,) in version 1.10. From version 1.10 onwards, only array-like with values in [0, 1] will be allowed, None will be forbidden. To avoid this warning, explicitly set a value, e.g. l1_ratios=(0,).
  warnings.warn(
/share/home/e2406749/.conda/envs/croma_viz/lib/python3.11/site-packages/sklearn/linear_model/_logistic.py:1823: FutureWarning: The fitted attributes of LogisticRegressionCV will be simplified in scikit-learn 1.10 to remove redundancy. Set`use_legacy_attributes=False` to enable the new behavior now, or set it to `True` to silence this warning during the transition period while keeping the deprecated behavior for the time being. The default value of use_legacy_attributes will change from True to False in scikit-learn 1.10. See the docstring of LogisticRegressionCV for more details.
  warnings.warn(
/share/home/e2406749/.conda/envs/croma_viz/lib/python3.11/site-packages/sklearn/linear_model/_logistic.py:1780: FutureWarning: The default value for l1_ratios will change from None to (0.0,) in version 1.10. From version 1.10 onwards, only array-like with values in [0, 1] will be allowed, None will be forbidden. To avoid this warning, explicitly set a value, e.g. l1_ratios=(0,).
  warnings.warn(
/share/home/e2406749/.conda/envs/croma_viz/lib/python3.11/site-packages/sklearn/linear_model/_logistic.py:1823: FutureWarning: The fitted attributes of LogisticRegressionCV will be simplified in scikit-learn 1.10 to remove redundancy. Set`use_legacy_attributes=False` to enable the new behavior now, or set it to `True` to silence this warning during the transition period while keeping the deprecated behavior for the time being. The default value of use_legacy_attributes will change from True to False in scikit-learn 1.10. See the docstring of LogisticRegressionCV for more details.
  warnings.warn(
          16     92400   0.729±0.006   0.136±0.005   0.238±0.004
/share/home/e2406749/.conda/envs/croma_viz/lib/python3.11/site-packages/sklearn/linear_model/_logistic.py:1780: FutureWarning: The default value for l1_ratios will change from None to (0.0,) in version 1.10. From version 1.10 onwards, only array-like with values in [0, 1] will be allowed, None will be forbidden. To avoid this warning, explicitly set a value, e.g. l1_ratios=(0,).
  warnings.warn(
/share/home/e2406749/.conda/envs/croma_viz/lib/python3.11/site-packages/sklearn/linear_model/_logistic.py:1823: FutureWarning: The fitted attributes of LogisticRegressionCV will be simplified in scikit-learn 1.10 to remove redundancy. Set`use_legacy_attributes=False` to enable the new behavior now, or set it to `True` to silence this warning during the transition period while keeping the deprecated behavior for the time being. The default value of use_legacy_attributes will change from True to False in scikit-learn 1.10. See the docstring of LogisticRegressionCV for more details.
  warnings.warn(
/share/home/e2406749/.conda/envs/croma_viz/lib/python3.11/site-packages/sklearn/linear_model/_logistic.py:1780: FutureWarning: The default value for l1_ratios will change from None to (0.0,) in version 1.10. From version 1.10 onwards, only array-like with values in [0, 1] will be allowed, None will be forbidden. To avoid this warning, explicitly set a value, e.g. l1_ratios=(0,).
  warnings.warn(
/share/home/e2406749/.conda/envs/croma_viz/lib/python3.11/site-packages/sklearn/linear_model/_logistic.py:1823: FutureWarning: The fitted attributes of LogisticRegressionCV will be simplified in scikit-learn 1.10 to remove redundancy. Set`use_legacy_attributes=False` to enable the new behavior now, or set it to `True` to silence this warning during the transition period while keeping the deprecated behavior for the time being. The default value of use_legacy_attributes will change from True to False in scikit-learn 1.10. See the docstring of LogisticRegressionCV for more details.
  warnings.warn(
/share/home/e2406749/.conda/envs/croma_viz/lib/python3.11/site-packages/sklearn/linear_model/_logistic.py:1780: FutureWarning: The default value for l1_ratios will change from None to (0.0,) in version 1.10. From version 1.10 onwards, only array-like with values in [0, 1] will be allowed, None will be forbidden. To avoid this warning, explicitly set a value, e.g. l1_ratios=(0,).
  warnings.warn(
/share/home/e2406749/.conda/envs/croma_viz/lib/python3.11/site-packages/sklearn/linear_model/_logistic.py:1823: FutureWarning: The fitted attributes of LogisticRegressionCV will be simplified in scikit-learn 1.10 to remove redundancy. Set`use_legacy_attributes=False` to enable the new behavior now, or set it to `True` to silence this warning during the transition period while keeping the deprecated behavior for the time being. The default value of use_legacy_attributes will change from True to False in scikit-learn 1.10. See the docstring of LogisticRegressionCV for more details.
  warnings.warn(
          32    110925   0.715±0.006   0.140±0.004   0.240±0.004
/share/home/e2406749/.conda/envs/croma_viz/lib/python3.11/site-packages/sklearn/linear_model/_logistic.py:1780: FutureWarning: The default value for l1_ratios will change from None to (0.0,) in version 1.10. From version 1.10 onwards, only array-like with values in [0, 1] will be allowed, None will be forbidden. To avoid this warning, explicitly set a value, e.g. l1_ratios=(0,).
  warnings.warn(
/share/home/e2406749/.conda/envs/croma_viz/lib/python3.11/site-packages/sklearn/linear_model/_logistic.py:1823: FutureWarning: The fitted attributes of LogisticRegressionCV will be simplified in scikit-learn 1.10 to remove redundancy. Set`use_legacy_attributes=False` to enable the new behavior now, or set it to `True` to silence this warning during the transition period while keeping the deprecated behavior for the time being. The default value of use_legacy_attributes will change from True to False in scikit-learn 1.10. See the docstring of LogisticRegressionCV for more details.
  warnings.warn(
/share/home/e2406749/.conda/envs/croma_viz/lib/python3.11/site-packages/sklearn/linear_model/_logistic.py:1780: FutureWarning: The default value for l1_ratios will change from None to (0.0,) in version 1.10. From version 1.10 onwards, only array-like with values in [0, 1] will be allowed, None will be forbidden. To avoid this warning, explicitly set a value, e.g. l1_ratios=(0,).
  warnings.warn(
/share/home/e2406749/.conda/envs/croma_viz/lib/python3.11/site-packages/sklearn/linear_model/_logistic.py:1823: FutureWarning: The fitted attributes of LogisticRegressionCV will be simplified in scikit-learn 1.10 to remove redundancy. Set`use_legacy_attributes=False` to enable the new behavior now, or set it to `True` to silence this warning during the transition period while keeping the deprecated behavior for the time being. The default value of use_legacy_attributes will change from True to False in scikit-learn 1.10. See the docstring of LogisticRegressionCV for more details.
  warnings.warn(
/share/home/e2406749/.conda/envs/croma_viz/lib/python3.11/site-packages/sklearn/linear_model/_logistic.py:1780: FutureWarning: The default value for l1_ratios will change from None to (0.0,) in version 1.10. From version 1.10 onwards, only array-like with values in [0, 1] will be allowed, None will be forbidden. To avoid this warning, explicitly set a value, e.g. l1_ratios=(0,).
  warnings.warn(
/share/home/e2406749/.conda/envs/croma_viz/lib/python3.11/site-packages/sklearn/linear_model/_logistic.py:1823: FutureWarning: The fitted attributes of LogisticRegressionCV will be simplified in scikit-learn 1.10 to remove redundancy. Set`use_legacy_attributes=False` to enable the new behavior now, or set it to `True` to silence this warning during the transition period while keeping the deprecated behavior for the time being. The default value of use_legacy_attributes will change from True to False in scikit-learn 1.10. See the docstring of LogisticRegressionCV for more details.
  warnings.warn(
          64    143250   0.709±0.010   0.135±0.006   0.235±0.004
/share/home/e2406749/.conda/envs/croma_viz/lib/python3.11/site-packages/sklearn/linear_model/_logistic.py:1780: FutureWarning: The default value for l1_ratios will change from None to (0.0,) in version 1.10. From version 1.10 onwards, only array-like with values in [0, 1] will be allowed, None will be forbidden. To avoid this warning, explicitly set a value, e.g. l1_ratios=(0,).
  warnings.warn(
/share/home/e2406749/.conda/envs/croma_viz/lib/python3.11/site-packages/sklearn/linear_model/_logistic.py:1823: FutureWarning: The fitted attributes of LogisticRegressionCV will be simplified in scikit-learn 1.10 to remove redundancy. Set`use_legacy_attributes=False` to enable the new behavior now, or set it to `True` to silence this warning during the transition period while keeping the deprecated behavior for the time being. The default value of use_legacy_attributes will change from True to False in scikit-learn 1.10. See the docstring of LogisticRegressionCV for more details.
  warnings.warn(
/share/home/e2406749/.conda/envs/croma_viz/lib/python3.11/site-packages/sklearn/linear_model/_logistic.py:1780: FutureWarning: The default value for l1_ratios will change from None to (0.0,) in version 1.10. From version 1.10 onwards, only array-like with values in [0, 1] will be allowed, None will be forbidden. To avoid this warning, explicitly set a value, e.g. l1_ratios=(0,).
  warnings.warn(
/share/home/e2406749/.conda/envs/croma_viz/lib/python3.11/site-packages/sklearn/linear_model/_logistic.py:1823: FutureWarning: The fitted attributes of LogisticRegressionCV will be simplified in scikit-learn 1.10 to remove redundancy. Set`use_legacy_attributes=False` to enable the new behavior now, or set it to `True` to silence this warning during the transition period while keeping the deprecated behavior for the time being. The default value of use_legacy_attributes will change from True to False in scikit-learn 1.10. See the docstring of LogisticRegressionCV for more details.
  warnings.warn(
/share/home/e2406749/.conda/envs/croma_viz/lib/python3.11/site-packages/sklearn/linear_model/_logistic.py:1780: FutureWarning: The default value for l1_ratios will change from None to (0.0,) in version 1.10. From version 1.10 onwards, only array-like with values in [0, 1] will be allowed, None will be forbidden. To avoid this warning, explicitly set a value, e.g. l1_ratios=(0,).
  warnings.warn(
/share/home/e2406749/.conda/envs/croma_viz/lib/python3.11/site-packages/sklearn/linear_model/_logistic.py:1823: FutureWarning: The fitted attributes of LogisticRegressionCV will be simplified in scikit-learn 1.10 to remove redundancy. Set`use_legacy_attributes=False` to enable the new behavior now, or set it to `True` to silence this warning during the transition period while keeping the deprecated behavior for the time being. The default value of use_legacy_attributes will change from True to False in scikit-learn 1.10. See the docstring of LogisticRegressionCV for more details.
  warnings.warn(
         122    206325   0.707±0.000   0.132±0.000   0.232±0.000
End: lun. 29 juin 2026 19:43:35 CEST
