Node: sn3 | CPUs: 6 | Start: lun. 29 juin 2026 16:05:59 CEST
[A] total .npy in joint/: 9558
    checked 300:  bad_shape=0  nan/inf=0  all_zero=0

[B] RandomForest | 419400 pixels | 346 FIDs | classes=[0, 1, 2, 3, 4, 5, 6]
split loaded from splits/  (test=171 | trainval=175 FIDs)
train+val: 206325 pixels | test: 213075 pixels

class             before     after     test
------------------------------------------
background        182528      2500   188246
Clear-cut bare soil      7831      2500     8358
Fire scar            918       918      835
Degradation         1782      1782     2731
Disorderly Selective logging     12807      2500     4832
Clear-cut vegetation       310       310      266
Geometric Selective logging       149       149     7807
------------------------------------------
TOTAL             206325     10659   213075
saved token_distribution.png

after balancing -> 10659 train tokens
accuracy (test): 0.569

                              precision    recall  f1-score   support

                  background       0.98      0.58      0.73    188246
         Clear-cut bare soil       0.17      0.84      0.28      8358
                   Fire scar       0.08      0.22      0.12       835
                 Degradation       0.07      0.17      0.09      2731
Disorderly Selective logging       0.08      0.80      0.14      4832
        Clear-cut vegetation       0.03      0.06      0.04       266
 Geometric Selective logging       0.34      0.01      0.01      7807

                    accuracy                           0.57    213075
                   macro avg       0.25      0.38      0.20    213075
                weighted avg       0.88      0.57      0.66    213075

split loaded from splits/  (test=171 | trainval=175 FIDs)

[C] learning curve | RandomForest | max FIDs/class=122 | N schedule=[2, 4, 8, 16, 32, 64, 122] | repeats=3
     N/class  train_px            acc        f1_dist         f1_all
           2     16650   0.881±0.001   0.010±0.014   0.143±0.012
           4     33975   0.875±0.007   0.013±0.010   0.145±0.009
           8     60075   0.871±0.005   0.012±0.012   0.143±0.010
          16     92325   0.867±0.001   0.010±0.001   0.141±0.001
          32    110925   0.866±0.000   0.010±0.002   0.141±0.002
          64    143250   0.865±0.000   0.009±0.002   0.140±0.002
         122    206325   0.861±0.000   0.010±0.000   0.141±0.000
End: lun. 29 juin 2026 21:33:09 CEST
