Node: sw2 | GPU: 0 | Start: ven. 12 juin 2026 02:29:29 CEST
[device] cuda
[data] 2047 tiles (evt+aft)
{'36': 1, '324': 3, '179': 1, '362': 2, '105': 1, '243': 3, '262': 1, '288': 1, '285': 1, '280': 1, '71': 2, '110': 1, '163': 1, '150': 1, '80': 1, '64': 1, '118': 1, '2': 4, '98': 1, '360': 2, '232': 5, '211': 1, '130': 1, '376': 2, '291': 1, '100': 1, '383': 6, '138': 2, '114': 1, '131': 1, '29': 3, '193': 1, '178': 1, '350': 1, '103': 1, '312': 1, '344': 1, '17': 2, '307': 1, '181': 1, '81': 1, '136': 1, '128': 1, '306': 5, '247': 1, '208': 3, '279': 1, '47': 3, '140': 1, '183': 1, '347': 1, '160': 1, '5': 1, '305': 1, '386': 1, '50': 3, '171': 1, '156': 1, '32': 2, '58': 1, '223': 1, '212': 1, '49': 1, '388': 1, '242': 3, '251': 1, '225': 1, '221': 1, '10': 2, '222': 1, '90': 1, '55': 1, '194': 1, '174': 1, '147': 1, '61': 3, '338': 1, '122': 1, '234': 1, '283': 1, '301': 1, '8': 2, '374': 1, '4': 1, '69': 1, '373': 1, '7': 2, '66': 2, '137': 1, '348': 1, '265': 2, '155': 1, '237': 1, '164': 1, '40': 2, '239': 1, '53': 2, '357': 1, '321': 4, '213': 1, '33': 1, '22': 2, '198': 1, '148': 1, '318': 5, '336': 1, '59': 4, '389': 3, '167': 1, '135': 1, '309': 4, '116': 1, '329': 1, '282': 1, '124': 1, '310': 3, '173': 1, '161': 1, '214': 1, '359': 3, '261': 3, '78': 6, '202': 1, '184': 1, '52': 3, '249': 1, '380': 1, '31': 1, '12': 2, '372': 4, '111': 1, '345': 1, '205': 4, '77': 2, '41': 2, '76': 1, '377': 1, '46': 3, '250': 1, '25': 2, '210': 1, '264': 1, '37': 3, '86': 1, '185': 1, '335': 1, '277': 1, '115': 1, '284': 1, '79': 3, '330': 1, '204': 1, '172': 1, '109': 1, '149': 1, '387': 3, '263': 2, '151': 5, '304': 3, '96': 1, '314': 1, '256': 1, '356': 1, '134': 1, '313': 1, '182': 1, '300': 1, '186': 1, '107': 1, '385': 4, '45': 1, '325': 3, '169': 1, '6': 1, '296': 1, '322': 1, '303': 1, '190': 1, '89': 1, '21': 2, '83': 1, '196': 1, '19': 2, '236': 5, '245': 1, '355': 1, '281': 1, '199': 1, '219': 1, '11': 2, '75': 2, '334': 2, '230': 1, '191': 5, '320': 1, '254': 1, '354': 1, '257': 1, '65': 1, '252': 3, '293': 1, '326': 1, '132': 3, '317': 1, '333': 1, '85': 1, '133': 1, '141': 1, '319': 1, '13': 2, '346': 1, '302': 1, '123': 3, '298': 1, '127': 1, '38': 1, '87': 1, '244': 1, '195': 1, '231': 5, '260': 4, '26': 2, '224': 1, '378': 1, '67': 2, '292': 1, '153': 1, '246': 1, '278': 1, '358': 1, '16': 2, '327': 1, '315': 1, '332': 1, '30': 1, '51': 3, '104': 1, '384': 6, '62': 4, '39': 1, '367': 2, '175': 1, '289': 1, '364': 1, '35': 1, '120': 2, '88': 2, '192': 3, '142': 1, '363': 4, '113': 1, '361': 4, '203': 1, '162': 1, '154': 1, '287': 5, '248': 1, '70': 1, '54': 1, '311': 1, '3': 4, '126': 1, '129': 1, '365': 4, '9': 1, '267': 1, '370': 4, '271': 1, '229': 1, '166': 1, '316': 1, '366': 2, '112': 1, '57': 1, '187': 2, '72': 1, '226': 1, '157': 1, '73': 1, '121': 1, '286': 1, '238': 1, '197': 1, '56': 1, '375': 1, '323': 1, '201': 1, '20': 1, '188': 1, '1': 2, '23': 3, '343': 1, '119': 1, '308': 1, '97': 1, '139': 2, '349': 1, '48': 3, '207': 3, '108': 1, '331': 1, '352': 1, '27': 2, '340': 1, '168': 1, '60': 4, '24': 3, '299': 3, '177': 1, '206': 4, '158': 1, '337': 1, '295': 1, '165': 1, '368': 2, '209': 3, '259': 4, '101': 1, '233': 5, '106': 1, '68': 1, '241': 1, '159': 1, '200': 1, '339': 1, '117': 1, '382': 6, '176': 1, '371': 4, '99': 1, '297': 1, '341': 1, '258': 3, '170': 1, '152': 1, '227': 1, '228': 1, '14': 2, '34': 1, '28': 3, '84': 1, '189': 1, '294': 5, '369': 3, '290': 1, '240': 1, '102': 1, '342': 1, '379': 3, '63': 4, '328': 1, '18': 2, '235': 1, '255': 1, '220': 1, '351': 1, '253': 1, '15': 2, '180': 1}
defaultdict(<class 'list'>, {1: ['36', '179', '105', '262', '288', '285', '280', '110', '163', '150', '80', '64', '118', '98', '211', '130', '291', '100', '114', '131', '193', '178', '350', '103', '312', '344', '307', '181', '81', '136', '128', '247', '279', '140', '183', '347', '160', '5', '305', '386', '171', '156', '58', '223', '212', '49', '388', '251', '225', '221', '222', '90', '55', '194', '174', '147', '338', '122', '234', '283', '301', '374', '4', '69', '373', '137', '348', '155', '237', '164', '239', '357', '213', '33', '198', '148', '336', '167', '135', '116', '329', '282', '124', '173', '161', '214', '202', '184', '249', '380', '31', '111', '345', '76', '377', '250', '210', '264', '86', '185', '335', '277', '115', '284', '330', '204', '172', '109', '149', '96', '314', '256', '356', '134', '313', '182', '300', '186', '107', '45', '169', '6', '296', '322', '303', '190', '89', '83', '196', '245', '355', '281', '199', '219', '230', '320', '254', '354', '257', '65', '293', '326', '317', '333', '85', '133', '141', '319', '346', '302', '298', '127', '38', '87', '244', '195', '224', '378', '292', '153', '246', '278', '358', '327', '315', '332', '30', '104', '39', '175', '289', '364', '35', '142', '113', '203', '162', '154', '248', '70', '54', '311', '126', '129', '9', '267', '271', '229', '166', '316', '112', '57', '72', '226', '157', '73', '121', '286', '238', '197', '56', '375', '323', '201', '20', '188', '343', '119', '308', '97', '349', '108', '331', '352', '340', '168', '177', '158', '337', '295', '165', '101', '106', '68', '241', '159', '200', '339', '117', '176', '99', '297', '341', '170', '152', '227', '228', '34', '84', '189', '290', '240', '102', '342', '328', '235', '255', '220', '351', '253', '180'], 3: ['324', '243', '29', '208', '47', '50', '242', '61', '389', '310', '359', '261', '52', '46', '37', '79', '387', '304', '325', '252', '132', '123', '51', '192', '23', '48', '207', '24', '299', '209', '258', '28', '369', '379'], 2: ['362', '71', '360', '376', '138', '17', '32', '10', '8', '7', '66', '265', '40', '53', '22', '12', '77', '41', '25', '263', '21', '19', '11', '75', '334', '13', '26', '67', '16', '367', '120', '88', '366', '187', '1', '139', '27', '368', '14', '18', '15'], 4: ['2', '321', '59', '309', '372', '205', '385', '260', '62', '363', '361', '3', '365', '370', '60', '206', '259', '371', '63'], 5: ['232', '306', '318', '151', '236', '191', '231', '287', '233', '294'], 6: ['383', '78', '384', '382']})
Train FIDs: 287, Val FIDs: 72
[split] train: 287 FIDs / 1659 tiles | val: 72 FIDs / 388 tiles
[weights] computing class weights...
   background=0.2  Clear-cut bare soil=3.5  Fire scar=36.0  Degradation=11.1  Disorderly Selective logging=3.2  Clear-cut vegetation=62.2  Geometric Selective logging=8.6
epoch 01 | loss 1.420 | mIoU 0.111
epoch 02 | loss 1.092 | mIoU 0.129
epoch 03 | loss 0.890 | mIoU 0.111
epoch 04 | loss 0.752 | mIoU 0.128
epoch 05 | loss 0.702 | mIoU 0.130
    IoU background                     0.470
    IoU Clear-cut bare soil            0.154
    IoU Fire scar                      0.029
    IoU Degradation                    0.035
    IoU Disorderly Selective logging   0.136
    IoU Clear-cut vegetation           0.016
    IoU Geometric Selective logging    0.072
epoch 06 | loss 0.602 | mIoU 0.162
epoch 07 | loss 0.630 | mIoU 0.136
epoch 08 | loss 0.565 | mIoU 0.126
epoch 09 | loss 0.519 | mIoU 0.157
epoch 10 | loss 0.494 | mIoU 0.143
    IoU background                     0.521
    IoU Clear-cut bare soil            0.158
    IoU Fire scar                      0.030
    IoU Degradation                    0.032
    IoU Disorderly Selective logging   0.127
    IoU Clear-cut vegetation           0.018
    IoU Geometric Selective logging    0.114
epoch 11 | loss 0.433 | mIoU 0.171
epoch 12 | loss 0.441 | mIoU 0.157
epoch 13 | loss 0.407 | mIoU 0.171
epoch 14 | loss 0.392 | mIoU 0.168
epoch 15 | loss 0.401 | mIoU 0.145
    IoU background                     0.585
    IoU Clear-cut bare soil            0.151
    IoU Fire scar                      0.038
    IoU Degradation                    0.037
    IoU Disorderly Selective logging   0.073
    IoU Clear-cut vegetation           0.026
    IoU Geometric Selective logging    0.102
epoch 16 | loss 0.397 | mIoU 0.162
epoch 17 | loss 0.359 | mIoU 0.173
epoch 18 | loss 0.345 | mIoU 0.158
epoch 19 | loss 0.377 | mIoU 0.172
epoch 20 | loss 0.325 | mIoU 0.181
    IoU background                     0.652
    IoU Clear-cut bare soil            0.172
    IoU Fire scar                      0.042
    IoU Degradation                    0.041
    IoU Disorderly Selective logging   0.188
    IoU Clear-cut vegetation           0.043
    IoU Geometric Selective logging    0.129
epoch 21 | loss 0.322 | mIoU 0.160
epoch 22 | loss 0.271 | mIoU 0.174
epoch 23 | loss 0.277 | mIoU 0.186
epoch 24 | loss 0.278 | mIoU 0.170
epoch 25 | loss 0.304 | mIoU 0.178
    IoU background                     0.639
    IoU Clear-cut bare soil            0.181
    IoU Fire scar                      0.032
    IoU Degradation                    0.042
    IoU Disorderly Selective logging   0.146
    IoU Clear-cut vegetation           0.040
    IoU Geometric Selective logging    0.166
epoch 26 | loss 0.306 | mIoU 0.164
epoch 27 | loss 0.273 | mIoU 0.158
epoch 28 | loss 0.292 | mIoU 0.171
epoch 29 | loss 0.307 | mIoU 0.167
epoch 30 | loss 0.338 | mIoU 0.190
    IoU background                     0.685
    IoU Clear-cut bare soil            0.185
    IoU Fire scar                      0.045
    IoU Degradation                    0.026
    IoU Disorderly Selective logging   0.123
    IoU Clear-cut vegetation           0.044
    IoU Geometric Selective logging    0.224
epoch 31 | loss 0.292 | mIoU 0.191
epoch 32 | loss 0.273 | mIoU 0.177
epoch 33 | loss 0.314 | mIoU 0.160
epoch 34 | loss 0.253 | mIoU 0.180
epoch 35 | loss 0.238 | mIoU 0.198
    IoU background                     0.685
    IoU Clear-cut bare soil            0.183
    IoU Fire scar                      0.049
    IoU Degradation                    0.043
    IoU Disorderly Selective logging   0.221
    IoU Clear-cut vegetation           0.051
    IoU Geometric Selective logging    0.151
epoch 36 | loss 0.285 | mIoU 0.162
epoch 37 | loss 0.300 | mIoU 0.171
epoch 38 | loss 0.255 | mIoU 0.174
epoch 39 | loss 0.227 | mIoU 0.189
epoch 40 | loss 0.222 | mIoU 0.167
    IoU background                     0.611
    IoU Clear-cut bare soil            0.175
    IoU Fire scar                      0.035
    IoU Degradation                    0.024
    IoU Disorderly Selective logging   0.138
    IoU Clear-cut vegetation           0.048
    IoU Geometric Selective logging    0.142
[done] best mIoU 0.198 -> seg_model_best.pt
Fin: ven. 12 juin 2026 02:33:25 CEST
