Node: sn2 | CPUs: 6 | Start: dim. 05 juil. 2026 21:35:50 CEST
[A] total .npy in joint/: 9558
    checked 300:  bad_shape=0  nan/inf=0  all_zero=0
[forest] dropped background, added 15687 forest px (evt+aft)

[B] RandomForest | 64313 pixels | 346 FIDs | classes=[0, 1, 2, 3, 4, 5, 6]
split loaded from splits/  (test=171 | trainval=175 FIDs)
train+val: 31369 pixels | test: 32944 pixels

class           tr_before   tr_after  te_before   te_after
----------------------------------------------------------
forest               7572       2500       8115       2500
Clear-cut bare soil       7831       2500       8358       2500
Fire scar             918        918        835        835
Degradation          1782       1782       2731       2500
Disorderly Selective logging      12807       2500       4832       2500
Clear-cut vegetation        310        310        266        266
Geometric Selective logging        149        149       7807       2500
----------------------------------------------------------
TOTAL               31369      10659      32944      13601
saved token_distribution.png

after balancing -> 10659 train tokens | 13601 test tokens
accuracy (test): 0.572

                              precision    recall  f1-score   support

                      forest       1.00      1.00      1.00      2500
         Clear-cut bare soil       0.71      0.90      0.79      2500
                   Fire scar       0.83      0.24      0.38       835
                 Degradation       0.44      0.22      0.29      2500
Disorderly Selective logging       0.35      0.88      0.50      2500
        Clear-cut vegetation       0.95      0.27      0.42       266
 Geometric Selective logging       0.92      0.00      0.01      2500

                    accuracy                           0.57     13601
                   macro avg       0.74      0.50      0.48     13601
                weighted avg       0.70      0.57      0.51     13601

[forest] dropped background, added 15687 forest px (evt+aft)
split loaded from splits/  (test=171 | trainval=175 FIDs)

[C] learning curve | RandomForest | max FIDs/class=122 | N schedule=[2, 4, 8, 16, 32, 64, 122] | repeats=3
     N/class  train_px            acc        f1_dist         f1_all
           2      3043   0.512±0.025   0.312±0.014   0.407±0.012
           4      7256   0.520±0.025   0.327±0.043   0.421±0.037
           8     13256   0.538±0.020   0.340±0.040   0.433±0.034
          16     20549   0.546±0.000   0.350±0.010   0.443±0.008
          32     22378   0.557±0.002   0.332±0.010   0.428±0.008
          64     25188   0.553±0.001   0.284±0.006   0.386±0.005
         122     31369   0.544±0.000   0.240±0.000   0.348±0.000
End: dim. 05 juil. 2026 22:18:55 CEST
