Node: sn3 | CPUs: 6 | Start: lun. 29 juin 2026 21:31:39 CEST

[B] LogisticRegression | 419400 pixels | 346 FIDs | classes=[0, 1, 2, 3, 4, 5, 6]
split loaded from splits/  (test=171 | trainval=175 FIDs)
train+val: 206325 pixels | test: 213075 pixels

class             before     after     test
------------------------------------------
background        182528      2500   188246
Clear-cut bare soil      7831      2500     8358
Fire scar            918       918      835
Degradation         1782      1782     2731
Disorderly Selective logging     12807      2500     4832
Clear-cut vegetation       310       310      266
Geometric Selective logging       149       149     7807
------------------------------------------
TOTAL             206325     10659   213075
saved token_distribution.png

after balancing -> 10659 train tokens
accuracy (test): 0.592

                              precision    recall  f1-score   support

                  background       0.97      0.60      0.74    188246
         Clear-cut bare soil       0.21      0.75      0.32      8358
                   Fire scar       0.05      0.71      0.10       835
                 Degradation       0.07      0.33      0.12      2731
Disorderly Selective logging       0.09      0.56      0.15      4832
        Clear-cut vegetation       0.02      0.37      0.04       266
 Geometric Selective logging       0.35      0.37      0.36      7807

                    accuracy                           0.59    213075
                   macro avg       0.25      0.53      0.26    213075
                weighted avg       0.88      0.59      0.69    213075

selected C per class: [0.01 0.01 0.01 0.01 0.01 0.01 0.01]
split loaded from splits/  (test=171 | trainval=175 FIDs)

[C] learning curve | LogisticRegression | max FIDs/class=122 | N schedule=[2, 4, 8, 16, 32, 64, 122] | repeats=3
     N/class  train_px            acc        f1_dist         f1_all
           2     13575   0.795±0.010   0.113±0.009   0.224±0.007
           4     33075   0.739±0.007   0.142±0.020   0.244±0.016
           8     63225   0.722±0.017   0.145±0.006   0.245±0.004
          16     91650   0.728±0.006   0.138±0.006   0.240±0.005
          32    110925   0.715±0.006   0.140±0.004   0.240±0.004
          64    143250   0.709±0.010   0.135±0.006   0.235±0.004
         122    206325   0.707±0.000   0.132±0.000   0.232±0.000
End: mar. 30 juin 2026 00:02:35 CEST
