Node: sn3 | CPUs: 6 | Start: lun. 06 juil. 2026 16:20:09 CEST
[forest] dropped background, added 15687 forest px (evt+aft)

[B] LogisticRegression | 64313 tokens | 346 FIDs | classes=[0, 1, 2, 3, 4, 5, 6]
split loaded from splits/  (test=171 | trainval=175 FIDs)
train+val: 31369 tokens | test: 32944 tokens

class           tr_before   tr_after  te_before   te_after
----------------------------------------------------------
forest               7572       2500       8115       2500
Clear-cut bare soil       7831       2500       8358       2500
Fire scar             918        918        835        835
Degradation          1782       1782       2731       2500
Disorderly Selective logging      12807       2500       4832       2500
Clear-cut vegetation        310        310        266        266
Geometric Selective logging        149        149       7807       2500
----------------------------------------------------------
TOTAL               31369      10659      32944      13601
saved token_distribution.png

after balancing -> 10659 train tokens | 13601 test tokens
accuracy (test): 0.683

                              precision    recall  f1-score   support

                      forest       1.00      1.00      1.00      2500
         Clear-cut bare soil       0.79      0.86      0.82      2500
                   Fire scar       0.68      0.77      0.72       835
                 Degradation       0.53      0.37      0.44      2500
Disorderly Selective logging       0.46      0.74      0.57      2500
        Clear-cut vegetation       0.82      0.74      0.78       266
 Geometric Selective logging       0.73      0.40      0.52      2500

                    accuracy                           0.68     13601
                   macro avg       0.71      0.70      0.69     13601
                weighted avg       0.70      0.68      0.67     13601

selected C: 0.0316228
[forest] dropped background, added 15687 forest px (evt+aft)
split loaded from splits/  (test=171 | trainval=175 FIDs)

[C] learning curve | LogisticRegression | max FIDs/class=122 | N schedule=[2, 4, 8, 16, 32, 64, 122] | repeats=3
     N/class train_tok            acc        f1_dist         f1_all     C_med
           2      1535   0.618±0.030   0.497±0.043   0.569±0.037    0.0316
           4      5089   0.604±0.032   0.509±0.054   0.579±0.046         1
           8     14604   0.626±0.007   0.557±0.006   0.620±0.005         1
          16     20656   0.656±0.005   0.608±0.005   0.664±0.004    0.0316
          32     22211   0.665±0.007   0.615±0.011   0.670±0.009     0.316
          64     25158   0.672±0.005   0.622±0.007   0.676±0.006       0.1
         122     31369   0.678±0.000   0.631±0.000   0.684±0.000    0.0316
End: lun. 06 juil. 2026 16:36:00 CEST
