Node: sn2 | CPUs: 6 | Start: dim. 05 juil. 2026 21:36:20 CEST
[forest] dropped background, added 15687 forest px (evt+aft)

[B] LogisticRegression | 64313 pixels | 346 FIDs | classes=[0, 1, 2, 3, 4, 5, 6]
split loaded from splits/  (test=171 | trainval=175 FIDs)
train+val: 31369 pixels | test: 32944 pixels

class           tr_before   tr_after  te_before   te_after
----------------------------------------------------------
forest               7572       2500       8115       2500
Clear-cut bare soil       7831       2500       8358       2500
Fire scar             918        918        835        835
Degradation          1782       1782       2731       2500
Disorderly Selective logging      12807       2500       4832       2500
Clear-cut vegetation        310        310        266        266
Geometric Selective logging        149        149       7807       2500
----------------------------------------------------------
TOTAL               31369      10659      32944      13601
saved token_distribution.png

after balancing -> 10659 train tokens | 13601 test tokens
accuracy (test): 0.683

                              precision    recall  f1-score   support

                      forest       1.00      1.00      1.00      2500
         Clear-cut bare soil       0.79      0.86      0.82      2500
                   Fire scar       0.68      0.77      0.72       835
                 Degradation       0.53      0.37      0.44      2500
Disorderly Selective logging       0.46      0.74      0.57      2500
        Clear-cut vegetation       0.82      0.74      0.78       266
 Geometric Selective logging       0.73      0.40      0.52      2500

                    accuracy                           0.68     13601
                   macro avg       0.71      0.70      0.69     13601
                weighted avg       0.70      0.68      0.67     13601

selected C per class: [0.03162278 0.03162278 0.03162278 0.03162278 0.03162278 0.03162278
 0.03162278]
[forest] dropped background, added 15687 forest px (evt+aft)
split loaded from splits/  (test=171 | trainval=175 FIDs)

[C] learning curve | LogisticRegression | max FIDs/class=122 | N schedule=[2, 4, 8, 16, 32, 64, 122] | repeats=3
     N/class  train_px            acc        f1_dist         f1_all
           2      5324   0.567±0.025   0.453±0.035   0.531±0.030
           4      8336   0.611±0.034   0.521±0.049   0.589±0.042
           8     16622   0.628±0.021   0.551±0.030   0.615±0.026
          16     20446   0.642±0.001   0.591±0.008   0.649±0.007
          32     22052   0.660±0.007   0.612±0.010   0.668±0.008
          64     25410   0.674±0.004   0.624±0.008   0.677±0.007
         122     31369   0.678±0.000   0.631±0.000   0.684±0.000
End: dim. 05 juil. 2026 21:53:28 CEST
