2026-03-30 17:58:42,785 [INFO] Worker 3: starting with 65 FIDs
2026-03-30 18:01:59,589 [INFO] Worker 3: starting with 65 FIDs
2026-03-30 18:02:01,110 [INFO] Worker 3: FID 91 (1/65)
2026-03-30 18:02:15,321 [INFO] Worker 3: FID 91 done, 12 downloads
2026-03-30 18:02:15,321 [INFO] Worker 3: FID 266 (2/65)
2026-03-30 18:03:00,145 [INFO] Worker 3: FID 266 done, 40 downloads
2026-03-30 18:03:00,145 [INFO] Worker 3: FID 274 (3/65)
2026-03-30 18:03:15,713 [INFO] Worker 3: FID 274 done, 14 downloads
2026-03-30 18:03:15,713 [INFO] Worker 3: FID 143 (4/65)
2026-03-30 18:03:27,327 [INFO] Worker 3: FID 143 done, 12 downloads
2026-03-30 18:03:27,327 [INFO] Worker 3: FID 219 (5/65)
2026-03-30 18:03:41,592 [INFO] Worker 3: FID 219 done, 14 downloads
2026-03-30 18:03:41,592 [INFO] Worker 3: FID 277 (6/65)
2026-03-30 18:04:16,874 [INFO] Worker 3: FID 277 done, 32 downloads
2026-03-30 18:04:16,874 [INFO] Worker 3: FID 154 (7/65)
2026-03-30 18:04:36,190 [INFO] Worker 3: FID 154 done, 18 downloads
2026-03-30 18:04:36,191 [INFO] Worker 3: FID 278 (8/65)
2026-03-30 18:04:46,258 [INFO] Worker 3: FID 278 done, 10 downloads
2026-03-30 18:04:46,258 [INFO] Worker 3: FID 106 (9/65)
2026-03-30 18:04:58,972 [INFO] Worker 3: FID 106 done, 12 downloads
2026-03-30 18:04:58,972 [INFO] Worker 3: FID 295 (10/65)
2026-03-30 18:05:35,260 [INFO] Worker 3: FID 295 done, 36 downloads
2026-03-30 18:05:35,260 [INFO] Worker 3: FID 159 (11/65)
2026-03-30 18:06:22,954 [INFO] Worker 3: FID 159 done, 50 downloads
2026-03-30 18:06:22,954 [INFO] Worker 3: FID 160 (12/65)
2026-03-30 18:06:37,408 [INFO] Worker 3: FID 160 done, 13 downloads
2026-03-30 18:06:37,408 [INFO] Worker 3: FID 243 (13/65)
2026-03-30 18:06:59,490 [INFO] Worker 3: FID 243 done, 22 downloads
2026-03-30 18:06:59,490 [INFO] Worker 3: FID 284 (14/65)
2026-03-30 18:07:22,930 [INFO] Worker 3: FID 284 done, 24 downloads
2026-03-30 18:07:22,930 [INFO] Worker 3: FID 170 (15/65)
2026-03-30 18:07:51,559 [INFO] Worker 3: FID 170 done, 28 downloads
2026-03-30 18:07:51,559 [INFO] Worker 3: FID 237 (16/65)
2026-03-30 18:08:53,442 [INFO] Worker 3: FID 237 done, 60 downloads
2026-03-30 18:08:53,442 [INFO] Worker 3: FID 111 (17/65)
2026-03-30 18:09:16,762 [INFO] Worker 3: FID 111 done, 24 downloads
2026-03-30 18:09:16,763 [INFO] Worker 3: FID 161 (18/65)
2026-03-30 18:09:28,827 [INFO] Worker 3: FID 161 done, 13 downloads
2026-03-30 18:09:28,827 [INFO] Worker 3: FID 286 (19/65)
2026-03-30 18:09:39,732 [INFO] Worker 3: FID 286 done, 11 downloads
2026-03-30 18:09:39,733 [INFO] Worker 3: FID 303 (20/65)
2026-03-30 18:10:05,649 [INFO] Worker 3: FID 303 done, 26 downloads
2026-03-30 18:10:05,649 [INFO] Worker 3: FID 298 (21/65)
2026-03-30 18:11:08,903 [INFO] Worker 3: FID 298 done, 64 downloads
2026-03-30 18:11:08,904 [INFO] Worker 3: FID 177 (22/65)
2026-03-30 18:11:33,740 [INFO] Worker 3: FID 177 done, 26 downloads
2026-03-30 18:11:33,740 [INFO] Worker 3: FID 182 (23/65)
2026-03-30 18:12:07,698 [INFO] Worker 3: FID 182 done, 34 downloads
2026-03-30 18:12:07,699 [INFO] Worker 3: FID 245 (24/65)
2026-03-30 18:12:27,914 [INFO] Worker 3: FID 245 done, 20 downloads
2026-03-30 18:12:27,914 [INFO] Worker 3: FID 247 (25/65)
2026-03-30 18:13:52,040 [INFO] Worker 3: FID 247 done, 80 downloads
2026-03-30 18:13:52,041 [INFO] Worker 3: FID 187 (26/65)
2026-03-30 18:15:02,162 [INFO] Worker 3: FID 187 done, 68 downloads
2026-03-30 18:15:02,162 [INFO] Worker 3: FID 308 (27/65)
2026-03-30 18:15:51,369 [INFO] Worker 3: FID 308 done, 51 downloads
2026-03-30 18:15:51,369 [INFO] Worker 3: FID 192 (28/65)
2026-03-30 18:16:08,847 [INFO] Worker 3: FID 192 done, 17 downloads
2026-03-30 18:16:08,847 [INFO] Worker 3: FID 258 (29/65)
2026-03-30 18:17:15,723 [INFO] Worker 3: FID 258 done, 69 downloads
2026-03-30 18:17:15,723 [INFO] Worker 3: FID 126 (30/65)
2026-03-30 18:18:08,171 [INFO] Worker 3: FID 126 done, 52 downloads
2026-03-30 18:18:08,171 [INFO] Worker 3: FID 206 (31/65)
2026-03-30 18:19:03,194 [INFO] Worker 3: FID 206 done, 56 downloads
2026-03-30 18:19:03,194 [INFO] Worker 3: FID 207 (32/65)
2026-03-30 18:21:01,334 [INFO] Worker 3: FID 207 done, 120 downloads
2026-03-30 18:21:01,334 [INFO] Worker 3: FID 193 (33/65)
2026-03-30 18:22:08,877 [INFO] Worker 3: FID 193 done, 68 downloads
2026-03-30 18:22:08,878 [INFO] Worker 3: FID 202 (34/65)
2026-03-30 18:22:48,200 [INFO] Worker 3: FID 202 done, 40 downloads
2026-03-30 18:22:48,200 [INFO] Worker 3: FID 201 (35/65)
2026-03-30 18:23:16,727 [INFO] Worker 3: FID 201 done, 29 downloads
2026-03-30 18:23:16,728 [INFO] Worker 3: FID 317 (36/65)
2026-03-30 18:24:06,632 [INFO] Worker 3: FID 317 done, 52 downloads
2026-03-30 18:24:06,632 [INFO] Worker 3: FID 356 (37/65)
2026-03-30 18:24:35,838 [INFO] Worker 3: FID 356 done, 27 downloads
2026-03-30 18:24:35,838 [INFO] Worker 3: FID 211 (38/65)
2026-03-30 18:26:56,116 [INFO] Worker 3: FID 211 done, 145 downloads
2026-03-30 18:26:56,116 [INFO] Worker 3: FID 377 (39/65)
2026-03-30 18:27:39,978 [INFO] Worker 3: FID 377 done, 46 downloads
2026-03-30 18:27:39,978 [INFO] Worker 3: FID 135 (40/65)
2026-03-30 18:28:14,281 [INFO] Worker 3: FID 135 done, 32 downloads
2026-03-30 18:28:14,282 [INFO] Worker 3: FID 51 (41/65)
2026-03-30 18:29:24,795 [INFO] Worker 3: FID 51 done, 70 downloads
2026-03-30 18:29:24,795 [INFO] Worker 3: FID 328 (42/65)
2026-03-30 18:30:33,432 [INFO] Worker 3: FID 328 done, 70 downloads
2026-03-30 18:30:33,433 [INFO] Worker 3: FID 339 (43/65)
2026-03-30 18:32:01,490 [INFO] Worker 3: FID 339 done, 90 downloads
2026-03-30 18:32:01,490 [INFO] Worker 3: FID 374 (44/65)
2026-03-30 18:32:36,684 [INFO] Worker 3: FID 374 done, 36 downloads
2026-03-30 18:32:36,685 [INFO] Worker 3: FID 264 (45/65)
2026-03-30 18:34:19,674 [INFO] Worker 3: FID 264 done, 105 downloads
2026-03-30 18:34:19,675 [INFO] Worker 3: FID 372 (46/65)
2026-03-31 08:29:43,697 [INFO] Worker 3: starting with 65 FIDs
2026-03-31 08:29:45,724 [INFO] Worker 3: resumed with 2016 completed
2026-03-31 08:29:45,724 [INFO] Worker 3: FID 91 (1/65)
2026-03-31 08:29:45,756 [INFO] Worker 3: FID 91 done, 0 downloads
2026-03-31 08:29:45,756 [INFO] Worker 3: FID 266 (2/65)
2026-03-31 08:29:45,791 [INFO] Worker 3: FID 266 done, 0 downloads
2026-03-31 08:29:45,791 [INFO] Worker 3: FID 274 (3/65)
2026-03-31 08:29:45,834 [INFO] Worker 3: FID 274 done, 0 downloads
2026-03-31 08:29:45,834 [INFO] Worker 3: FID 143 (4/65)
2026-03-31 08:29:45,870 [INFO] Worker 3: FID 143 done, 0 downloads
2026-03-31 08:29:45,870 [INFO] Worker 3: FID 219 (5/65)
2026-03-31 08:29:45,914 [INFO] Worker 3: FID 219 done, 0 downloads
2026-03-31 08:29:45,914 [INFO] Worker 3: FID 277 (6/65)
2026-03-31 08:29:45,956 [INFO] Worker 3: FID 277 done, 0 downloads
2026-03-31 08:29:45,957 [INFO] Worker 3: FID 154 (7/65)
2026-03-31 08:29:46,029 [INFO] Worker 3: FID 154 done, 0 downloads
2026-03-31 08:29:46,029 [INFO] Worker 3: FID 278 (8/65)
2026-03-31 08:29:46,125 [INFO] Worker 3: FID 278 done, 0 downloads
2026-03-31 08:29:46,125 [INFO] Worker 3: FID 106 (9/65)
2026-03-31 08:29:46,250 [INFO] Worker 3: FID 106 done, 0 downloads
2026-03-31 08:29:46,250 [INFO] Worker 3: FID 295 (10/65)
2026-03-31 08:29:46,439 [INFO] Worker 3: FID 295 done, 0 downloads
2026-03-31 08:29:46,439 [INFO] Worker 3: FID 159 (11/65)
2026-03-31 08:29:46,544 [INFO] Worker 3: FID 159 done, 0 downloads
2026-03-31 08:29:46,544 [INFO] Worker 3: FID 160 (12/65)
2026-03-31 08:29:46,681 [INFO] Worker 3: FID 160 done, 0 downloads
2026-03-31 08:29:46,681 [INFO] Worker 3: FID 243 (13/65)
2026-03-31 08:29:46,796 [INFO] Worker 3: FID 243 done, 0 downloads
2026-03-31 08:29:46,797 [INFO] Worker 3: FID 284 (14/65)
2026-03-31 08:29:46,923 [INFO] Worker 3: FID 284 done, 0 downloads
2026-03-31 08:29:46,923 [INFO] Worker 3: FID 170 (15/65)
2026-03-31 08:29:47,097 [INFO] Worker 3: FID 170 done, 0 downloads
2026-03-31 08:29:47,097 [INFO] Worker 3: FID 237 (16/65)
2026-03-31 08:29:47,308 [INFO] Worker 3: FID 237 done, 0 downloads
2026-03-31 08:29:47,308 [INFO] Worker 3: FID 111 (17/65)
2026-03-31 08:29:47,429 [INFO] Worker 3: FID 111 done, 0 downloads
2026-03-31 08:29:47,429 [INFO] Worker 3: FID 161 (18/65)
2026-03-31 08:29:47,560 [INFO] Worker 3: FID 161 done, 0 downloads
2026-03-31 08:29:47,560 [INFO] Worker 3: FID 286 (19/65)
2026-03-31 08:29:47,665 [INFO] Worker 3: FID 286 done, 0 downloads
2026-03-31 08:29:47,665 [INFO] Worker 3: FID 303 (20/65)
2026-03-31 08:29:47,947 [INFO] Worker 3: FID 303 done, 0 downloads
2026-03-31 08:29:47,947 [INFO] Worker 3: FID 298 (21/65)
2026-03-31 08:29:48,116 [INFO] Worker 3: FID 298 done, 0 downloads
2026-03-31 08:29:48,116 [INFO] Worker 3: FID 177 (22/65)
2026-03-31 08:29:48,255 [INFO] Worker 3: FID 177 done, 0 downloads
2026-03-31 08:29:48,255 [INFO] Worker 3: FID 182 (23/65)
2026-03-31 08:29:48,436 [INFO] Worker 3: FID 182 done, 0 downloads
2026-03-31 08:29:48,436 [INFO] Worker 3: FID 245 (24/65)
2026-03-31 08:29:48,648 [INFO] Worker 3: FID 245 done, 0 downloads
2026-03-31 08:29:48,648 [INFO] Worker 3: FID 247 (25/65)
2026-03-31 08:29:48,867 [INFO] Worker 3: FID 247 done, 0 downloads
2026-03-31 08:29:48,867 [INFO] Worker 3: FID 187 (26/65)
2026-03-31 08:29:49,054 [INFO] Worker 3: FID 187 done, 0 downloads
2026-03-31 08:29:49,054 [INFO] Worker 3: FID 308 (27/65)
2026-03-31 08:29:49,232 [INFO] Worker 3: FID 308 done, 0 downloads
2026-03-31 08:29:49,232 [INFO] Worker 3: FID 192 (28/65)
2026-03-31 08:29:49,413 [INFO] Worker 3: FID 192 done, 0 downloads
2026-03-31 08:29:49,413 [INFO] Worker 3: FID 258 (29/65)
2026-03-31 08:29:49,658 [INFO] Worker 3: FID 258 done, 0 downloads
2026-03-31 08:29:49,658 [INFO] Worker 3: FID 126 (30/65)
2026-03-31 08:29:49,933 [INFO] Worker 3: FID 126 done, 0 downloads
2026-03-31 08:29:49,933 [INFO] Worker 3: FID 206 (31/65)
2026-03-31 08:29:50,228 [INFO] Worker 3: FID 206 done, 0 downloads
2026-03-31 08:29:50,228 [INFO] Worker 3: FID 207 (32/65)
2026-03-31 08:29:50,541 [INFO] Worker 3: FID 207 done, 0 downloads
2026-03-31 08:29:50,541 [INFO] Worker 3: FID 193 (33/65)
2026-03-31 08:29:50,907 [INFO] Worker 3: FID 193 done, 0 downloads
2026-03-31 08:29:50,907 [INFO] Worker 3: FID 202 (34/65)
2026-03-31 08:29:51,331 [INFO] Worker 3: FID 202 done, 0 downloads
2026-03-31 08:29:51,332 [INFO] Worker 3: FID 201 (35/65)
2026-03-31 08:29:51,610 [INFO] Worker 3: FID 201 done, 0 downloads
2026-03-31 08:29:51,610 [INFO] Worker 3: FID 317 (36/65)
2026-03-31 08:29:51,843 [INFO] Worker 3: FID 317 done, 0 downloads
2026-03-31 08:29:51,844 [INFO] Worker 3: FID 356 (37/65)
2026-03-31 08:29:52,084 [INFO] Worker 3: FID 356 done, 0 downloads
2026-03-31 08:29:52,084 [INFO] Worker 3: FID 211 (38/65)
2026-03-31 08:29:52,345 [INFO] Worker 3: FID 211 done, 0 downloads
2026-03-31 08:29:52,345 [INFO] Worker 3: FID 377 (39/65)
2026-03-31 08:29:52,701 [INFO] Worker 3: FID 377 done, 0 downloads
2026-03-31 08:29:52,701 [INFO] Worker 3: FID 135 (40/65)
2026-03-31 08:29:52,952 [INFO] Worker 3: FID 135 done, 0 downloads
2026-03-31 08:29:52,952 [INFO] Worker 3: FID 51 (41/65)
2026-03-31 08:29:53,185 [INFO] Worker 3: FID 51 done, 0 downloads
2026-03-31 08:29:53,185 [INFO] Worker 3: FID 328 (42/65)
2026-03-31 08:29:53,405 [INFO] Worker 3: FID 328 done, 0 downloads
2026-03-31 08:29:53,405 [INFO] Worker 3: FID 339 (43/65)
2026-03-31 08:29:53,593 [INFO] Worker 3: FID 339 done, 0 downloads
2026-03-31 08:29:53,593 [INFO] Worker 3: FID 374 (44/65)
2026-03-31 08:29:53,819 [INFO] Worker 3: FID 374 done, 0 downloads
2026-03-31 08:29:53,819 [INFO] Worker 3: FID 264 (45/65)
2026-03-31 08:29:54,040 [INFO] Worker 3: FID 264 done, 0 downloads
2026-03-31 08:29:54,040 [INFO] Worker 3: FID 372 (46/65)
2026-03-31 08:32:25,413 [INFO] Worker 3: FID 372 done, 138 downloads
2026-03-31 08:32:25,413 [INFO] Worker 3: FID 329 (47/65)
2026-03-31 08:33:06,719 [INFO] Worker 3: FID 329 done, 36 downloads
2026-03-31 08:33:06,719 [INFO] Worker 3: FID 4 (48/65)
2026-03-31 08:34:25,519 [INFO] Worker 3: FID 4 done, 74 downloads
2026-03-31 08:34:25,520 [INFO] Worker 3: FID 136 (49/65)
2026-03-31 08:35:43,676 [INFO] Worker 3: FID 136 done, 72 downloads
2026-03-31 08:35:43,676 [INFO] Worker 3: FID 125 (50/65)
2026-03-31 08:36:51,453 [INFO] Worker 3: FID 125 done, 66 downloads
2026-03-31 08:36:51,453 [INFO] Worker 3: FID 212 (51/65)
2026-03-31 08:38:06,010 [INFO] Worker 3: FID 212 done, 72 downloads
2026-03-31 08:38:06,011 [INFO] Worker 3: FID 381 (52/65)
2026-03-31 08:40:31,195 [INFO] Worker 3: FID 381 done, 140 downloads
2026-03-31 08:40:31,196 [INFO] Worker 3: FID 351 (53/65)
2026-03-31 08:41:49,009 [INFO] Worker 3: FID 351 done, 76 downloads
2026-03-31 08:41:49,009 [INFO] Worker 3: FID 354 (54/65)
2026-03-31 08:42:26,943 [INFO] Worker 3: FID 354 done, 38 downloads
2026-03-31 08:42:26,944 [INFO] Worker 3: FID 366 (55/65)
2026-03-31 08:43:42,110 [INFO] Worker 3: FID 366 done, 74 downloads
2026-03-31 08:43:42,110 [INFO] Worker 3: FID 80 (56/65)
2026-03-31 08:44:16,335 [INFO] Worker 3: FID 80 done, 33 downloads
2026-03-31 08:44:16,335 [INFO] Worker 3: FID 86 (57/65)
2026-03-31 08:46:27,715 [INFO] Worker 3: FID 86 done, 132 downloads
2026-03-31 08:46:27,716 [INFO] Worker 3: FID 347 (58/65)
2026-03-31 08:47:40,795 [INFO] Worker 3: FID 347 done, 72 downloads
2026-03-31 08:47:40,795 [INFO] Worker 3: FID 29 (59/65)
2026-03-31 08:51:38,191 [INFO] Worker 3: FID 29 done, 240 downloads
2026-03-31 08:51:38,191 [INFO] Worker 3: FID 62 (60/65)
2026-03-31 08:59:20,289 [INFO] Worker 3: FID 62 done, 468 downloads
2026-03-31 08:59:20,290 [INFO] Worker 3: FID 11 (61/65)
2026-03-31 09:00:43,369 [INFO] Worker 3: FID 11 done, 82 downloads
2026-03-31 09:00:43,370 [INFO] Worker 3: FID 19 (62/65)
2026-03-31 09:05:55,038 [INFO] Worker 3: FID 19 done, 315 downloads
2026-03-31 09:05:55,039 [INFO] Worker 3: FID 23 (63/65)
2026-03-31 09:06:37,967 [INFO] Worker 3: FID 23 done, 42 downloads
2026-03-31 09:06:37,967 [INFO] Worker 3: FID 63 (64/65)
2026-03-31 09:09:54,732 [INFO] Worker 3: FID 63 done, 200 downloads
2026-03-31 09:09:54,732 [INFO] Worker 3: FID 43 (65/65)
2026-03-31 09:12:52,125 [INFO] Worker 3: FID 43 done, 176 downloads
2026-03-31 09:12:52,133 [INFO] Worker 3: finished. 4562 total completed.
2026-04-10 22:32:40,964 [INFO] Worker 3: starting with 4 FIDs, products: ['s2_l2a', 's2_l1c', 's1_grd', 's1_rtc']
2026-04-10 22:32:43,007 [INFO] Worker 3: FID 78 (1/4)
2026-04-10 22:36:03,870 [WARNING] GEE error (attempt 1/5): Image.load: Image asset 'COPERNICUS/S1_RTC/S1A_IW_GRDH_1SDV_20230906T094918_20230906T094943_050205_060AF4_C05C' not found (does not exist or caller does not have access).
2026-04-10 22:36:06,444 [WARNING] GEE error (attempt 2/5): Image.load: Image asset 'COPERNICUS/S1_RTC/S1A_IW_GRDH_1SDV_20230906T094918_20230906T094943_050205_060AF4_C05C' not found (does not exist or caller does not have access).
2026-04-10 22:36:10,631 [WARNING] GEE error (attempt 3/5): Image.load: Image asset 'COPERNICUS/S1_RTC/S1A_IW_GRDH_1SDV_20230906T094918_20230906T094943_050205_060AF4_C05C' not found (does not exist or caller does not have access).
2026-04-10 22:36:19,122 [WARNING] GEE error (attempt 4/5): Image.load: Image asset 'COPERNICUS/S1_RTC/S1A_IW_GRDH_1SDV_20230906T094918_20230906T094943_050205_060AF4_C05C' not found (does not exist or caller does not have access).
2026-04-10 22:36:35,287 [WARNING] GEE error (attempt 5/5): Image.load: Image asset 'COPERNICUS/S1_RTC/S1A_IW_GRDH_1SDV_20230906T094918_20230906T094943_050205_060AF4_C05C' not found (does not exist or caller does not have access).
2026-04-10 22:37:07,287 [ERROR] Failed after 5 attempts: /share/home/e2406749/thesis_tiles/s1_rtc/fid_78/evt/S1A_IW_GRDH_1SDV_20230906T094918_20230906T094943_050205_060AF4_C05C/tile_0.tif
2026-04-10 22:37:09,932 [WARNING] GEE error (attempt 1/5): Image.load: Image asset 'COPERNICUS/S1_RTC/S1A_IW_GRDH_1SDV_20230109T094911_20230109T094936_046705_05993A_671C' not found (does not exist or caller does not have access).
2026-04-10 22:37:12,154 [WARNING] GEE error (attempt 2/5): Image.load: Image asset 'COPERNICUS/S1_RTC/S1A_IW_GRDH_1SDV_20230109T094911_20230109T094936_046705_05993A_671C' not found (does not exist or caller does not have access).
2026-04-10 22:37:16,421 [WARNING] GEE error (attempt 3/5): Image.load: Image asset 'COPERNICUS/S1_RTC/S1A_IW_GRDH_1SDV_20230109T094911_20230109T094936_046705_05993A_671C' not found (does not exist or caller does not have access).
2026-04-10 22:37:24,638 [WARNING] GEE error (attempt 4/5): Image.load: Image asset 'COPERNICUS/S1_RTC/S1A_IW_GRDH_1SDV_20230109T094911_20230109T094936_046705_05993A_671C' not found (does not exist or caller does not have access).
2026-04-10 22:37:40,806 [WARNING] GEE error (attempt 5/5): Image.load: Image asset 'COPERNICUS/S1_RTC/S1A_IW_GRDH_1SDV_20230109T094911_20230109T094936_046705_05993A_671C' not found (does not exist or caller does not have access).
2026-04-10 22:38:12,806 [ERROR] Failed after 5 attempts: /share/home/e2406749/thesis_tiles/s1_rtc/fid_78/bef/S1A_IW_GRDH_1SDV_20230109T094911_20230109T094936_046705_05993A_671C/tile_0.tif
2026-04-10 22:38:15,128 [WARNING] GEE error (attempt 1/5): Image.load: Image asset 'COPERNICUS/S1_RTC/S1A_IW_GRDH_1SDV_20230121T094910_20230121T094935_046880_059F24_ED7C' not found (does not exist or caller does not have access).
2026-04-10 22:38:17,323 [WARNING] GEE error (attempt 2/5): Image.load: Image asset 'COPERNICUS/S1_RTC/S1A_IW_GRDH_1SDV_20230121T094910_20230121T094935_046880_059F24_ED7C' not found (does not exist or caller does not have access).
2026-04-10 22:38:21,512 [WARNING] GEE error (attempt 3/5): Image.load: Image asset 'COPERNICUS/S1_RTC/S1A_IW_GRDH_1SDV_20230121T094910_20230121T094935_046880_059F24_ED7C' not found (does not exist or caller does not have access).
2026-04-10 22:38:29,666 [WARNING] GEE error (attempt 4/5): Image.load: Image asset 'COPERNICUS/S1_RTC/S1A_IW_GRDH_1SDV_20230121T094910_20230121T094935_046880_059F24_ED7C' not found (does not exist or caller does not have access).
2026-04-10 22:38:46,010 [WARNING] GEE error (attempt 5/5): Image.load: Image asset 'COPERNICUS/S1_RTC/S1A_IW_GRDH_1SDV_20230121T094910_20230121T094935_046880_059F24_ED7C' not found (does not exist or caller does not have access).
2026-04-10 22:39:18,010 [ERROR] Failed after 5 attempts: /share/home/e2406749/thesis_tiles/s1_rtc/fid_78/bef/S1A_IW_GRDH_1SDV_20230121T094910_20230121T094935_046880_059F24_ED7C/tile_0.tif
2026-04-10 22:39:20,542 [WARNING] GEE error (attempt 1/5): Image.load: Image asset 'COPERNICUS/S1_RTC/S1A_IW_GRDH_1SDV_20230214T094910_20230214T094935_047230_05AAD4_E27D' not found (does not exist or caller does not have access).
2026-04-10 22:39:22,771 [WARNING] GEE error (attempt 2/5): Image.load: Image asset 'COPERNICUS/S1_RTC/S1A_IW_GRDH_1SDV_20230214T094910_20230214T094935_047230_05AAD4_E27D' not found (does not exist or caller does not have access).
2026-04-10 22:39:27,548 [WARNING] GEE error (attempt 3/5): Image.load: Image asset 'COPERNICUS/S1_RTC/S1A_IW_GRDH_1SDV_20230214T094910_20230214T094935_047230_05AAD4_E27D' not found (does not exist or caller does not have access).
2026-04-10 22:39:35,741 [WARNING] GEE error (attempt 4/5): Image.load: Image asset 'COPERNICUS/S1_RTC/S1A_IW_GRDH_1SDV_20230214T094910_20230214T094935_047230_05AAD4_E27D' not found (does not exist or caller does not have access).
2026-04-10 22:39:51,916 [WARNING] GEE error (attempt 5/5): Image.load: Image asset 'COPERNICUS/S1_RTC/S1A_IW_GRDH_1SDV_20230214T094910_20230214T094935_047230_05AAD4_E27D' not found (does not exist or caller does not have access).
2026-04-10 22:56:24,143 [INFO] Worker 3: starting with 4 FIDs, products: ['s2_l2a', 's2_l1c', 's1_grd']
2026-04-10 22:56:25,685 [INFO] Worker 3: resumed with 13052 completed
2026-04-10 22:56:25,685 [INFO] Worker 3: FID 78 (1/4)
2026-04-10 22:56:25,728 [INFO] Worker 3: FID 78 done, 92 downloads
2026-04-10 22:56:25,757 [INFO] Worker 3: FID 228 (2/4)
2026-04-10 22:58:07,270 [INFO] Worker 3: FID 228 done, 40 downloads
2026-04-10 22:58:07,298 [INFO] Worker 3: FID 327 (3/4)
2026-04-10 23:00:24,754 [INFO] Worker 3: FID 327 done, 55 downloads
2026-04-10 23:00:24,783 [INFO] Worker 3: FID 142 (4/4)
2026-04-10 23:00:46,743 [INFO] Worker 3: FID 142 done, 9 downloads
2026-04-10 23:00:46,790 [INFO] Worker 3: finished. 13248 total completed.
