2026-03-30 17:58:42,778 [INFO] Worker 2: starting with 65 FIDs
2026-03-30 18:01:59,588 [INFO] Worker 2: starting with 65 FIDs
2026-03-30 18:02:01,632 [INFO] Worker 2: FID 141 (1/65)
2026-03-30 18:02:13,970 [INFO] Worker 2: FID 141 done, 9 downloads
2026-03-30 18:02:13,970 [INFO] Worker 2: FID 271 (2/65)
2026-03-30 18:02:28,279 [INFO] Worker 2: FID 271 done, 12 downloads
2026-03-30 18:02:28,280 [INFO] Worker 2: FID 273 (3/65)
2026-03-30 18:02:41,184 [INFO] Worker 2: FID 273 done, 10 downloads
2026-03-30 18:02:41,185 [INFO] Worker 2: FID 95 (4/65)
2026-03-30 18:02:53,279 [INFO] Worker 2: FID 95 done, 10 downloads
2026-03-30 18:02:53,279 [INFO] Worker 2: FID 147 (5/65)
2026-03-30 18:03:01,368 [INFO] Worker 2: FID 147 done, 7 downloads
2026-03-30 18:03:01,368 [INFO] Worker 2: FID 223 (6/65)
2026-03-30 18:03:24,337 [INFO] Worker 2: FID 223 done, 22 downloads
2026-03-30 18:03:24,337 [INFO] Worker 2: FID 152 (7/65)
2026-03-30 18:03:37,982 [INFO] Worker 2: FID 152 done, 12 downloads
2026-03-30 18:03:37,982 [INFO] Worker 2: FID 226 (8/65)
2026-03-30 18:04:00,509 [INFO] Worker 2: FID 226 done, 20 downloads
2026-03-30 18:04:00,510 [INFO] Worker 2: FID 221 (9/65)
2026-03-30 18:04:32,449 [INFO] Worker 2: FID 221 done, 28 downloads
2026-03-30 18:04:32,449 [INFO] Worker 2: FID 294 (10/65)
2026-03-30 18:04:47,812 [INFO] Worker 2: FID 294 done, 12 downloads
2026-03-30 18:04:47,812 [INFO] Worker 2: FID 158 (11/65)
2026-03-30 18:05:44,248 [INFO] Worker 2: FID 158 done, 55 downloads
2026-03-30 18:05:44,248 [INFO] Worker 2: FID 157 (12/65)
2026-03-30 18:06:11,396 [INFO] Worker 2: FID 157 done, 28 downloads
2026-03-30 18:06:11,397 [INFO] Worker 2: FID 227 (13/65)
2026-03-30 18:06:56,074 [INFO] Worker 2: FID 227 done, 44 downloads
2026-03-30 18:06:56,074 [INFO] Worker 2: FID 285 (14/65)
2026-03-30 18:07:28,816 [INFO] Worker 2: FID 285 done, 33 downloads
2026-03-30 18:07:28,816 [INFO] Worker 2: FID 110 (15/65)
2026-03-30 18:07:59,482 [INFO] Worker 2: FID 110 done, 28 downloads
2026-03-30 18:07:59,482 [INFO] Worker 2: FID 236 (16/65)
2026-03-30 18:08:30,060 [INFO] Worker 2: FID 236 done, 32 downloads
2026-03-30 18:08:30,060 [INFO] Worker 2: FID 109 (17/65)
2026-03-30 18:08:55,617 [INFO] Worker 2: FID 109 done, 26 downloads
2026-03-30 18:08:55,618 [INFO] Worker 2: FID 162 (18/65)
2026-03-30 18:09:35,963 [INFO] Worker 2: FID 162 done, 45 downloads
2026-03-30 18:09:35,963 [INFO] Worker 2: FID 168 (19/65)
2026-03-30 18:10:24,283 [INFO] Worker 2: FID 168 done, 48 downloads
2026-03-30 18:10:24,283 [INFO] Worker 2: FID 184 (20/65)
2026-03-30 18:10:44,223 [INFO] Worker 2: FID 184 done, 20 downloads
2026-03-30 18:10:44,224 [INFO] Worker 2: FID 181 (21/65)
2026-03-30 18:11:17,006 [INFO] Worker 2: FID 181 done, 34 downloads
2026-03-30 18:11:17,006 [INFO] Worker 2: FID 240 (22/65)
2026-03-30 18:11:45,923 [INFO] Worker 2: FID 240 done, 30 downloads
2026-03-30 18:11:45,923 [INFO] Worker 2: FID 115 (23/65)
2026-03-30 18:12:33,429 [INFO] Worker 2: FID 115 done, 48 downloads
2026-03-30 18:12:33,429 [INFO] Worker 2: FID 116 (24/65)
2026-03-30 18:12:53,407 [INFO] Worker 2: FID 116 done, 20 downloads
2026-03-30 18:12:53,407 [INFO] Worker 2: FID 186 (25/65)
2026-03-30 18:14:23,924 [INFO] Worker 2: FID 186 done, 88 downloads
2026-03-30 18:14:23,925 [INFO] Worker 2: FID 121 (26/65)
2026-03-30 18:14:57,848 [INFO] Worker 2: FID 121 done, 34 downloads
2026-03-30 18:14:57,849 [INFO] Worker 2: FID 307 (27/65)
2026-03-30 18:15:48,135 [INFO] Worker 2: FID 307 done, 51 downloads
2026-03-30 18:15:48,135 [INFO] Worker 2: FID 191 (28/65)
2026-03-30 18:16:40,985 [INFO] Worker 2: FID 191 done, 54 downloads
2026-03-30 18:16:40,985 [INFO] Worker 2: FID 122 (29/65)
2026-03-30 18:16:59,085 [INFO] Worker 2: FID 122 done, 18 downloads
2026-03-30 18:16:59,085 [INFO] Worker 2: FID 254 (30/65)
2026-03-30 18:17:21,808 [INFO] Worker 2: FID 254 done, 23 downloads
2026-03-30 18:17:21,808 [INFO] Worker 2: FID 312 (31/65)
2026-03-30 18:18:14,569 [INFO] Worker 2: FID 312 done, 52 downloads
2026-03-30 18:18:14,569 [INFO] Worker 2: FID 322 (32/65)
2026-03-30 18:18:52,624 [INFO] Worker 2: FID 322 done, 37 downloads
2026-03-30 18:18:52,624 [INFO] Worker 2: FID 209 (33/65)
2026-03-30 18:19:49,237 [INFO] Worker 2: FID 209 done, 56 downloads
2026-03-30 18:19:49,237 [INFO] Worker 2: FID 310 (34/65)
2026-03-30 18:20:25,900 [INFO] Worker 2: FID 310 done, 36 downloads
2026-03-30 18:20:25,900 [INFO] Worker 2: FID 200 (35/65)
2026-03-30 18:20:50,617 [INFO] Worker 2: FID 200 done, 24 downloads
2026-03-30 18:20:50,617 [INFO] Worker 2: FID 129 (36/65)
2026-03-30 18:21:48,249 [INFO] Worker 2: FID 129 done, 58 downloads
2026-03-30 18:21:48,249 [INFO] Worker 2: FID 340 (37/65)
2026-03-30 18:23:29,186 [INFO] Worker 2: FID 340 done, 102 downloads
2026-03-30 18:23:29,187 [INFO] Worker 2: FID 134 (38/65)
2026-03-30 18:25:25,988 [INFO] Worker 2: FID 134 done, 116 downloads
2026-03-30 18:25:25,989 [INFO] Worker 2: FID 335 (39/65)
2026-03-30 18:26:20,831 [INFO] Worker 2: FID 335 done, 56 downloads
2026-03-30 18:26:20,832 [INFO] Worker 2: FID 326 (40/65)
2026-03-30 18:26:52,540 [INFO] Worker 2: FID 326 done, 33 downloads
2026-03-30 18:26:52,540 [INFO] Worker 2: FID 50 (41/65)
2026-03-30 18:27:56,988 [INFO] Worker 2: FID 50 done, 64 downloads
2026-03-30 18:27:56,989 [INFO] Worker 2: FID 263 (42/65)
2026-03-30 18:28:31,908 [INFO] Worker 2: FID 263 done, 35 downloads
2026-03-30 18:28:31,908 [INFO] Worker 2: FID 49 (43/65)
2026-03-30 18:29:41,802 [INFO] Worker 2: FID 49 done, 70 downloads
2026-03-30 18:29:41,802 [INFO] Worker 2: FID 338 (44/65)
2026-03-30 18:31:14,629 [INFO] Worker 2: FID 338 done, 93 downloads
2026-03-30 18:31:14,629 [INFO] Worker 2: FID 139 (45/65)
2026-03-30 18:32:23,837 [INFO] Worker 2: FID 139 done, 70 downloads
2026-03-30 18:32:23,838 [INFO] Worker 2: FID 370 (46/65)
2026-03-30 18:35:01,742 [INFO] Worker 2: FID 370 done, 160 downloads
2026-03-30 18:35:01,743 [INFO] Worker 2: FID 72 (47/65)
2026-03-31 08:29:43,696 [INFO] Worker 2: starting with 65 FIDs
2026-03-31 08:29:46,074 [INFO] Worker 2: resumed with 2003 completed
2026-03-31 08:29:46,074 [INFO] Worker 2: FID 141 (1/65)
2026-03-31 08:29:46,114 [INFO] Worker 2: FID 141 done, 0 downloads
2026-03-31 08:29:46,114 [INFO] Worker 2: FID 271 (2/65)
2026-03-31 08:29:46,144 [INFO] Worker 2: FID 271 done, 0 downloads
2026-03-31 08:29:46,144 [INFO] Worker 2: FID 273 (3/65)
2026-03-31 08:29:46,199 [INFO] Worker 2: FID 273 done, 0 downloads
2026-03-31 08:29:46,199 [INFO] Worker 2: FID 95 (4/65)
2026-03-31 08:29:46,250 [INFO] Worker 2: FID 95 done, 0 downloads
2026-03-31 08:29:46,250 [INFO] Worker 2: FID 147 (5/65)
2026-03-31 08:29:46,318 [INFO] Worker 2: FID 147 done, 0 downloads
2026-03-31 08:29:46,318 [INFO] Worker 2: FID 223 (6/65)
2026-03-31 08:29:46,439 [INFO] Worker 2: FID 223 done, 0 downloads
2026-03-31 08:29:46,439 [INFO] Worker 2: FID 152 (7/65)
2026-03-31 08:29:46,502 [INFO] Worker 2: FID 152 done, 0 downloads
2026-03-31 08:29:46,502 [INFO] Worker 2: FID 226 (8/65)
2026-03-31 08:29:46,607 [INFO] Worker 2: FID 226 done, 0 downloads
2026-03-31 08:29:46,607 [INFO] Worker 2: FID 221 (9/65)
2026-03-31 08:29:46,680 [INFO] Worker 2: FID 221 done, 0 downloads
2026-03-31 08:29:46,680 [INFO] Worker 2: FID 294 (10/65)
2026-03-31 08:29:46,807 [INFO] Worker 2: FID 294 done, 0 downloads
2026-03-31 08:29:46,807 [INFO] Worker 2: FID 158 (11/65)
2026-03-31 08:29:46,923 [INFO] Worker 2: FID 158 done, 0 downloads
2026-03-31 08:29:46,923 [INFO] Worker 2: FID 157 (12/65)
2026-03-31 08:29:47,065 [INFO] Worker 2: FID 157 done, 0 downloads
2026-03-31 08:29:47,065 [INFO] Worker 2: FID 227 (13/65)
2026-03-31 08:29:47,182 [INFO] Worker 2: FID 227 done, 0 downloads
2026-03-31 08:29:47,182 [INFO] Worker 2: FID 285 (14/65)
2026-03-31 08:29:47,298 [INFO] Worker 2: FID 285 done, 0 downloads
2026-03-31 08:29:47,298 [INFO] Worker 2: FID 110 (15/65)
2026-03-31 08:29:47,439 [INFO] Worker 2: FID 110 done, 0 downloads
2026-03-31 08:29:47,439 [INFO] Worker 2: FID 236 (16/65)
2026-03-31 08:29:47,640 [INFO] Worker 2: FID 236 done, 0 downloads
2026-03-31 08:29:47,640 [INFO] Worker 2: FID 109 (17/65)
2026-03-31 08:29:47,777 [INFO] Worker 2: FID 109 done, 0 downloads
2026-03-31 08:29:47,778 [INFO] Worker 2: FID 162 (18/65)
2026-03-31 08:29:47,936 [INFO] Worker 2: FID 162 done, 0 downloads
2026-03-31 08:29:47,937 [INFO] Worker 2: FID 168 (19/65)
2026-03-31 08:29:48,063 [INFO] Worker 2: FID 168 done, 0 downloads
2026-03-31 08:29:48,063 [INFO] Worker 2: FID 184 (20/65)
2026-03-31 08:29:48,275 [INFO] Worker 2: FID 184 done, 0 downloads
2026-03-31 08:29:48,275 [INFO] Worker 2: FID 181 (21/65)
2026-03-31 08:29:48,457 [INFO] Worker 2: FID 181 done, 0 downloads
2026-03-31 08:29:48,457 [INFO] Worker 2: FID 240 (22/65)
2026-03-31 08:29:48,617 [INFO] Worker 2: FID 240 done, 0 downloads
2026-03-31 08:29:48,617 [INFO] Worker 2: FID 115 (23/65)
2026-03-31 08:29:48,782 [INFO] Worker 2: FID 115 done, 0 downloads
2026-03-31 08:29:48,783 [INFO] Worker 2: FID 116 (24/65)
2026-03-31 08:29:48,984 [INFO] Worker 2: FID 116 done, 0 downloads
2026-03-31 08:29:48,984 [INFO] Worker 2: FID 186 (25/65)
2026-03-31 08:29:49,222 [INFO] Worker 2: FID 186 done, 0 downloads
2026-03-31 08:29:49,222 [INFO] Worker 2: FID 121 (26/65)
2026-03-31 08:29:49,402 [INFO] Worker 2: FID 121 done, 0 downloads
2026-03-31 08:29:49,402 [INFO] Worker 2: FID 307 (27/65)
2026-03-31 08:29:49,584 [INFO] Worker 2: FID 307 done, 0 downloads
2026-03-31 08:29:49,584 [INFO] Worker 2: FID 191 (28/65)
2026-03-31 08:29:49,774 [INFO] Worker 2: FID 191 done, 0 downloads
2026-03-31 08:29:49,775 [INFO] Worker 2: FID 122 (29/65)
2026-03-31 08:29:49,965 [INFO] Worker 2: FID 122 done, 0 downloads
2026-03-31 08:29:49,965 [INFO] Worker 2: FID 254 (30/65)
2026-03-31 08:29:50,204 [INFO] Worker 2: FID 254 done, 0 downloads
2026-03-31 08:29:50,204 [INFO] Worker 2: FID 312 (31/65)
2026-03-31 08:29:50,478 [INFO] Worker 2: FID 312 done, 0 downloads
2026-03-31 08:29:50,478 [INFO] Worker 2: FID 322 (32/65)
2026-03-31 08:29:50,864 [INFO] Worker 2: FID 322 done, 0 downloads
2026-03-31 08:29:50,864 [INFO] Worker 2: FID 209 (33/65)
2026-03-31 08:29:51,160 [INFO] Worker 2: FID 209 done, 0 downloads
2026-03-31 08:29:51,160 [INFO] Worker 2: FID 310 (34/65)
2026-03-31 08:29:51,342 [INFO] Worker 2: FID 310 done, 0 downloads
2026-03-31 08:29:51,342 [INFO] Worker 2: FID 200 (35/65)
2026-03-31 08:29:51,573 [INFO] Worker 2: FID 200 done, 0 downloads
2026-03-31 08:29:51,573 [INFO] Worker 2: FID 129 (36/65)
2026-03-31 08:29:51,834 [INFO] Worker 2: FID 129 done, 0 downloads
2026-03-31 08:29:51,834 [INFO] Worker 2: FID 340 (37/65)
2026-03-31 08:29:52,136 [INFO] Worker 2: FID 340 done, 0 downloads
2026-03-31 08:29:52,136 [INFO] Worker 2: FID 134 (38/65)
2026-03-31 08:29:52,381 [INFO] Worker 2: FID 134 done, 0 downloads
2026-03-31 08:29:52,381 [INFO] Worker 2: FID 335 (39/65)
2026-03-31 08:29:52,600 [INFO] Worker 2: FID 335 done, 0 downloads
2026-03-31 08:29:52,600 [INFO] Worker 2: FID 326 (40/65)
2026-03-31 08:29:52,854 [INFO] Worker 2: FID 326 done, 0 downloads
2026-03-31 08:29:52,854 [INFO] Worker 2: FID 50 (41/65)
2026-03-31 08:29:53,083 [INFO] Worker 2: FID 50 done, 0 downloads
2026-03-31 08:29:53,083 [INFO] Worker 2: FID 263 (42/65)
2026-03-31 08:29:53,303 [INFO] Worker 2: FID 263 done, 0 downloads
2026-03-31 08:29:53,303 [INFO] Worker 2: FID 49 (43/65)
2026-03-31 08:29:53,524 [INFO] Worker 2: FID 49 done, 0 downloads
2026-03-31 08:29:53,524 [INFO] Worker 2: FID 338 (44/65)
2026-03-31 08:29:53,718 [INFO] Worker 2: FID 338 done, 0 downloads
2026-03-31 08:29:53,718 [INFO] Worker 2: FID 139 (45/65)
2026-03-31 08:29:53,939 [INFO] Worker 2: FID 139 done, 0 downloads
2026-03-31 08:29:53,939 [INFO] Worker 2: FID 370 (46/65)
2026-03-31 08:29:54,137 [INFO] Worker 2: FID 370 done, 0 downloads
2026-03-31 08:29:54,137 [INFO] Worker 2: FID 72 (47/65)
2026-03-31 08:31:01,155 [INFO] Worker 2: FID 72 done, 68 downloads
2026-03-31 08:31:01,155 [INFO] Worker 2: FID 379 (48/65)
2026-03-31 08:32:13,232 [INFO] Worker 2: FID 379 done, 64 downloads
2026-03-31 08:32:13,232 [INFO] Worker 2: FID 389 (49/65)
2026-03-31 08:32:53,427 [INFO] Worker 2: FID 389 done, 37 downloads
2026-03-31 08:32:53,427 [INFO] Worker 2: FID 384 (50/65)
2026-03-31 08:41:06,093 [INFO] Worker 2: FID 384 done, 473 downloads
2026-03-31 08:41:06,093 [INFO] Worker 2: FID 75 (51/65)
2026-03-31 08:42:45,484 [INFO] Worker 2: FID 75 done, 99 downloads
2026-03-31 08:42:45,485 [INFO] Worker 2: FID 380 (52/65)
2026-03-31 08:44:40,212 [INFO] Worker 2: FID 380 done, 112 downloads
2026-03-31 08:44:40,213 [INFO] Worker 2: FID 333 (53/65)
2026-03-31 08:46:03,889 [INFO] Worker 2: FID 333 done, 82 downloads
2026-03-31 08:46:03,889 [INFO] Worker 2: FID 6 (54/65)
2026-03-31 08:47:55,658 [INFO] Worker 2: FID 6 done, 111 downloads
2026-03-31 08:47:55,658 [INFO] Worker 2: FID 362 (55/65)
2026-03-31 08:50:14,638 [INFO] Worker 2: FID 362 done, 140 downloads
2026-03-31 08:50:14,638 [INFO] Worker 2: FID 365 (56/65)
2026-03-31 08:53:01,008 [INFO] Worker 2: FID 365 done, 170 downloads
2026-03-31 08:53:01,009 [INFO] Worker 2: FID 84 (57/65)
2026-03-31 08:54:38,045 [INFO] Worker 2: FID 84 done, 99 downloads
2026-03-31 08:54:38,046 [INFO] Worker 2: FID 346 (58/65)
2026-03-31 08:55:14,190 [INFO] Worker 2: FID 346 done, 34 downloads
2026-03-31 08:55:14,191 [INFO] Worker 2: FID 28 (59/65)
2026-03-31 08:57:55,821 [INFO] Worker 2: FID 28 done, 164 downloads
2026-03-31 08:57:55,821 [INFO] Worker 2: FID 33 (60/65)
2026-03-31 08:59:54,369 [INFO] Worker 2: FID 33 done, 120 downloads
2026-03-31 08:59:54,371 [INFO] Worker 2: FID 355 (61/65)
2026-03-31 09:01:07,319 [INFO] Worker 2: FID 355 done, 74 downloads
2026-03-31 09:01:07,319 [INFO] Worker 2: FID 18 (62/65)
2026-03-31 09:02:16,871 [INFO] Worker 2: FID 18 done, 72 downloads
2026-03-31 09:02:16,871 [INFO] Worker 2: FID 22 (63/65)
2026-03-31 09:03:40,012 [INFO] Worker 2: FID 22 done, 82 downloads
2026-03-31 09:03:40,012 [INFO] Worker 2: FID 334 (64/65)
2026-03-31 09:04:19,598 [INFO] Worker 2: FID 334 done, 39 downloads
2026-03-31 09:04:19,598 [INFO] Worker 2: FID 42 (65/65)
2026-03-31 09:05:07,709 [INFO] Worker 2: FID 42 done, 47 downloads
2026-03-31 09:05:07,715 [INFO] Worker 2: finished. 4090 total completed.
2026-04-10 22:32:40,964 [INFO] Worker 2: starting with 5 FIDs, products: ['s2_l2a', 's2_l1c', 's1_grd', 's1_rtc']
2026-04-10 22:32:42,744 [INFO] Worker 2: FID 143 (1/5)
2026-04-10 22:32:58,201 [WARNING] GEE error (attempt 1/5): Image.load: Image asset 'COPERNICUS/S1_RTC/S1A_IW_GRDH_1SDV_20230310T094935_20230310T095000_047580_05B6BD_B228' not found (does not exist or caller does not have access).
2026-04-10 22:33:00,417 [WARNING] GEE error (attempt 2/5): Image.load: Image asset 'COPERNICUS/S1_RTC/S1A_IW_GRDH_1SDV_20230310T094935_20230310T095000_047580_05B6BD_B228' not found (does not exist or caller does not have access).
2026-04-10 22:33:05,235 [WARNING] GEE error (attempt 3/5): Image.load: Image asset 'COPERNICUS/S1_RTC/S1A_IW_GRDH_1SDV_20230310T094935_20230310T095000_047580_05B6BD_B228' not found (does not exist or caller does not have access).
2026-04-10 22:33:13,472 [WARNING] GEE error (attempt 4/5): Image.load: Image asset 'COPERNICUS/S1_RTC/S1A_IW_GRDH_1SDV_20230310T094935_20230310T095000_047580_05B6BD_B228' not found (does not exist or caller does not have access).
2026-04-10 22:33:30,277 [WARNING] GEE error (attempt 5/5): Image.load: Image asset 'COPERNICUS/S1_RTC/S1A_IW_GRDH_1SDV_20230310T094935_20230310T095000_047580_05B6BD_B228' not found (does not exist or caller does not have access).
2026-04-10 22:34:02,278 [ERROR] Failed after 5 attempts: /share/home/e2406749/thesis_tiles/s1_rtc/fid_143/evt/S1A_IW_GRDH_1SDV_20230310T094935_20230310T095000_047580_05B6BD_B228/tile_0.tif
2026-04-10 22:34:04,900 [WARNING] GEE error (attempt 1/5): Image.load: Image asset 'COPERNICUS/S1_RTC/S1A_IW_GRDH_1SDV_20230109T094936_20230109T095001_046705_05993A_763B' not found (does not exist or caller does not have access).
2026-04-10 22:34:07,621 [WARNING] GEE error (attempt 2/5): Image.load: Image asset 'COPERNICUS/S1_RTC/S1A_IW_GRDH_1SDV_20230109T094936_20230109T095001_046705_05993A_763B' not found (does not exist or caller does not have access).
2026-04-10 22:34:11,799 [WARNING] GEE error (attempt 3/5): Image.load: Image asset 'COPERNICUS/S1_RTC/S1A_IW_GRDH_1SDV_20230109T094936_20230109T095001_046705_05993A_763B' not found (does not exist or caller does not have access).
2026-04-10 22:34:19,967 [WARNING] GEE error (attempt 4/5): Image.load: Image asset 'COPERNICUS/S1_RTC/S1A_IW_GRDH_1SDV_20230109T094936_20230109T095001_046705_05993A_763B' not found (does not exist or caller does not have access).
2026-04-10 22:34:36,190 [WARNING] GEE error (attempt 5/5): Image.load: Image asset 'COPERNICUS/S1_RTC/S1A_IW_GRDH_1SDV_20230109T094936_20230109T095001_046705_05993A_763B' not found (does not exist or caller does not have access).
2026-04-10 22:35:08,191 [ERROR] Failed after 5 attempts: /share/home/e2406749/thesis_tiles/s1_rtc/fid_143/bef/S1A_IW_GRDH_1SDV_20230109T094936_20230109T095001_046705_05993A_763B/tile_0.tif
2026-04-10 22:35:10,431 [WARNING] GEE error (attempt 1/5): Image.load: Image asset 'COPERNICUS/S1_RTC/S1A_IW_GRDH_1SDV_20230121T094935_20230121T095000_046880_059F24_7A3A' not found (does not exist or caller does not have access).
2026-04-10 22:35:12,612 [WARNING] GEE error (attempt 2/5): Image.load: Image asset 'COPERNICUS/S1_RTC/S1A_IW_GRDH_1SDV_20230121T094935_20230121T095000_046880_059F24_7A3A' not found (does not exist or caller does not have access).
2026-04-10 22:35:16,798 [WARNING] GEE error (attempt 3/5): Image.load: Image asset 'COPERNICUS/S1_RTC/S1A_IW_GRDH_1SDV_20230121T094935_20230121T095000_046880_059F24_7A3A' not found (does not exist or caller does not have access).
2026-04-10 22:35:25,042 [WARNING] GEE error (attempt 4/5): Image.load: Image asset 'COPERNICUS/S1_RTC/S1A_IW_GRDH_1SDV_20230121T094935_20230121T095000_046880_059F24_7A3A' not found (does not exist or caller does not have access).
2026-04-10 22:35:41,272 [WARNING] GEE error (attempt 5/5): Image.load: Image asset 'COPERNICUS/S1_RTC/S1A_IW_GRDH_1SDV_20230121T094935_20230121T095000_046880_059F24_7A3A' not found (does not exist or caller does not have access).
2026-04-10 22:36:13,272 [ERROR] Failed after 5 attempts: /share/home/e2406749/thesis_tiles/s1_rtc/fid_143/bef/S1A_IW_GRDH_1SDV_20230121T094935_20230121T095000_046880_059F24_7A3A/tile_0.tif
2026-04-10 22:36:15,320 [WARNING] GEE error (attempt 1/5): Image.load: Image asset 'COPERNICUS/S1_RTC/S1A_IW_GRDH_1SDV_20230214T094935_20230214T095000_047230_05AAD4_443E' not found (does not exist or caller does not have access).
2026-04-10 22:36:17,514 [WARNING] GEE error (attempt 2/5): Image.load: Image asset 'COPERNICUS/S1_RTC/S1A_IW_GRDH_1SDV_20230214T094935_20230214T095000_047230_05AAD4_443E' not found (does not exist or caller does not have access).
2026-04-10 22:36:21,695 [WARNING] GEE error (attempt 3/5): Image.load: Image asset 'COPERNICUS/S1_RTC/S1A_IW_GRDH_1SDV_20230214T094935_20230214T095000_047230_05AAD4_443E' not found (does not exist or caller does not have access).
2026-04-10 22:36:30,438 [WARNING] GEE error (attempt 4/5): Image.load: Image asset 'COPERNICUS/S1_RTC/S1A_IW_GRDH_1SDV_20230214T094935_20230214T095000_047230_05AAD4_443E' not found (does not exist or caller does not have access).
2026-04-10 22:36:46,657 [WARNING] GEE error (attempt 5/5): Image.load: Image asset 'COPERNICUS/S1_RTC/S1A_IW_GRDH_1SDV_20230214T094935_20230214T095000_047230_05AAD4_443E' not found (does not exist or caller does not have access).
2026-04-10 22:37:18,657 [ERROR] Failed after 5 attempts: /share/home/e2406749/thesis_tiles/s1_rtc/fid_143/bef/S1A_IW_GRDH_1SDV_20230214T094935_20230214T095000_047230_05AAD4_443E/tile_0.tif
2026-04-10 22:37:20,886 [WARNING] GEE error (attempt 1/5): Image.load: Image asset 'COPERNICUS/S1_RTC/S1A_IW_GRDH_1SDV_20230226T094935_20230226T095000_047405_05B0D3_E8BA' not found (does not exist or caller does not have access).
2026-04-10 22:37:23,674 [WARNING] GEE error (attempt 2/5): Image.load: Image asset 'COPERNICUS/S1_RTC/S1A_IW_GRDH_1SDV_20230226T094935_20230226T095000_047405_05B0D3_E8BA' not found (does not exist or caller does not have access).
2026-04-10 22:37:28,371 [WARNING] GEE error (attempt 3/5): Image.load: Image asset 'COPERNICUS/S1_RTC/S1A_IW_GRDH_1SDV_20230226T094935_20230226T095000_047405_05B0D3_E8BA' not found (does not exist or caller does not have access).
2026-04-10 22:37:36,556 [WARNING] GEE error (attempt 4/5): Image.load: Image asset 'COPERNICUS/S1_RTC/S1A_IW_GRDH_1SDV_20230226T094935_20230226T095000_047405_05B0D3_E8BA' not found (does not exist or caller does not have access).
2026-04-10 22:37:53,308 [WARNING] GEE error (attempt 5/5): Image.load: Image asset 'COPERNICUS/S1_RTC/S1A_IW_GRDH_1SDV_20230226T094935_20230226T095000_047405_05B0D3_E8BA' not found (does not exist or caller does not have access).
2026-04-10 22:38:25,309 [ERROR] Failed after 5 attempts: /share/home/e2406749/thesis_tiles/s1_rtc/fid_143/bef/S1A_IW_GRDH_1SDV_20230226T094935_20230226T095000_047405_05B0D3_E8BA/tile_0.tif
2026-04-10 22:38:25,309 [INFO] Worker 2: FID 143 done, 9 downloads
2026-04-10 22:38:25,311 [INFO] Worker 2: FID 195 (2/5)
2026-04-10 22:39:30,891 [WARNING] GEE error (attempt 1/5): Image.load: Image asset 'COPERNICUS/S1_RTC/S1A_IW_GRDH_1SDV_20230708T094940_20230708T095005_049330_05EE9A_BD21' not found (does not exist or caller does not have access).
2026-04-10 22:39:33,135 [WARNING] GEE error (attempt 2/5): Image.load: Image asset 'COPERNICUS/S1_RTC/S1A_IW_GRDH_1SDV_20230708T094940_20230708T095005_049330_05EE9A_BD21' not found (does not exist or caller does not have access).
2026-04-10 22:39:37,318 [WARNING] GEE error (attempt 3/5): Image.load: Image asset 'COPERNICUS/S1_RTC/S1A_IW_GRDH_1SDV_20230708T094940_20230708T095005_049330_05EE9A_BD21' not found (does not exist or caller does not have access).
2026-04-10 22:39:45,556 [WARNING] GEE error (attempt 4/5): Image.load: Image asset 'COPERNICUS/S1_RTC/S1A_IW_GRDH_1SDV_20230708T094940_20230708T095005_049330_05EE9A_BD21' not found (does not exist or caller does not have access).
2026-04-10 22:40:01,781 [WARNING] GEE error (attempt 5/5): Image.load: Image asset 'COPERNICUS/S1_RTC/S1A_IW_GRDH_1SDV_20230708T094940_20230708T095005_049330_05EE9A_BD21' not found (does not exist or caller does not have access).
2026-04-10 22:56:24,143 [INFO] Worker 2: starting with 5 FIDs, products: ['s2_l2a', 's2_l1c', 's1_grd']
2026-04-10 22:56:26,470 [INFO] Worker 2: resumed with 9 completed
2026-04-10 22:56:26,470 [INFO] Worker 2: FID 143 (1/5)
2026-04-10 22:56:26,474 [INFO] Worker 2: FID 143 done, 0 downloads
2026-04-10 22:56:26,476 [INFO] Worker 2: FID 195 (2/5)
2026-04-10 22:58:10,527 [INFO] Worker 2: FID 195 done, 40 downloads
2026-04-10 22:58:10,529 [INFO] Worker 2: FID 122 (3/5)
2026-04-10 22:59:52,139 [INFO] Worker 2: FID 122 done, 42 downloads
2026-04-10 22:59:52,141 [INFO] Worker 2: FID 11 (4/5)
2026-04-10 23:03:03,242 [INFO] Worker 2: FID 11 done, 78 downloads
2026-04-10 23:03:03,244 [INFO] Worker 2: FID 161 (5/5)
2026-04-10 23:04:19,031 [INFO] Worker 2: FID 161 done, 31 downloads
2026-04-10 23:04:19,034 [INFO] Worker 2: finished. 200 total completed.
