2026-03-30 17:58:42,793 [INFO] Worker 4: starting with 65 FIDs
2026-03-30 18:01:59,593 [INFO] Worker 4: starting with 65 FIDs
2026-03-30 18:02:01,247 [INFO] Worker 4: FID 268 (1/65)
2026-03-30 18:02:16,865 [INFO] Worker 4: FID 268 done, 12 downloads
2026-03-30 18:02:16,866 [INFO] Worker 4: FID 272 (2/65)
2026-03-30 18:02:23,259 [INFO] Worker 4: FID 272 done, 5 downloads
2026-03-30 18:02:23,259 [INFO] Worker 4: FID 94 (3/65)
2026-03-30 18:02:34,693 [INFO] Worker 4: FID 94 done, 10 downloads
2026-03-30 18:02:34,693 [INFO] Worker 4: FID 144 (4/65)
2026-03-30 18:02:40,560 [INFO] Worker 4: FID 144 done, 5 downloads
2026-03-30 18:02:40,561 [INFO] Worker 4: FID 242 (5/65)
2026-03-30 18:02:46,654 [INFO] Worker 4: FID 242 done, 6 downloads
2026-03-30 18:02:46,654 [INFO] Worker 4: FID 220 (6/65)
2026-03-30 18:03:07,925 [INFO] Worker 4: FID 220 done, 21 downloads
2026-03-30 18:03:07,925 [INFO] Worker 4: FID 98 (7/65)
2026-03-30 18:03:28,454 [INFO] Worker 4: FID 98 done, 18 downloads
2026-03-30 18:03:28,454 [INFO] Worker 4: FID 279 (8/65)
2026-03-30 18:04:10,079 [INFO] Worker 4: FID 279 done, 40 downloads
2026-03-30 18:04:10,079 [INFO] Worker 4: FID 231 (9/65)
2026-03-30 18:04:51,717 [INFO] Worker 4: FID 231 done, 40 downloads
2026-03-30 18:04:51,717 [INFO] Worker 4: FID 99 (10/65)
2026-03-30 18:05:08,326 [INFO] Worker 4: FID 99 done, 16 downloads
2026-03-30 18:05:08,326 [INFO] Worker 4: FID 228 (11/65)
2026-03-30 18:05:42,044 [INFO] Worker 4: FID 228 done, 33 downloads
2026-03-30 18:05:42,045 [INFO] Worker 4: FID 230 (12/65)
2026-03-30 18:06:04,638 [INFO] Worker 4: FID 230 done, 22 downloads
2026-03-30 18:06:04,638 [INFO] Worker 4: FID 101 (13/65)
2026-03-30 18:06:15,678 [INFO] Worker 4: FID 101 done, 11 downloads
2026-03-30 18:06:15,678 [INFO] Worker 4: FID 169 (14/65)
2026-03-30 18:06:37,460 [INFO] Worker 4: FID 169 done, 22 downloads
2026-03-30 18:06:37,460 [INFO] Worker 4: FID 172 (15/65)
2026-03-30 18:07:39,351 [INFO] Worker 4: FID 172 done, 60 downloads
2026-03-30 18:07:39,351 [INFO] Worker 4: FID 173 (16/65)
2026-03-30 18:08:05,598 [INFO] Worker 4: FID 173 done, 28 downloads
2026-03-30 18:08:05,598 [INFO] Worker 4: FID 171 (17/65)
2026-03-30 18:08:15,575 [INFO] Worker 4: FID 171 done, 10 downloads
2026-03-30 18:08:15,575 [INFO] Worker 4: FID 104 (18/65)
2026-03-30 18:08:59,322 [INFO] Worker 4: FID 104 done, 44 downloads
2026-03-30 18:08:59,323 [INFO] Worker 4: FID 164 (19/65)
2026-03-30 18:09:23,884 [INFO] Worker 4: FID 164 done, 24 downloads
2026-03-30 18:09:23,885 [INFO] Worker 4: FID 296 (20/65)
2026-03-30 18:09:40,511 [INFO] Worker 4: FID 296 done, 17 downloads
2026-03-30 18:09:40,512 [INFO] Worker 4: FID 299 (21/65)
2026-03-30 18:10:14,019 [INFO] Worker 4: FID 299 done, 34 downloads
2026-03-30 18:10:14,019 [INFO] Worker 4: FID 178 (22/65)
2026-03-30 18:11:13,039 [INFO] Worker 4: FID 178 done, 60 downloads
2026-03-30 18:11:13,039 [INFO] Worker 4: FID 183 (23/65)
2026-03-30 18:12:00,790 [INFO] Worker 4: FID 183 done, 60 downloads
2026-03-30 18:12:00,791 [INFO] Worker 4: FID 246 (24/65)
2026-03-30 18:12:38,184 [INFO] Worker 4: FID 246 done, 38 downloads
2026-03-30 18:12:38,185 [INFO] Worker 4: FID 249 (25/65)
2026-03-30 18:13:41,284 [INFO] Worker 4: FID 249 done, 60 downloads
2026-03-30 18:13:41,285 [INFO] Worker 4: FID 248 (26/65)
2026-03-30 18:14:17,753 [INFO] Worker 4: FID 248 done, 38 downloads
2026-03-30 18:14:17,754 [INFO] Worker 4: FID 189 (27/65)
2026-03-30 18:15:01,275 [INFO] Worker 4: FID 189 done, 42 downloads
2026-03-30 18:15:01,276 [INFO] Worker 4: FID 261 (28/65)
2026-03-30 18:15:30,025 [INFO] Worker 4: FID 261 done, 28 downloads
2026-03-30 18:15:30,025 [INFO] Worker 4: FID 311 (29/65)
2026-03-30 18:16:16,597 [INFO] Worker 4: FID 311 done, 46 downloads
2026-03-30 18:16:16,597 [INFO] Worker 4: FID 198 (30/65)
2026-03-30 18:16:41,841 [INFO] Worker 4: FID 198 done, 26 downloads
2026-03-30 18:16:41,841 [INFO] Worker 4: FID 205 (31/65)
2026-03-30 18:17:10,154 [INFO] Worker 4: FID 205 done, 27 downloads
2026-03-30 18:17:10,154 [INFO] Worker 4: FID 208 (32/65)
2026-03-30 18:18:08,534 [INFO] Worker 4: FID 208 done, 60 downloads
2026-03-30 18:18:08,534 [INFO] Worker 4: FID 194 (33/65)
2026-03-30 18:20:05,500 [INFO] Worker 4: FID 194 done, 116 downloads
2026-03-30 18:20:05,500 [INFO] Worker 4: FID 204 (34/65)
2026-03-30 18:20:44,824 [INFO] Worker 4: FID 204 done, 40 downloads
2026-03-30 18:20:44,824 [INFO] Worker 4: FID 203 (35/65)
2026-03-30 18:21:40,642 [INFO] Worker 4: FID 203 done, 58 downloads
2026-03-30 18:21:40,643 [INFO] Worker 4: FID 318 (36/65)
2026-03-30 18:22:38,042 [INFO] Worker 4: FID 318 done, 58 downloads
2026-03-30 18:22:38,042 [INFO] Worker 4: FID 210 (37/65)
2026-03-30 18:23:33,179 [INFO] Worker 4: FID 210 done, 54 downloads
2026-03-30 18:23:33,179 [INFO] Worker 4: FID 327 (38/65)
2026-03-30 18:25:34,294 [INFO] Worker 4: FID 327 done, 124 downloads
2026-03-30 18:25:34,295 [INFO] Worker 4: FID 378 (39/65)
2026-03-30 18:27:07,385 [INFO] Worker 4: FID 378 done, 94 downloads
2026-03-30 18:27:07,385 [INFO] Worker 4: FID 57 (40/65)
2026-03-30 18:28:17,723 [INFO] Worker 4: FID 57 done, 70 downloads
2026-03-30 18:28:17,723 [INFO] Worker 4: FID 52 (41/65)
2026-03-30 18:29:52,137 [INFO] Worker 4: FID 52 done, 96 downloads
2026-03-30 18:29:52,137 [INFO] Worker 4: FID 341 (42/65)
2026-03-30 18:31:00,018 [INFO] Worker 4: FID 341 done, 70 downloads
2026-03-30 18:31:00,018 [INFO] Worker 4: FID 45 (43/65)
2026-03-30 18:32:07,564 [INFO] Worker 4: FID 45 done, 68 downloads
2026-03-30 18:32:07,564 [INFO] Worker 4: FID 66 (44/65)
2026-03-30 18:33:19,985 [INFO] Worker 4: FID 66 done, 72 downloads
2026-03-30 18:33:19,985 [INFO] Worker 4: FID 350 (45/65)
2026-03-30 18:35:02,730 [INFO] Worker 4: FID 350 done, 105 downloads
2026-03-30 18:35:02,730 [INFO] Worker 4: FID 65 (46/65)
2026-03-31 08:29:43,698 [INFO] Worker 4: starting with 65 FIDs
2026-03-31 08:29:45,950 [INFO] Worker 4: resumed with 2024 completed
2026-03-31 08:29:45,950 [INFO] Worker 4: FID 268 (1/65)
2026-03-31 08:29:45,980 [INFO] Worker 4: FID 268 done, 0 downloads
2026-03-31 08:29:45,980 [INFO] Worker 4: FID 272 (2/65)
2026-03-31 08:29:46,020 [INFO] Worker 4: FID 272 done, 0 downloads
2026-03-31 08:29:46,020 [INFO] Worker 4: FID 94 (3/65)
2026-03-31 08:29:46,065 [INFO] Worker 4: FID 94 done, 0 downloads
2026-03-31 08:29:46,065 [INFO] Worker 4: FID 144 (4/65)
2026-03-31 08:29:46,114 [INFO] Worker 4: FID 144 done, 0 downloads
2026-03-31 08:29:46,114 [INFO] Worker 4: FID 242 (5/65)
2026-03-31 08:29:46,177 [INFO] Worker 4: FID 242 done, 0 downloads
2026-03-31 08:29:46,177 [INFO] Worker 4: FID 220 (6/65)
2026-03-31 08:29:46,250 [INFO] Worker 4: FID 220 done, 0 downloads
2026-03-31 08:29:46,250 [INFO] Worker 4: FID 98 (7/65)
2026-03-31 08:29:46,344 [INFO] Worker 4: FID 98 done, 0 downloads
2026-03-31 08:29:46,344 [INFO] Worker 4: FID 279 (8/65)
2026-03-31 08:29:46,449 [INFO] Worker 4: FID 279 done, 0 downloads
2026-03-31 08:29:46,449 [INFO] Worker 4: FID 231 (9/65)
2026-03-31 08:29:46,555 [INFO] Worker 4: FID 231 done, 0 downloads
2026-03-31 08:29:46,555 [INFO] Worker 4: FID 99 (10/65)
2026-03-31 08:29:46,639 [INFO] Worker 4: FID 99 done, 0 downloads
2026-03-31 08:29:46,639 [INFO] Worker 4: FID 228 (11/65)
2026-03-31 08:29:46,755 [INFO] Worker 4: FID 228 done, 0 downloads
2026-03-31 08:29:46,755 [INFO] Worker 4: FID 230 (12/65)
2026-03-31 08:29:46,869 [INFO] Worker 4: FID 230 done, 0 downloads
2026-03-31 08:29:46,869 [INFO] Worker 4: FID 101 (13/65)
2026-03-31 08:29:46,985 [INFO] Worker 4: FID 101 done, 0 downloads
2026-03-31 08:29:46,985 [INFO] Worker 4: FID 169 (14/65)
2026-03-31 08:29:47,097 [INFO] Worker 4: FID 169 done, 0 downloads
2026-03-31 08:29:47,097 [INFO] Worker 4: FID 172 (15/65)
2026-03-31 08:29:47,257 [INFO] Worker 4: FID 172 done, 0 downloads
2026-03-31 08:29:47,257 [INFO] Worker 4: FID 173 (16/65)
2026-03-31 08:29:47,403 [INFO] Worker 4: FID 173 done, 0 downloads
2026-03-31 08:29:47,403 [INFO] Worker 4: FID 171 (17/65)
2026-03-31 08:29:47,503 [INFO] Worker 4: FID 171 done, 0 downloads
2026-03-31 08:29:47,503 [INFO] Worker 4: FID 104 (18/65)
2026-03-31 08:29:47,651 [INFO] Worker 4: FID 104 done, 0 downloads
2026-03-31 08:29:47,651 [INFO] Worker 4: FID 164 (19/65)
2026-03-31 08:29:47,777 [INFO] Worker 4: FID 164 done, 0 downloads
2026-03-31 08:29:47,777 [INFO] Worker 4: FID 296 (20/65)
2026-03-31 08:29:47,958 [INFO] Worker 4: FID 296 done, 0 downloads
2026-03-31 08:29:47,958 [INFO] Worker 4: FID 299 (21/65)
2026-03-31 08:29:48,137 [INFO] Worker 4: FID 299 done, 0 downloads
2026-03-31 08:29:48,138 [INFO] Worker 4: FID 178 (22/65)
2026-03-31 08:29:48,297 [INFO] Worker 4: FID 178 done, 0 downloads
2026-03-31 08:29:48,297 [INFO] Worker 4: FID 183 (23/65)
2026-03-31 08:29:48,617 [INFO] Worker 4: FID 183 done, 0 downloads
2026-03-31 08:29:48,617 [INFO] Worker 4: FID 246 (24/65)
2026-03-31 08:29:48,814 [INFO] Worker 4: FID 246 done, 0 downloads
2026-03-31 08:29:48,814 [INFO] Worker 4: FID 249 (25/65)
2026-03-31 08:29:49,023 [INFO] Worker 4: FID 249 done, 0 downloads
2026-03-31 08:29:49,023 [INFO] Worker 4: FID 248 (26/65)
2026-03-31 08:29:49,215 [INFO] Worker 4: FID 248 done, 0 downloads
2026-03-31 08:29:49,215 [INFO] Worker 4: FID 189 (27/65)
2026-03-31 08:29:49,445 [INFO] Worker 4: FID 189 done, 0 downloads
2026-03-31 08:29:49,445 [INFO] Worker 4: FID 261 (28/65)
2026-03-31 08:29:49,742 [INFO] Worker 4: FID 261 done, 0 downloads
2026-03-31 08:29:49,742 [INFO] Worker 4: FID 311 (29/65)
2026-03-31 08:29:49,986 [INFO] Worker 4: FID 311 done, 0 downloads
2026-03-31 08:29:49,986 [INFO] Worker 4: FID 198 (30/65)
2026-03-31 08:29:50,259 [INFO] Worker 4: FID 198 done, 0 downloads
2026-03-31 08:29:50,259 [INFO] Worker 4: FID 205 (31/65)
2026-03-31 08:29:50,541 [INFO] Worker 4: FID 205 done, 0 downloads
2026-03-31 08:29:50,541 [INFO] Worker 4: FID 208 (32/65)
2026-03-31 08:29:50,855 [INFO] Worker 4: FID 208 done, 0 downloads
2026-03-31 08:29:50,855 [INFO] Worker 4: FID 194 (33/65)
2026-03-31 08:29:51,160 [INFO] Worker 4: FID 194 done, 0 downloads
2026-03-31 08:29:51,160 [INFO] Worker 4: FID 204 (34/65)
2026-03-31 08:29:51,551 [INFO] Worker 4: FID 204 done, 0 downloads
2026-03-31 08:29:51,551 [INFO] Worker 4: FID 203 (35/65)
2026-03-31 08:29:51,816 [INFO] Worker 4: FID 203 done, 0 downloads
2026-03-31 08:29:51,816 [INFO] Worker 4: FID 318 (36/65)
2026-03-31 08:29:52,074 [INFO] Worker 4: FID 318 done, 0 downloads
2026-03-31 08:29:52,074 [INFO] Worker 4: FID 210 (37/65)
2026-03-31 08:29:52,314 [INFO] Worker 4: FID 210 done, 0 downloads
2026-03-31 08:29:52,314 [INFO] Worker 4: FID 327 (38/65)
2026-03-31 08:29:52,554 [INFO] Worker 4: FID 327 done, 0 downloads
2026-03-31 08:29:52,554 [INFO] Worker 4: FID 378 (39/65)
2026-03-31 08:29:52,913 [INFO] Worker 4: FID 378 done, 0 downloads
2026-03-31 08:29:52,913 [INFO] Worker 4: FID 57 (40/65)
2026-03-31 08:29:53,147 [INFO] Worker 4: FID 57 done, 0 downloads
2026-03-31 08:29:53,147 [INFO] Worker 4: FID 52 (41/65)
2026-03-31 08:29:53,347 [INFO] Worker 4: FID 52 done, 0 downloads
2026-03-31 08:29:53,347 [INFO] Worker 4: FID 341 (42/65)
2026-03-31 08:29:53,568 [INFO] Worker 4: FID 341 done, 0 downloads
2026-03-31 08:29:53,568 [INFO] Worker 4: FID 45 (43/65)
2026-03-31 08:29:53,781 [INFO] Worker 4: FID 45 done, 0 downloads
2026-03-31 08:29:53,781 [INFO] Worker 4: FID 66 (44/65)
2026-03-31 08:29:54,008 [INFO] Worker 4: FID 66 done, 0 downloads
2026-03-31 08:29:54,008 [INFO] Worker 4: FID 350 (45/65)
2026-03-31 08:29:54,207 [INFO] Worker 4: FID 350 done, 0 downloads
2026-03-31 08:29:54,207 [INFO] Worker 4: FID 65 (46/65)
2026-03-31 08:31:50,211 [INFO] Worker 4: FID 65 done, 120 downloads
2026-03-31 08:31:50,212 [INFO] Worker 4: FID 331 (47/65)
2026-03-31 08:33:10,755 [INFO] Worker 4: FID 331 done, 72 downloads
2026-03-31 08:33:10,755 [INFO] Worker 4: FID 5 (48/65)
2026-03-31 08:34:31,886 [INFO] Worker 4: FID 5 done, 74 downloads
2026-03-31 08:34:31,886 [INFO] Worker 4: FID 59 (49/65)
2026-03-31 08:38:26,633 [INFO] Worker 4: FID 59 done, 231 downloads
2026-03-31 08:38:26,633 [INFO] Worker 4: FID 64 (50/65)
2026-03-31 08:39:48,536 [INFO] Worker 4: FID 64 done, 74 downloads
2026-03-31 08:39:48,536 [INFO] Worker 4: FID 79 (51/65)
2026-03-31 08:42:30,161 [INFO] Worker 4: FID 79 done, 165 downloads
2026-03-31 08:42:30,162 [INFO] Worker 4: FID 359 (52/65)
2026-03-31 08:43:03,184 [INFO] Worker 4: FID 359 done, 34 downloads
2026-03-31 08:43:03,184 [INFO] Worker 4: FID 352 (53/65)
2026-03-31 08:43:46,308 [INFO] Worker 4: FID 352 done, 41 downloads
2026-03-31 08:43:46,308 [INFO] Worker 4: FID 9 (54/65)
2026-03-31 08:44:57,033 [INFO] Worker 4: FID 9 done, 70 downloads
2026-03-31 08:44:57,033 [INFO] Worker 4: FID 367 (55/65)
2026-03-31 08:46:06,516 [INFO] Worker 4: FID 367 done, 70 downloads
2026-03-31 08:46:06,516 [INFO] Worker 4: FID 83 (56/65)
2026-03-31 08:47:53,545 [INFO] Worker 4: FID 83 done, 106 downloads
2026-03-31 08:47:53,546 [INFO] Worker 4: FID 87 (57/65)
2026-03-31 08:48:26,035 [INFO] Worker 4: FID 87 done, 33 downloads
2026-03-31 08:48:26,035 [INFO] Worker 4: FID 89 (58/65)
2026-03-31 08:49:05,013 [INFO] Worker 4: FID 89 done, 38 downloads
2026-03-31 08:49:05,013 [INFO] Worker 4: FID 61 (59/65)
2026-03-31 08:50:28,582 [INFO] Worker 4: FID 61 done, 84 downloads
2026-03-31 08:50:28,582 [INFO] Worker 4: FID 35 (60/65)
2026-03-31 08:51:55,489 [INFO] Worker 4: FID 35 done, 88 downloads
2026-03-31 08:51:55,490 [INFO] Worker 4: FID 14 (61/65)
2026-03-31 08:52:35,417 [INFO] Worker 4: FID 14 done, 39 downloads
2026-03-31 08:52:35,418 [INFO] Worker 4: FID 37 (62/65)
2026-03-31 08:56:36,282 [INFO] Worker 4: FID 37 done, 240 downloads
2026-03-31 08:56:36,282 [INFO] Worker 4: FID 24 (63/65)
2026-03-31 08:57:15,117 [INFO] Worker 4: FID 24 done, 39 downloads
2026-03-31 08:57:15,117 [INFO] Worker 4: FID 39 (64/65)
2026-03-31 08:58:50,164 [INFO] Worker 4: FID 39 done, 92 downloads
2026-03-31 08:58:50,164 [INFO] Worker 4: FID 44 (65/65)
2026-03-31 09:01:08,864 [INFO] Worker 4: FID 44 done, 136 downloads
2026-03-31 09:01:08,871 [INFO] Worker 4: finished. 3870 total completed.
