Nodo: sn1 | GPU: 0 | Inicio: ven. 26 juin 2026 10:01:00 CEST
[filter] restricting to 41 FIDs from /share/castor/home/e2406749/tropical_forest_disturbance/data_csv/sample_10pct_stratified.txt
[device] cuda
[csv] v1_images_s2_s1.csv
[ok joint] fid=270 bef -> 1 new .npy in /share/castor/home/e2406749/tropical_forest_disturbance/embeddings/joint/fid_270/bef/20230214T142711_20230214T143425_T20LNR__S1A_IW_GRDH_1SDV_20230214T094935_20230214T095000_047230_05AAD4_443E
[ok joint] fid=93 bef -> 3 new .npy in /share/castor/home/e2406749/tropical_forest_disturbance/embeddings/joint/fid_93/bef/20230214T142711_20230214T143425_T20LNR__S1A_IW_GRDH_1SDV_20230214T094935_20230214T095000_047230_05AAD4_443E
[ok joint] fid=271 evt -> 4 new .npy in /share/castor/home/e2406749/tropical_forest_disturbance/embeddings/joint/fid_271/evt/20230301T142709_20230301T142737_T20LNR__S1A_IW_GRDH_1SDV_20230226T094935_20230226T095000_047405_05B0D3_E8BA
[ok joint] fid=23 bef -> 1 new .npy in /share/castor/home/e2406749/tropical_forest_disturbance/embeddings/joint/fid_23/bef/20230709T142719_20230709T142938_T20LNR__S1A_IW_GRDH_1SDV_20230708T094940_20230708T095005_049330_05EE9A_BD21
[ok joint] fid=23 bef -> 1 new .npy in /share/castor/home/e2406749/tropical_forest_disturbance/embeddings/joint/fid_23/bef/20230719T142719_20230719T142939_T20LNR__S1A_IW_GRDH_1SDV_20230720T094940_20230720T095005_049505_05F3ED_61B1
[ok joint] fid=23 bef -> 1 new .npy in /share/castor/home/e2406749/tropical_forest_disturbance/embeddings/joint/fid_23/bef/20230604T142721_20230604T142716_T20LNR__S1A_IW_GRDH_1SDV_20230602T094938_20230602T095003_048805_05DE8B_61F1
[ok joint] fid=23 bef -> 1 new .npy in /share/castor/home/e2406749/tropical_forest_disturbance/embeddings/joint/fid_23/bef/20230624T142721_20230624T142715_T20LNR__S1A_IW_GRDH_1SDV_20230626T094939_20230626T095004_049155_05E932_87DB
[ok joint] fid=23 bef -> 1 new .npy in /share/castor/home/e2406749/tropical_forest_disturbance/embeddings/joint/fid_23/bef/20230803T142721_20230803T143434_T20LNR__S1A_IW_GRDH_1SDV_20230801T094941_20230801T095006_049680_05F959_7E64
[ok joint] fid=23 bef -> 1 new .npy in /share/castor/home/e2406749/tropical_forest_disturbance/embeddings/joint/fid_23/bef/20230823T142721_20230823T143116_T20LNR__S1A_IW_GRDH_1SDV_20230825T094943_20230825T095008_050030_0604F6_5B1D
[ok joint] fid=23 bef -> 1 new .npy in /share/castor/home/e2406749/tropical_forest_disturbance/embeddings/joint/fid_23/bef/20231002T142711_20231002T143108_T20LNR__S1A_IW_GRDH_1SDV_20230930T094944_20230930T095009_050555_0616E4_8B83
[ok joint] fid=23 bef -> 1 new .npy in /share/castor/home/e2406749/tropical_forest_disturbance/embeddings/joint/fid_23/bef/20230301T142709_20230301T142737_T20LNR__S1A_IW_GRDH_1SDV_20230226T094935_20230226T095000_047405_05B0D3_E8BA
[ok joint] fid=23 bef -> 1 new .npy in /share/castor/home/e2406749/tropical_forest_disturbance/embeddings/joint/fid_23/bef/20230430T142719_20230430T142714_T20LNR__S1A_IW_GRDH_1SDV_20230427T094936_20230427T095001_048280_05CE51_C3AC
[ok joint] fid=23 bef -> 1 new .npy in /share/castor/home/e2406749/tropical_forest_disturbance/embeddings/joint/fid_23/bef/20230125T142711_20230125T142709_T20LNR__S1A_IW_GRDH_1SDV_20230121T094935_20230121T095000_046880_059F24_7A3A
[ok joint] fid=23 bef -> 1 new .npy in /share/castor/home/e2406749/tropical_forest_disturbance/embeddings/joint/fid_23/bef/20230609T142719_20230609T142938_T20LNR__S1A_IW_GRDH_1SDV_20230614T094938_20230614T095003_048980_05E3E7_B37E
[ok joint] fid=23 bef -> 1 new .npy in /share/castor/home/e2406749/tropical_forest_disturbance/embeddings/joint/fid_23/bef/20230818T142719_20230818T143227_T20LNR__S1A_IW_GRDH_1SDV_20230813T094942_20230813T095007_049855_05FF04_F481
[ok joint] fid=23 bef -> 1 new .npy in /share/castor/home/e2406749/tropical_forest_disturbance/embeddings/joint/fid_23/bef/20230515T142711_20230515T142713_T20LNR__S1A_IW_GRDH_1SDV_20230509T094937_20230509T095002_048455_05D42C_4A7D
[ok joint] fid=23 evt -> 1 new .npy in /share/castor/home/e2406749/tropical_forest_disturbance/embeddings/joint/fid_23/evt/20231012T142711_20231012T143437_T20LNR__S1A_IW_GRDH_1SDV_20231012T094943_20231012T095008_050730_061CE6_B0FB
[ok joint] fid=23 aft -> 1 new .npy in /share/castor/home/e2406749/tropical_forest_disturbance/embeddings/joint/fid_23/aft/20231111T142711_20231111T142711_T20LNR__S1A_IW_GRDH_1SDV_20231105T094944_20231105T095009_051080_0628DA_EC5A
[ok joint] fid=27 bef -> 4 new .npy in /share/castor/home/e2406749/tropical_forest_disturbance/embeddings/joint/fid_27/bef/20230214T142711_20230214T143425_T20LNR__S1A_IW_GRDH_1SDV_20230214T094935_20230214T095000_047230_05AAD4_443E
[ok joint] fid=27 bef -> 4 new .npy in /share/castor/home/e2406749/tropical_forest_disturbance/embeddings/joint/fid_27/bef/20230709T142719_20230709T142938_T20LNR__S1A_IW_GRDH_1SDV_20230708T094940_20230708T095005_049330_05EE9A_BD21
[ok joint] fid=27 bef -> 4 new .npy in /share/castor/home/e2406749/tropical_forest_disturbance/embeddings/joint/fid_27/bef/20230719T142719_20230719T142939_T20LNR__S1A_IW_GRDH_1SDV_20230720T094940_20230720T095005_049505_05F3ED_61B1
[ok joint] fid=27 bef -> 4 new .npy in /share/castor/home/e2406749/tropical_forest_disturbance/embeddings/joint/fid_27/bef/20230604T142721_20230604T142716_T20LNR__S1A_IW_GRDH_1SDV_20230602T094938_20230602T095003_048805_05DE8B_61F1
[ok joint] fid=27 bef -> 4 new .npy in /share/castor/home/e2406749/tropical_forest_disturbance/embeddings/joint/fid_27/bef/20230624T142721_20230624T142715_T20LNR__S1A_IW_GRDH_1SDV_20230626T094939_20230626T095004_049155_05E932_87DB
[ok joint] fid=27 bef -> 4 new .npy in /share/castor/home/e2406749/tropical_forest_disturbance/embeddings/joint/fid_27/bef/20230803T142721_20230803T143434_T20LNR__S1A_IW_GRDH_1SDV_20230801T094941_20230801T095006_049680_05F959_7E64
[ok joint] fid=27 bef -> 4 new .npy in /share/castor/home/e2406749/tropical_forest_disturbance/embeddings/joint/fid_27/bef/20230823T142721_20230823T143116_T20LNR__S1A_IW_GRDH_1SDV_20230825T094943_20230825T095008_050030_0604F6_5B1D
[ok joint] fid=27 bef -> 4 new .npy in /share/castor/home/e2406749/tropical_forest_disturbance/embeddings/joint/fid_27/bef/20231002T142711_20231002T143108_T20LNR__S1A_IW_GRDH_1SDV_20230930T094944_20230930T095009_050555_0616E4_8B83
[ok joint] fid=27 bef -> 4 new .npy in /share/castor/home/e2406749/tropical_forest_disturbance/embeddings/joint/fid_27/bef/20230301T142709_20230301T142737_T20LNR__S1A_IW_GRDH_1SDV_20230226T094935_20230226T095000_047405_05B0D3_E8BA
[ok joint] fid=27 bef -> 4 new .npy in /share/castor/home/e2406749/tropical_forest_disturbance/embeddings/joint/fid_27/bef/20230430T142719_20230430T142714_T20LNR__S1A_IW_GRDH_1SDV_20230427T094936_20230427T095001_048280_05CE51_C3AC
[ok joint] fid=27 bef -> 4 new .npy in /share/castor/home/e2406749/tropical_forest_disturbance/embeddings/joint/fid_27/bef/20230609T142719_20230609T142938_T20LNR__S1A_IW_GRDH_1SDV_20230614T094938_20230614T095003_048980_05E3E7_B37E
[ok joint] fid=27 bef -> 4 new .npy in /share/castor/home/e2406749/tropical_forest_disturbance/embeddings/joint/fid_27/bef/20230818T142719_20230818T143227_T20LNR__S1A_IW_GRDH_1SDV_20230813T094942_20230813T095007_049855_05FF04_F481
[ok joint] fid=27 bef -> 4 new .npy in /share/castor/home/e2406749/tropical_forest_disturbance/embeddings/joint/fid_27/bef/20230515T142711_20230515T142713_T20LNR__S1A_IW_GRDH_1SDV_20230509T094937_20230509T095002_048455_05D42C_4A7D
[ok joint] fid=27 evt -> 4 new .npy in /share/castor/home/e2406749/tropical_forest_disturbance/embeddings/joint/fid_27/evt/20231012T142711_20231012T143437_T20LNR__S1A_IW_GRDH_1SDV_20231012T094943_20231012T095008_050730_061CE6_B0FB
[ok joint] fid=27 aft -> 4 new .npy in /share/castor/home/e2406749/tropical_forest_disturbance/embeddings/joint/fid_27/aft/20231111T142711_20231111T142711_T20LNR__S1A_IW_GRDH_1SDV_20231105T094944_20231105T095009_051080_0628DA_EC5A
[ok joint] fid=334 bef -> 1 new .npy in /share/castor/home/e2406749/tropical_forest_disturbance/embeddings/joint/fid_334/bef/20230214T142711_20230214T143425_T20LNR__S1A_IW_GRDH_1SDV_20230214T094935_20230214T095000_047230_05AAD4_443E
[ok joint] fid=334 bef -> 1 new .npy in /share/castor/home/e2406749/tropical_forest_disturbance/embeddings/joint/fid_334/bef/20230709T142719_20230709T142938_T20LNR__S1A_IW_GRDH_1SDV_20230708T094940_20230708T095005_049330_05EE9A_BD21
[ok joint] fid=334 bef -> 1 new .npy in /share/castor/home/e2406749/tropical_forest_disturbance/embeddings/joint/fid_334/bef/20230719T142719_20230719T142939_T20LNR__S1A_IW_GRDH_1SDV_20230720T094940_20230720T095005_049505_05F3ED_61B1
[ok joint] fid=334 bef -> 1 new .npy in /share/castor/home/e2406749/tropical_forest_disturbance/embeddings/joint/fid_334/bef/20230604T142721_20230604T142716_T20LNR__S1A_IW_GRDH_1SDV_20230602T094938_20230602T095003_048805_05DE8B_61F1
[ok joint] fid=334 bef -> 1 new .npy in /share/castor/home/e2406749/tropical_forest_disturbance/embeddings/joint/fid_334/bef/20230624T142721_20230624T142715_T20LNR__S1A_IW_GRDH_1SDV_20230626T094939_20230626T095004_049155_05E932_87DB
[ok joint] fid=334 bef -> 1 new .npy in /share/castor/home/e2406749/tropical_forest_disturbance/embeddings/joint/fid_334/bef/20230803T142721_20230803T143434_T20LNR__S1A_IW_GRDH_1SDV_20230801T094941_20230801T095006_049680_05F959_7E64
[ok joint] fid=334 bef -> 1 new .npy in /share/castor/home/e2406749/tropical_forest_disturbance/embeddings/joint/fid_334/bef/20230301T142709_20230301T142737_T20LNR__S1A_IW_GRDH_1SDV_20230226T094935_20230226T095000_047405_05B0D3_E8BA
[ok joint] fid=334 bef -> 1 new .npy in /share/castor/home/e2406749/tropical_forest_disturbance/embeddings/joint/fid_334/bef/20230430T142719_20230430T142714_T20LNR__S1A_IW_GRDH_1SDV_20230427T094936_20230427T095001_048280_05CE51_C3AC
[ok joint] fid=334 bef -> 1 new .npy in /share/castor/home/e2406749/tropical_forest_disturbance/embeddings/joint/fid_334/bef/20230828T142719_20230828T142716_T20LNR__S1A_IW_GRDH_1SDV_20230825T094943_20230825T095008_050030_0604F6_5B1D
[ok joint] fid=334 bef -> 1 new .npy in /share/castor/home/e2406749/tropical_forest_disturbance/embeddings/joint/fid_334/bef/20230609T142719_20230609T142938_T20LNR__S1A_IW_GRDH_1SDV_20230614T094938_20230614T095003_048980_05E3E7_B37E
[ok joint] fid=334 bef -> 1 new .npy in /share/castor/home/e2406749/tropical_forest_disturbance/embeddings/joint/fid_334/bef/20230808T142719_20230808T143119_T20LNR__S1A_IW_GRDH_1SDV_20230813T094942_20230813T095007_049855_05FF04_F481
[ok joint] fid=334 bef -> 1 new .npy in /share/castor/home/e2406749/tropical_forest_disturbance/embeddings/joint/fid_334/bef/20230515T142711_20230515T142713_T20LNR__S1A_IW_GRDH_1SDV_20230509T094937_20230509T095002_048455_05D42C_4A7D
[ok joint] fid=334 evt -> 1 new .npy in /share/castor/home/e2406749/tropical_forest_disturbance/embeddings/joint/fid_334/evt/20231012T142711_20231012T143437_T20LNR__S1A_IW_GRDH_1SDV_20231012T094943_20231012T095008_050730_061CE6_B0FB
[ok joint] fid=334 aft -> 1 new .npy in /share/castor/home/e2406749/tropical_forest_disturbance/embeddings/joint/fid_334/aft/20231111T142711_20231111T142711_T20LNR__S1A_IW_GRDH_1SDV_20231105T094944_20231105T095009_051080_0628DA_EC5A
[ok joint] fid=228 bef -> 3 new .npy in /share/castor/home/e2406749/tropical_forest_disturbance/embeddings/joint/fid_228/bef/20230214T142711_20230214T143425_T20LNR__S1A_IW_GRDH_1SDV_20230214T094910_20230214T094935_047230_05AAD4_E27D
[ok joint] fid=228 bef -> 3 new .npy in /share/castor/home/e2406749/tropical_forest_disturbance/embeddings/joint/fid_228/bef/20230420T142719_20230420T142714_T20LNR__S1A_IW_GRDH_1SDV_20230415T094911_20230415T094936_048105_05C876_50BE
[ok joint] fid=228 evt -> 3 new .npy in /share/castor/home/e2406749/tropical_forest_disturbance/embeddings/joint/fid_228/evt/20230515T142711_20230515T142713_T20LNR__S1A_IW_GRDH_1SDV_20230509T094912_20230509T094937_048455_05D42C_BB80
[ok joint] fid=228 aft -> 3 new .npy in /share/castor/home/e2406749/tropical_forest_disturbance/embeddings/joint/fid_228/aft/20230609T142719_20230609T142938_T20LNR__S1A_IW_GRDH_1SDV_20230602T094913_20230602T094938_048805_05DE8B_7193
[ok joint] fid=125 bef -> 2 new .npy in /share/castor/home/e2406749/tropical_forest_disturbance/embeddings/joint/fid_125/bef/20230709T142719_20230709T142938_T20LNR__S1A_IW_GRDH_1SDV_20230708T094915_20230708T094940_049330_05EE9A_201B
[ok joint] fid=125 bef -> 2 new .npy in /share/castor/home/e2406749/tropical_forest_disturbance/embeddings/joint/fid_125/bef/20230719T142719_20230719T142939_T20LNR__S1A_IW_GRDH_1SDV_20230720T094915_20230720T094940_049505_05F3ED_2372
[ok joint] fid=125 bef -> 2 new .npy in /share/castor/home/e2406749/tropical_forest_disturbance/embeddings/joint/fid_125/bef/20230604T142721_20230604T142716_T20LNR__S1A_IW_GRDH_1SDV_20230602T094913_20230602T094938_048805_05DE8B_7193
[ok joint] fid=125 bef -> 2 new .npy in /share/castor/home/e2406749/tropical_forest_disturbance/embeddings/joint/fid_125/bef/20230624T142721_20230624T142715_T20LNR__S1A_IW_GRDH_1SDV_20230626T094914_20230626T094939_049155_05E932_8E24
[ok joint] fid=125 bef -> 2 new .npy in /share/castor/home/e2406749/tropical_forest_disturbance/embeddings/joint/fid_125/bef/20230803T142721_20230803T143434_T20LNR__S1A_IW_GRDH_1SDV_20230801T094916_20230801T094941_049680_05F959_E6F2
[ok joint] fid=125 bef -> 2 new .npy in /share/castor/home/e2406749/tropical_forest_disturbance/embeddings/joint/fid_125/bef/20230823T142721_20230823T143116_T20LNR__S1A_IW_GRDH_1SDV_20230825T094918_20230825T094943_050030_0604F6_59F6
[ok joint] fid=125 bef -> 2 new .npy in /share/castor/home/e2406749/tropical_forest_disturbance/embeddings/joint/fid_125/bef/20230125T142711_20230125T142709_T20LNR__S1A_IW_GRDH_1SDV_20230121T094910_20230121T094935_046880_059F24_ED7C
[ok joint] fid=125 bef -> 2 new .npy in /share/castor/home/e2406749/tropical_forest_disturbance/embeddings/joint/fid_125/bef/20230420T142719_20230420T142714_T20LNR__S1A_IW_GRDH_1SDV_20230415T094911_20230415T094936_048105_05C876_50BE
[ok joint] fid=125 bef -> 2 new .npy in /share/castor/home/e2406749/tropical_forest_disturbance/embeddings/joint/fid_125/bef/20230609T142719_20230609T142938_T20LNR__S1A_IW_GRDH_1SDV_20230614T094913_20230614T094938_048980_05E3E7_6485
[ok joint] fid=125 bef -> 2 new .npy in /share/castor/home/e2406749/tropical_forest_disturbance/embeddings/joint/fid_125/bef/20230808T142719_20230808T143119_T20LNR__S1A_IW_GRDH_1SDV_20230813T094917_20230813T094942_049855_05FF04_E952
[ok joint] fid=125 bef -> 2 new .npy in /share/castor/home/e2406749/tropical_forest_disturbance/embeddings/joint/fid_125/bef/20230515T142711_20230515T142713_T20LNR__S1A_IW_GRDH_1SDV_20230509T094912_20230509T094937_048455_05D42C_BB80
[ok joint] fid=3 bef -> 7 new .npy in /share/castor/home/e2406749/tropical_forest_disturbance/embeddings/joint/fid_3/bef/20230709T142719_20230709T142938_T20LNR__S1A_IW_GRDH_1SDV_20230708T094940_20230708T095005_049330_05EE9A_BD21
[ok joint] fid=3 bef -> 7 new .npy in /share/castor/home/e2406749/tropical_forest_disturbance/embeddings/joint/fid_3/bef/20230224T142711_20230224T143045_T20LNR__S1A_IW_GRDH_1SDV_20230226T094935_20230226T095000_047405_05B0D3_E8BA
[ok joint] fid=3 bef -> 7 new .npy in /share/castor/home/e2406749/tropical_forest_disturbance/embeddings/joint/fid_3/bef/20230604T142721_20230604T142716_T20LNR__S1A_IW_GRDH_1SDV_20230602T094938_20230602T095003_048805_05DE8B_61F1
[ok joint] fid=3 bef -> 7 new .npy in /share/castor/home/e2406749/tropical_forest_disturbance/embeddings/joint/fid_3/bef/20230624T142721_20230624T142715_T20LNR__S1A_IW_GRDH_1SDV_20230626T094939_20230626T095004_049155_05E932_87DB
[ok joint] fid=3 bef -> 7 new .npy in /share/castor/home/e2406749/tropical_forest_disturbance/embeddings/joint/fid_3/bef/20230823T142721_20230823T143116_T20LNR__S1A_IW_GRDH_1SDV_20230825T094943_20230825T095008_050030_0604F6_5B1D
[ok joint] fid=3 bef -> 7 new .npy in /share/castor/home/e2406749/tropical_forest_disturbance/embeddings/joint/fid_3/bef/20230430T142719_20230430T142714_T20LNR__S1A_IW_GRDH_1SDV_20230427T094936_20230427T095001_048280_05CE51_C3AC
[ok joint] fid=3 bef -> 7 new .npy in /share/castor/home/e2406749/tropical_forest_disturbance/embeddings/joint/fid_3/bef/20230729T142719_20230729T142718_T20LNR__S1A_IW_GRDH_1SDV_20230801T094941_20230801T095006_049680_05F959_7E64
[ok joint] fid=3 bef -> 7 new .npy in /share/castor/home/e2406749/tropical_forest_disturbance/embeddings/joint/fid_3/bef/20230724T142721_20230724T142717_T20LNR__S1A_IW_GRDH_1SDV_20230720T094940_20230720T095005_049505_05F3ED_61B1
[ok joint] fid=3 bef -> 7 new .npy in /share/castor/home/e2406749/tropical_forest_disturbance/embeddings/joint/fid_3/bef/20230609T142719_20230609T142938_T20LNR__S1A_IW_GRDH_1SDV_20230614T094938_20230614T095003_048980_05E3E7_B37E
[ok joint] fid=3 bef -> 7 new .npy in /share/castor/home/e2406749/tropical_forest_disturbance/embeddings/joint/fid_3/bef/20230808T142719_20230808T143119_T20LNR__S1A_IW_GRDH_1SDV_20230813T094942_20230813T095007_049855_05FF04_F481
[ok joint] fid=3 bef -> 7 new .npy in /share/castor/home/e2406749/tropical_forest_disturbance/embeddings/joint/fid_3/bef/20230115T142711_20230115T142817_T20LNR__S1A_IW_GRDH_1SDV_20230109T094936_20230109T095001_046705_05993A_763B
[ok joint] fid=3 bef -> 7 new .npy in /share/castor/home/e2406749/tropical_forest_disturbance/embeddings/joint/fid_3/bef/20230515T142711_20230515T142713_T20LNR__S1A_IW_GRDH_1SDV_20230509T094937_20230509T095002_048455_05D42C_4A7D
[ok joint] fid=3 evt -> 7 new .npy in /share/castor/home/e2406749/tropical_forest_disturbance/embeddings/joint/fid_3/evt/20231002T142711_20231002T143108_T20LNR__S1A_IW_GRDH_1SDV_20230930T094944_20230930T095009_050555_0616E4_8B83
[ok joint] fid=3 aft -> 7 new .npy in /share/castor/home/e2406749/tropical_forest_disturbance/embeddings/joint/fid_3/aft/20231007T142709_20231007T142929_T20LNR__S1A_IW_GRDH_1SDV_20231012T094943_20231012T095008_050730_061CE6_B0FB
[ok joint] fid=354 bef -> 1 new .npy in /share/castor/home/e2406749/tropical_forest_disturbance/embeddings/joint/fid_354/bef/20230214T142711_20230214T143425_T20LNR__S1A_IW_GRDH_1SDV_20230214T094910_20230214T094935_047230_05AAD4_E27D
[ok joint] fid=354 bef -> 1 new .npy in /share/castor/home/e2406749/tropical_forest_disturbance/embeddings/joint/fid_354/bef/20230709T142719_20230709T142938_T20LNR__S1A_IW_GRDH_1SDV_20230708T094915_20230708T094940_049330_05EE9A_201B
[ok joint] fid=354 bef -> 1 new .npy in /share/castor/home/e2406749/tropical_forest_disturbance/embeddings/joint/fid_354/bef/20230604T142721_20230604T142716_T20LNR__S1A_IW_GRDH_1SDV_20230602T094913_20230602T094938_048805_05DE8B_7193
[ok joint] fid=354 bef -> 1 new .npy in /share/castor/home/e2406749/tropical_forest_disturbance/embeddings/joint/fid_354/bef/20230624T142721_20230624T142715_T20LNR__S1A_IW_GRDH_1SDV_20230626T094914_20230626T094939_049155_05E932_8E24
[ok joint] fid=354 bef -> 1 new .npy in /share/castor/home/e2406749/tropical_forest_disturbance/embeddings/joint/fid_354/bef/20230803T142721_20230803T143434_T20LNR__S1A_IW_GRDH_1SDV_20230801T094916_20230801T094941_049680_05F959_E6F2
[ok joint] fid=354 bef -> 1 new .npy in /share/castor/home/e2406749/tropical_forest_disturbance/embeddings/joint/fid_354/bef/20230823T142721_20230823T143116_T20LNR__S1A_IW_GRDH_1SDV_20230825T094918_20230825T094943_050030_0604F6_59F6
[ok joint] fid=354 bef -> 1 new .npy in /share/castor/home/e2406749/tropical_forest_disturbance/embeddings/joint/fid_354/bef/20230326T142711_20230326T142710_T20LNR__S1A_IW_GRDH_1SDV_20230322T094910_20230322T094935_047755_05BCAD_F524
[ok joint] fid=354 bef -> 1 new .npy in /share/castor/home/e2406749/tropical_forest_disturbance/embeddings/joint/fid_354/bef/20230724T142721_20230724T142717_T20LNR__S1A_IW_GRDH_1SDV_20230720T094915_20230720T094940_049505_05F3ED_2372
[ok joint] fid=354 bef -> 1 new .npy in /share/castor/home/e2406749/tropical_forest_disturbance/embeddings/joint/fid_354/bef/20230420T142719_20230420T142714_T20LNR__S1A_IW_GRDH_1SDV_20230415T094911_20230415T094936_048105_05C876_50BE
[ok joint] fid=354 bef -> 1 new .npy in /share/castor/home/e2406749/tropical_forest_disturbance/embeddings/joint/fid_354/bef/20230609T142719_20230609T142938_T20LNR__S1A_IW_GRDH_1SDV_20230614T094913_20230614T094938_048980_05E3E7_6485
[ok joint] fid=354 bef -> 1 new .npy in /share/castor/home/e2406749/tropical_forest_disturbance/embeddings/joint/fid_354/bef/20230808T142719_20230808T143119_T20LNR__S1A_IW_GRDH_1SDV_20230813T094917_20230813T094942_049855_05FF04_E952
[ok joint] fid=354 bef -> 1 new .npy in /share/castor/home/e2406749/tropical_forest_disturbance/embeddings/joint/fid_354/bef/20230515T142711_20230515T142713_T20LNR__S1A_IW_GRDH_1SDV_20230509T094912_20230509T094937_048455_05D42C_BB80
[ok joint] fid=354 bef -> 1 new .npy in /share/castor/home/e2406749/tropical_forest_disturbance/embeddings/joint/fid_354/bef/20230912T142721_20230912T143158_T20LNR__S1A_IW_GRDH_1SDV_20230906T094918_20230906T094943_050205_060AF4_C05C
[ok joint] fid=354 evt -> 1 new .npy in /share/castor/home/e2406749/tropical_forest_disturbance/embeddings/joint/fid_354/evt/20231002T142711_20231002T143108_T20LNR__S1A_IW_GRDH_1SDV_20230930T094919_20230930T094944_050555_0616E4_C554
[ok joint] fid=354 aft -> 1 new .npy in /share/castor/home/e2406749/tropical_forest_disturbance/embeddings/joint/fid_354/aft/20231012T142711_20231012T143437_T20LNR__S1A_IW_GRDH_1SDV_20231012T094918_20231012T094943_050730_061CE6_51C0
[ok joint] fid=13 bef -> 2 new .npy in /share/castor/home/e2406749/tropical_forest_disturbance/embeddings/joint/fid_13/bef/20230520T142719_20230520T142902_T20LNR__S1A_IW_GRDH_1SDV_20230521T094912_20230521T094937_048630_05D957_8539
[ok joint] fid=13 bef -> 2 new .npy in /share/castor/home/e2406749/tropical_forest_disturbance/embeddings/joint/fid_13/bef/20230709T142719_20230709T142938_T20LNR__S1A_IW_GRDH_1SDV_20230708T094915_20230708T094940_049330_05EE9A_201B
[ok joint] fid=13 bef -> 2 new .npy in /share/castor/home/e2406749/tropical_forest_disturbance/embeddings/joint/fid_13/bef/20230719T142719_20230719T142939_T20LNR__S1A_IW_GRDH_1SDV_20230720T094915_20230720T094940_049505_05F3ED_2372
[ok joint] fid=13 bef -> 2 new .npy in /share/castor/home/e2406749/tropical_forest_disturbance/embeddings/joint/fid_13/bef/20230604T142721_20230604T142716_T20LNR__S1A_IW_GRDH_1SDV_20230602T094913_20230602T094938_048805_05DE8B_7193
[ok joint] fid=13 bef -> 2 new .npy in /share/castor/home/e2406749/tropical_forest_disturbance/embeddings/joint/fid_13/bef/20230624T142721_20230624T142715_T20LNR__S1A_IW_GRDH_1SDV_20230626T094914_20230626T094939_049155_05E932_8E24
[ok joint] fid=13 bef -> 2 new .npy in /share/castor/home/e2406749/tropical_forest_disturbance/embeddings/joint/fid_13/bef/20230803T142721_20230803T143434_T20LNR__S1A_IW_GRDH_1SDV_20230801T094916_20230801T094941_049680_05F959_E6F2
[ok joint] fid=13 bef -> 2 new .npy in /share/castor/home/e2406749/tropical_forest_disturbance/embeddings/joint/fid_13/bef/20230823T142721_20230823T143116_T20LNR__S1A_IW_GRDH_1SDV_20230825T094918_20230825T094943_050030_0604F6_59F6
[ok joint] fid=13 bef -> 2 new .npy in /share/castor/home/e2406749/tropical_forest_disturbance/embeddings/joint/fid_13/bef/20230326T142711_20230326T142710_T20LNR__S1A_IW_GRDH_1SDV_20230322T094910_20230322T094935_047755_05BCAD_F524
[ok joint] fid=13 bef -> 2 new .npy in /share/castor/home/e2406749/tropical_forest_disturbance/embeddings/joint/fid_13/bef/20230609T142719_20230609T142938_T20LNR__S1A_IW_GRDH_1SDV_20230614T094913_20230614T094938_048980_05E3E7_6485
[ok joint] fid=13 bef -> 2 new .npy in /share/castor/home/e2406749/tropical_forest_disturbance/embeddings/joint/fid_13/bef/20230808T142719_20230808T143119_T20LNR__S1A_IW_GRDH_1SDV_20230813T094917_20230813T094942_049855_05FF04_E952
[ok joint] fid=13 bef -> 2 new .npy in /share/castor/home/e2406749/tropical_forest_disturbance/embeddings/joint/fid_13/bef/20230515T142711_20230515T142713_T20LNR__S1A_IW_GRDH_1SDV_20230509T094912_20230509T094937_048455_05D42C_BB80
[ok joint] fid=13 bef -> 2 new .npy in /share/castor/home/e2406749/tropical_forest_disturbance/embeddings/joint/fid_13/bef/20230912T142721_20230912T143158_T20LNR__S1A_IW_GRDH_1SDV_20230906T094918_20230906T094943_050205_060AF4_C05C
[ok joint] fid=13 aft -> 2 new .npy in /share/castor/home/e2406749/tropical_forest_disturbance/embeddings/joint/fid_13/aft/20231012T142711_20231012T143437_T20LNR__S1A_IW_GRDH_1SDV_20231012T094918_20231012T094943_050730_061CE6_51C0
[ok joint] fid=29 bef -> 6 new .npy in /share/castor/home/e2406749/tropical_forest_disturbance/embeddings/joint/fid_29/bef/20230214T142711_20230214T143425_T20LNR__S1A_IW_GRDH_1SDV_20230214T094935_20230214T095000_047230_05AAD4_443E
[ok joint] fid=29 bef -> 6 new .npy in /share/castor/home/e2406749/tropical_forest_disturbance/embeddings/joint/fid_29/bef/20230709T142719_20230709T142938_T20LNR__S1A_IW_GRDH_1SDV_20230708T094940_20230708T095005_049330_05EE9A_BD21
[ok joint] fid=29 bef -> 6 new .npy in /share/castor/home/e2406749/tropical_forest_disturbance/embeddings/joint/fid_29/bef/20230719T142719_20230719T142939_T20LNR__S1A_IW_GRDH_1SDV_20230720T094940_20230720T095005_049505_05F3ED_61B1
[ok joint] fid=29 bef -> 6 new .npy in /share/castor/home/e2406749/tropical_forest_disturbance/embeddings/joint/fid_29/bef/20230604T142721_20230604T142716_T20LNR__S1A_IW_GRDH_1SDV_20230602T094938_20230602T095003_048805_05DE8B_61F1
[ok joint] fid=29 bef -> 6 new .npy in /share/castor/home/e2406749/tropical_forest_disturbance/embeddings/joint/fid_29/bef/20230624T142721_20230624T142715_T20LNR__S1A_IW_GRDH_1SDV_20230626T094939_20230626T095004_049155_05E932_87DB
[ok joint] fid=29 bef -> 6 new .npy in /share/castor/home/e2406749/tropical_forest_disturbance/embeddings/joint/fid_29/bef/20230823T142721_20230823T143116_T20LNR__S1A_IW_GRDH_1SDV_20230825T094943_20230825T095008_050030_0604F6_5B1D
[ok joint] fid=29 bef -> 6 new .npy in /share/castor/home/e2406749/tropical_forest_disturbance/embeddings/joint/fid_29/bef/20231002T142711_20231002T143108_T20LNR__S1A_IW_GRDH_1SDV_20230930T094944_20230930T095009_050555_0616E4_8B83
[ok joint] fid=29 bef -> 6 new .npy in /share/castor/home/e2406749/tropical_forest_disturbance/embeddings/joint/fid_29/bef/20230430T142719_20230430T142714_T20LNR__S1A_IW_GRDH_1SDV_20230427T094936_20230427T095001_048280_05CE51_C3AC
[ok joint] fid=29 bef -> 6 new .npy in /share/castor/home/e2406749/tropical_forest_disturbance/embeddings/joint/fid_29/bef/20230729T142719_20230729T142718_T20LNR__S1A_IW_GRDH_1SDV_20230801T094941_20230801T095006_049680_05F959_7E64
[ok joint] fid=29 bef -> 6 new .npy in /share/castor/home/e2406749/tropical_forest_disturbance/embeddings/joint/fid_29/bef/20230609T142719_20230609T142938_T20LNR__S1A_IW_GRDH_1SDV_20230614T094938_20230614T095003_048980_05E3E7_B37E
[ok joint] fid=29 bef -> 6 new .npy in /share/castor/home/e2406749/tropical_forest_disturbance/embeddings/joint/fid_29/bef/20230818T142719_20230818T143227_T20LNR__S1A_IW_GRDH_1SDV_20230813T094942_20230813T095007_049855_05FF04_F481
[ok joint] fid=29 bef -> 6 new .npy in /share/castor/home/e2406749/tropical_forest_disturbance/embeddings/joint/fid_29/bef/20230515T142711_20230515T142713_T20LNR__S1A_IW_GRDH_1SDV_20230509T094937_20230509T095002_048455_05D42C_4A7D
[ok joint] fid=29 aft -> 6 new .npy in /share/castor/home/e2406749/tropical_forest_disturbance/embeddings/joint/fid_29/aft/20231111T142711_20231111T142711_T20LNR__S1A_IW_GRDH_1SDV_20231105T094944_20231105T095009_051080_0628DA_EC5A
[ok joint] fid=92 bef -> 4 new .npy in /share/castor/home/e2406749/tropical_forest_disturbance/embeddings/joint/fid_92/bef/20230301T142709_20230301T142737_T20LMR__S1A_IW_GRDH_1SDV_20230226T094935_20230226T095000_047405_05B0D3_E8BA
[ok joint] fid=161 bef -> 1 new .npy in /share/castor/home/e2406749/tropical_forest_disturbance/embeddings/joint/fid_161/bef/20230214T142711_20230214T143425_T20LNR__S1A_IW_GRDH_1SDV_20230214T094935_20230214T095000_047230_05AAD4_443E
[ok joint] fid=161 bef -> 1 new .npy in /share/castor/home/e2406749/tropical_forest_disturbance/embeddings/joint/fid_161/bef/20230301T142709_20230301T142737_T20LNR__S1A_IW_GRDH_1SDV_20230226T094935_20230226T095000_047405_05B0D3_E8BA
[ok joint] fid=161 bef -> 1 new .npy in /share/castor/home/e2406749/tropical_forest_disturbance/embeddings/joint/fid_161/bef/20230430T142719_20230430T142714_T20LNR__S1A_IW_GRDH_1SDV_20230427T094936_20230427T095001_048280_05CE51_C3AC
[ok joint] fid=161 bef -> 1 new .npy in /share/castor/home/e2406749/tropical_forest_disturbance/embeddings/joint/fid_161/bef/20230420T142719_20230420T142714_T20LNR__S1A_IW_GRDH_1SDV_20230415T094936_20230415T095001_048105_05C876_7D01
[ok joint] fid=161 bef -> 1 new .npy in /share/castor/home/e2406749/tropical_forest_disturbance/embeddings/joint/fid_161/bef/20230115T142711_20230115T142817_T20LNR__S1A_IW_GRDH_1SDV_20230109T094936_20230109T095001_046705_05993A_763B
[ok joint] fid=161 evt -> 1 new .npy in /share/castor/home/e2406749/tropical_forest_disturbance/embeddings/joint/fid_161/evt/20230520T142719_20230520T142902_T20LNR__S1A_IW_GRDH_1SDV_20230521T094937_20230521T095002_048630_05D957_8119
[ok joint] fid=161 evt -> 1 new .npy in /share/castor/home/e2406749/tropical_forest_disturbance/embeddings/joint/fid_161/evt/20230515T142711_20230515T142713_T20LNR__S1A_IW_GRDH_1SDV_20230509T094937_20230509T095002_048455_05D42C_4A7D
[ok joint] fid=161 aft -> 1 new .npy in /share/castor/home/e2406749/tropical_forest_disturbance/embeddings/joint/fid_161/aft/20230604T142721_20230604T142716_T20LNR__S1A_IW_GRDH_1SDV_20230602T094938_20230602T095003_048805_05DE8B_61F1
[ok joint] fid=224 bef -> 1 new .npy in /share/castor/home/e2406749/tropical_forest_disturbance/embeddings/joint/fid_224/bef/20230214T142711_20230214T143425_T20LNR__S1A_IW_GRDH_1SDV_20230214T094910_20230214T094935_047230_05AAD4_E27D
[ok joint] fid=224 aft -> 1 new .npy in /share/castor/home/e2406749/tropical_forest_disturbance/embeddings/joint/fid_224/aft/20230520T142719_20230520T142902_T20LNR__S1A_IW_GRDH_1SDV_20230521T094912_20230521T094937_048630_05D957_8539
[ok joint] fid=224 aft -> 1 new .npy in /share/castor/home/e2406749/tropical_forest_disturbance/embeddings/joint/fid_224/aft/20230515T142711_20230515T142713_T20LNR__S1A_IW_GRDH_1SDV_20230509T094912_20230509T094937_048455_05D42C_BB80
[ok joint] fid=156 bef -> 4 new .npy in /share/castor/home/e2406749/tropical_forest_disturbance/embeddings/joint/fid_156/bef/20230420T142719_20230420T142714_T20LNR__S1A_IW_GRDH_1SDV_20230415T094936_20230415T095001_048105_05C876_7D01
[ok joint] fid=156 evt -> 4 new .npy in /share/castor/home/e2406749/tropical_forest_disturbance/embeddings/joint/fid_156/evt/20230430T142719_20230430T142714_T20LNR__S1A_IW_GRDH_1SDV_20230427T094936_20230427T095001_048280_05CE51_C3AC
[ok joint] fid=156 aft -> 4 new .npy in /share/castor/home/e2406749/tropical_forest_disturbance/embeddings/joint/fid_156/aft/20230525T142721_20230525T142853_T20LNR__S1A_IW_GRDH_1SDV_20230521T094937_20230521T095002_048630_05D957_8119
[ok joint] fid=231 bef -> 4 new .npy in /share/castor/home/e2406749/tropical_forest_disturbance/embeddings/joint/fid_231/bef/20230420T142719_20230420T142714_T20LNR__S1A_IW_GRDH_1SDV_20230415T094911_20230415T094936_048105_05C876_50BE
[ok joint] fid=231 aft -> 4 new .npy in /share/castor/home/e2406749/tropical_forest_disturbance/embeddings/joint/fid_231/aft/20230609T142719_20230609T142938_T20LNR__S1A_IW_GRDH_1SDV_20230614T094913_20230614T094938_048980_05E3E7_6485
[ok joint] fid=248 bef -> 2 new .npy in /share/castor/home/e2406749/tropical_forest_disturbance/embeddings/joint/fid_248/bef/20230214T142711_20230214T143425_T20LNR__S1A_IW_GRDH_1SDV_20230214T094910_20230214T094935_047230_05AAD4_E27D
[ok joint] fid=248 bef -> 2 new .npy in /share/castor/home/e2406749/tropical_forest_disturbance/embeddings/joint/fid_248/bef/20230510T142719_20230510T142819_T20LNR__S1A_IW_GRDH_1SDV_20230509T094912_20230509T094937_048455_05D42C_BB80
[ok joint] fid=248 bef -> 2 new .npy in /share/castor/home/e2406749/tropical_forest_disturbance/embeddings/joint/fid_248/bef/20230604T142721_20230604T142716_T20LNR__S1A_IW_GRDH_1SDV_20230602T094913_20230602T094938_048805_05DE8B_7193
[ok joint] fid=248 bef -> 2 new .npy in /share/castor/home/e2406749/tropical_forest_disturbance/embeddings/joint/fid_248/bef/20230301T142709_20230301T142737_T20LNR__S1A_IW_GRDH_1SDV_20230226T094910_20230226T094935_047405_05B0D3_9DE4
[ok joint] fid=248 bef -> 2 new .npy in /share/castor/home/e2406749/tropical_forest_disturbance/embeddings/joint/fid_248/bef/20230430T142719_20230430T142714_T20LNR__S1A_IW_GRDH_1SDV_20230427T094911_20230427T094936_048280_05CE51_9F1D
[ok joint] fid=248 bef -> 2 new .npy in /share/castor/home/e2406749/tropical_forest_disturbance/embeddings/joint/fid_248/bef/20230420T142719_20230420T142714_T20LNR__S1A_IW_GRDH_1SDV_20230415T094911_20230415T094936_048105_05C876_50BE
[ok joint] fid=248 bef -> 2 new .npy in /share/castor/home/e2406749/tropical_forest_disturbance/embeddings/joint/fid_248/bef/20230609T142719_20230609T142938_T20LNR__S1A_IW_GRDH_1SDV_20230614T094913_20230614T094938_048980_05E3E7_6485
[ok joint] fid=248 bef -> 2 new .npy in /share/castor/home/e2406749/tropical_forest_disturbance/embeddings/joint/fid_248/bef/20230515T142711_20230515T142713_T20LNR__S1A_IW_GRDH_1SDV_20230521T094912_20230521T094937_048630_05D957_8539
[ok joint] fid=248 evt -> 2 new .npy in /share/castor/home/e2406749/tropical_forest_disturbance/embeddings/joint/fid_248/evt/20230624T142721_20230624T142715_T20LNR__S1A_IW_GRDH_1SDV_20230626T094914_20230626T094939_049155_05E932_8E24
[ok joint] fid=248 aft -> 2 new .npy in /share/castor/home/e2406749/tropical_forest_disturbance/embeddings/joint/fid_248/aft/20230709T142719_20230709T142938_T20LNR__S1A_IW_GRDH_1SDV_20230708T094915_20230708T094940_049330_05EE9A_201B
[ok joint] fid=315 bef -> 2 new .npy in /share/castor/home/e2406749/tropical_forest_disturbance/embeddings/joint/fid_315/bef/20230214T142711_20230214T143425_T20LNR__S1A_IW_GRDH_1SDV_20230214T094935_20230214T095000_047230_05AAD4_443E
[ok joint] fid=315 bef -> 2 new .npy in /share/castor/home/e2406749/tropical_forest_disturbance/embeddings/joint/fid_315/bef/20230520T142719_20230520T142902_T20LNR__S1A_IW_GRDH_1SDV_20230521T094937_20230521T095002_048630_05D957_8119
[ok joint] fid=315 bef -> 2 new .npy in /share/castor/home/e2406749/tropical_forest_disturbance/embeddings/joint/fid_315/bef/20230709T142719_20230709T142938_T20LNR__S1A_IW_GRDH_1SDV_20230708T094940_20230708T095005_049330_05EE9A_BD21
[ok joint] fid=315 bef -> 2 new .npy in /share/castor/home/e2406749/tropical_forest_disturbance/embeddings/joint/fid_315/bef/20230604T142721_20230604T142716_T20LNR__S1A_IW_GRDH_1SDV_20230602T094938_20230602T095003_048805_05DE8B_61F1
[ok joint] fid=315 bef -> 2 new .npy in /share/castor/home/e2406749/tropical_forest_disturbance/embeddings/joint/fid_315/bef/20230624T142721_20230624T142715_T20LNR__S1A_IW_GRDH_1SDV_20230626T094939_20230626T095004_049155_05E932_87DB
[ok joint] fid=315 bef -> 2 new .npy in /share/castor/home/e2406749/tropical_forest_disturbance/embeddings/joint/fid_315/bef/20230430T142719_20230430T142714_T20LNR__S1A_IW_GRDH_1SDV_20230427T094936_20230427T095001_048280_05CE51_C3AC
[ok joint] fid=315 bef -> 2 new .npy in /share/castor/home/e2406749/tropical_forest_disturbance/embeddings/joint/fid_315/bef/20230609T142719_20230609T142938_T20LNR__S1A_IW_GRDH_1SDV_20230614T094938_20230614T095003_048980_05E3E7_B37E
[ok joint] fid=315 bef -> 2 new .npy in /share/castor/home/e2406749/tropical_forest_disturbance/embeddings/joint/fid_315/bef/20230515T142711_20230515T142713_T20LNR__S1A_IW_GRDH_1SDV_20230509T094937_20230509T095002_048455_05D42C_4A7D
[ok joint] fid=315 evt -> 2 new .npy in /share/castor/home/e2406749/tropical_forest_disturbance/embeddings/joint/fid_315/evt/20230719T142719_20230719T142939_T20LNR__S1A_IW_GRDH_1SDV_20230720T094940_20230720T095005_049505_05F3ED_61B1
[ok joint] fid=315 aft -> 2 new .npy in /share/castor/home/e2406749/tropical_forest_disturbance/embeddings/joint/fid_315/aft/20230808T142719_20230808T143119_T20LNR__S1A_IW_GRDH_1SDV_20230813T094942_20230813T095007_049855_05FF04_F481
[ok joint] fid=324 bef -> 2 new .npy in /share/castor/home/e2406749/tropical_forest_disturbance/embeddings/joint/fid_324/bef/20230709T142719_20230709T142938_T20LNR__S1A_IW_GRDH_1SDV_20230708T094915_20230708T094940_049330_05EE9A_201B
[ok joint] fid=324 bef -> 2 new .npy in /share/castor/home/e2406749/tropical_forest_disturbance/embeddings/joint/fid_324/bef/20230719T142719_20230719T142939_T20LNR__S1A_IW_GRDH_1SDV_20230720T094915_20230720T094940_049505_05F3ED_2372
[ok joint] fid=324 bef -> 2 new .npy in /share/castor/home/e2406749/tropical_forest_disturbance/embeddings/joint/fid_324/bef/20230604T142721_20230604T142716_T20LNR__S1A_IW_GRDH_1SDV_20230602T094913_20230602T094938_048805_05DE8B_7193
[ok joint] fid=324 bef -> 2 new .npy in /share/castor/home/e2406749/tropical_forest_disturbance/embeddings/joint/fid_324/bef/20230624T142721_20230624T142715_T20LNR__S1A_IW_GRDH_1SDV_20230626T094914_20230626T094939_049155_05E932_8E24
[ok joint] fid=324 bef -> 2 new .npy in /share/castor/home/e2406749/tropical_forest_disturbance/embeddings/joint/fid_324/bef/20230326T142711_20230326T142710_T20LNR__S1A_IW_GRDH_1SDV_20230322T094910_20230322T094935_047755_05BCAD_F524
[ok joint] fid=324 bef -> 2 new .npy in /share/castor/home/e2406749/tropical_forest_disturbance/embeddings/joint/fid_324/bef/20230420T142719_20230420T142714_T20LNR__S1A_IW_GRDH_1SDV_20230415T094911_20230415T094936_048105_05C876_50BE
[ok joint] fid=324 bef -> 2 new .npy in /share/castor/home/e2406749/tropical_forest_disturbance/embeddings/joint/fid_324/bef/20230609T142719_20230609T142938_T20LNR__S1A_IW_GRDH_1SDV_20230614T094913_20230614T094938_048980_05E3E7_6485
[ok joint] fid=324 bef -> 2 new .npy in /share/castor/home/e2406749/tropical_forest_disturbance/embeddings/joint/fid_324/bef/20230515T142711_20230515T142713_T20LNR__S1A_IW_GRDH_1SDV_20230509T094912_20230509T094937_048455_05D42C_BB80
[ok joint] fid=324 evt -> 2 new .npy in /share/castor/home/e2406749/tropical_forest_disturbance/embeddings/joint/fid_324/evt/20230803T142721_20230803T143434_T20LNR__S1A_IW_GRDH_1SDV_20230801T094916_20230801T094941_049680_05F959_E6F2
[ok joint] fid=324 aft -> 2 new .npy in /share/castor/home/e2406749/tropical_forest_disturbance/embeddings/joint/fid_324/aft/20230823T142721_20230823T143116_T20LNR__S1A_IW_GRDH_1SDV_20230825T094918_20230825T094943_050030_0604F6_59F6
[ok joint] fid=324 aft -> 2 new .npy in /share/castor/home/e2406749/tropical_forest_disturbance/embeddings/joint/fid_324/aft/20230808T142719_20230808T143119_T20LNR__S1A_IW_GRDH_1SDV_20230813T094917_20230813T094942_049855_05FF04_E952
[ok joint] fid=166 bef -> 3 new .npy in /share/castor/home/e2406749/tropical_forest_disturbance/embeddings/joint/fid_166/bef/20230214T142711_20230214T143425_T20LNR__S1A_IW_GRDH_1SDV_20230214T094935_20230214T095000_047230_05AAD4_443E
[ok joint] fid=166 bef -> 3 new .npy in /share/castor/home/e2406749/tropical_forest_disturbance/embeddings/joint/fid_166/bef/20230430T142719_20230430T142714_T20LNR__S1A_IW_GRDH_1SDV_20230427T094936_20230427T095001_048280_05CE51_C3AC
[ok joint] fid=166 evt -> 3 new .npy in /share/castor/home/e2406749/tropical_forest_disturbance/embeddings/joint/fid_166/evt/20230515T142711_20230515T142713_T20LNR__S1A_IW_GRDH_1SDV_20230509T094937_20230509T095002_048455_05D42C_4A7D
[ok joint] fid=166 aft -> 3 new .npy in /share/castor/home/e2406749/tropical_forest_disturbance/embeddings/joint/fid_166/aft/20230604T142721_20230604T142716_T20LNR__S1A_IW_GRDH_1SDV_20230602T094938_20230602T095003_048805_05DE8B_61F1
[ok joint] fid=165 bef -> 1 new .npy in /share/castor/home/e2406749/tropical_forest_disturbance/embeddings/joint/fid_165/bef/20230420T142719_20230420T142714_T20LNR__S1A_IW_GRDH_1SDV_20230415T094911_20230415T094936_048105_05C876_50BE
[ok joint] fid=165 evt -> 1 new .npy in /share/castor/home/e2406749/tropical_forest_disturbance/embeddings/joint/fid_165/evt/20230515T142711_20230515T142713_T20LNR__S1A_IW_GRDH_1SDV_20230509T094912_20230509T094937_048455_05D42C_BB80
[ok joint] fid=165 aft -> 1 new .npy in /share/castor/home/e2406749/tropical_forest_disturbance/embeddings/joint/fid_165/aft/20230604T142721_20230604T142716_T20LNR__S1A_IW_GRDH_1SDV_20230602T094913_20230602T094938_048805_05DE8B_7193
[ok joint] fid=234 bef -> 2 new .npy in /share/castor/home/e2406749/tropical_forest_disturbance/embeddings/joint/fid_234/bef/20230214T142711_20230214T143425_T20LNR__S1A_IW_GRDH_1SDV_20230214T094935_20230214T095000_047230_05AAD4_443E
[ok joint] fid=234 bef -> 2 new .npy in /share/castor/home/e2406749/tropical_forest_disturbance/embeddings/joint/fid_234/bef/20230301T142709_20230301T142737_T20LNR__S1A_IW_GRDH_1SDV_20230226T094935_20230226T095000_047405_05B0D3_E8BA
[ok joint] fid=234 bef -> 2 new .npy in /share/castor/home/e2406749/tropical_forest_disturbance/embeddings/joint/fid_234/bef/20230430T142719_20230430T142714_T20LNR__S1A_IW_GRDH_1SDV_20230427T094936_20230427T095001_048280_05CE51_C3AC
[ok joint] fid=234 bef -> 2 new .npy in /share/castor/home/e2406749/tropical_forest_disturbance/embeddings/joint/fid_234/bef/20230515T142711_20230515T142713_T20LNR__S1A_IW_GRDH_1SDV_20230509T094937_20230509T095002_048455_05D42C_4A7D
[ok joint] fid=234 evt -> 2 new .npy in /share/castor/home/e2406749/tropical_forest_disturbance/embeddings/joint/fid_234/evt/20230604T142721_20230604T142716_T20LNR__S1A_IW_GRDH_1SDV_20230602T094938_20230602T095003_048805_05DE8B_61F1
[ok joint] fid=234 aft -> 2 new .npy in /share/castor/home/e2406749/tropical_forest_disturbance/embeddings/joint/fid_234/aft/20230609T142719_20230609T142938_T20LNR__S1A_IW_GRDH_1SDV_20230614T094938_20230614T095003_048980_05E3E7_B37E
[ok joint] fid=346 bef -> 1 new .npy in /share/castor/home/e2406749/tropical_forest_disturbance/embeddings/joint/fid_346/bef/20230709T142719_20230709T142938_T20LNR__S1A_IW_GRDH_1SDV_20230708T094940_20230708T095005_049330_05EE9A_BD21
[ok joint] fid=346 bef -> 1 new .npy in /share/castor/home/e2406749/tropical_forest_disturbance/embeddings/joint/fid_346/bef/20230719T142719_20230719T142939_T20LNR__S1A_IW_GRDH_1SDV_20230720T094940_20230720T095005_049505_05F3ED_61B1
[ok joint] fid=346 bef -> 1 new .npy in /share/castor/home/e2406749/tropical_forest_disturbance/embeddings/joint/fid_346/bef/20230604T142721_20230604T142716_T20LNR__S1A_IW_GRDH_1SDV_20230602T094938_20230602T095003_048805_05DE8B_61F1
[ok joint] fid=346 bef -> 1 new .npy in /share/castor/home/e2406749/tropical_forest_disturbance/embeddings/joint/fid_346/bef/20230624T142721_20230624T142715_T20LNR__S1A_IW_GRDH_1SDV_20230626T094939_20230626T095004_049155_05E932_87DB
[ok joint] fid=346 bef -> 1 new .npy in /share/castor/home/e2406749/tropical_forest_disturbance/embeddings/joint/fid_346/bef/20230803T142721_20230803T143434_T20LNR__S1A_IW_GRDH_1SDV_20230801T094941_20230801T095006_049680_05F959_7E64
[ok joint] fid=346 bef -> 1 new .npy in /share/castor/home/e2406749/tropical_forest_disturbance/embeddings/joint/fid_346/bef/20230823T142721_20230823T143116_T20LNR__S1A_IW_GRDH_1SDV_20230825T094943_20230825T095008_050030_0604F6_5B1D
[ok joint] fid=346 bef -> 1 new .npy in /share/castor/home/e2406749/tropical_forest_disturbance/embeddings/joint/fid_346/bef/20230301T142709_20230301T142737_T20LNR__S1A_IW_GRDH_1SDV_20230226T094935_20230226T095000_047405_05B0D3_E8BA
[ok joint] fid=346 bef -> 1 new .npy in /share/castor/home/e2406749/tropical_forest_disturbance/embeddings/joint/fid_346/bef/20230430T142719_20230430T142714_T20LNR__S1A_IW_GRDH_1SDV_20230427T094936_20230427T095001_048280_05CE51_C3AC
[ok joint] fid=346 bef -> 1 new .npy in /share/castor/home/e2406749/tropical_forest_disturbance/embeddings/joint/fid_346/bef/20230609T142719_20230609T142938_T20LNR__S1A_IW_GRDH_1SDV_20230614T094938_20230614T095003_048980_05E3E7_B37E
[ok joint] fid=346 bef -> 1 new .npy in /share/castor/home/e2406749/tropical_forest_disturbance/embeddings/joint/fid_346/bef/20230818T142719_20230818T143227_T20LNR__S1A_IW_GRDH_1SDV_20230813T094942_20230813T095007_049855_05FF04_F481
[ok joint] fid=346 bef -> 1 new .npy in /share/castor/home/e2406749/tropical_forest_disturbance/embeddings/joint/fid_346/bef/20230515T142711_20230515T142713_T20LNR__S1A_IW_GRDH_1SDV_20230509T094937_20230509T095002_048455_05D42C_4A7D
[ok joint] fid=346 aft -> 1 new .npy in /share/castor/home/e2406749/tropical_forest_disturbance/embeddings/joint/fid_346/aft/20231002T142711_20231002T143108_T20LNR__S1A_IW_GRDH_1SDV_20230930T094944_20230930T095009_050555_0616E4_8B83
[ok joint] fid=364 bef -> 1 new .npy in /share/castor/home/e2406749/tropical_forest_disturbance/embeddings/joint/fid_364/bef/20230214T142711_20230214T143425_T20LNR__S1A_IW_GRDH_1SDV_20230214T094935_20230214T095000_047230_05AAD4_443E
[ok joint] fid=364 bef -> 1 new .npy in /share/castor/home/e2406749/tropical_forest_disturbance/embeddings/joint/fid_364/bef/20230520T142719_20230520T142902_T20LNR__S1A_IW_GRDH_1SDV_20230521T094937_20230521T095002_048630_05D957_8119
[ok joint] fid=364 bef -> 1 new .npy in /share/castor/home/e2406749/tropical_forest_disturbance/embeddings/joint/fid_364/bef/20230709T142719_20230709T142938_T20LNR__S1A_IW_GRDH_1SDV_20230708T094940_20230708T095005_049330_05EE9A_BD21
[ok joint] fid=364 bef -> 1 new .npy in /share/castor/home/e2406749/tropical_forest_disturbance/embeddings/joint/fid_364/bef/20230719T142719_20230719T142939_T20LNR__S1A_IW_GRDH_1SDV_20230720T094940_20230720T095005_049505_05F3ED_61B1
[ok joint] fid=364 bef -> 1 new .npy in /share/castor/home/e2406749/tropical_forest_disturbance/embeddings/joint/fid_364/bef/20230604T142721_20230604T142716_T20LNR__S1A_IW_GRDH_1SDV_20230602T094938_20230602T095003_048805_05DE8B_61F1
[ok joint] fid=364 bef -> 1 new .npy in /share/castor/home/e2406749/tropical_forest_disturbance/embeddings/joint/fid_364/bef/20230624T142721_20230624T142715_T20LNR__S1A_IW_GRDH_1SDV_20230626T094939_20230626T095004_049155_05E932_87DB
[ok joint] fid=364 bef -> 1 new .npy in /share/castor/home/e2406749/tropical_forest_disturbance/embeddings/joint/fid_364/bef/20230823T142721_20230823T143116_T20LNR__S1A_IW_GRDH_1SDV_20230825T094943_20230825T095008_050030_0604F6_5B1D
[ok joint] fid=364 bef -> 1 new .npy in /share/castor/home/e2406749/tropical_forest_disturbance/embeddings/joint/fid_364/bef/20230301T142709_20230301T142737_T20LNR__S1A_IW_GRDH_1SDV_20230226T094935_20230226T095000_047405_05B0D3_E8BA
[ok joint] fid=364 bef -> 1 new .npy in /share/castor/home/e2406749/tropical_forest_disturbance/embeddings/joint/fid_364/bef/20230430T142719_20230430T142714_T20LNR__S1A_IW_GRDH_1SDV_20230427T094936_20230427T095001_048280_05CE51_C3AC
[ok joint] fid=364 bef -> 1 new .npy in /share/castor/home/e2406749/tropical_forest_disturbance/embeddings/joint/fid_364/bef/20230729T142719_20230729T142718_T20LNR__S1A_IW_GRDH_1SDV_20230801T094941_20230801T095006_049680_05F959_7E64
[ok joint] fid=364 bef -> 1 new .npy in /share/castor/home/e2406749/tropical_forest_disturbance/embeddings/joint/fid_364/bef/20230902T142721_20230902T143115_T20LNR__S1A_IW_GRDH_1SDV_20230906T094943_20230906T095008_050205_060AF4_E713
[ok joint] fid=364 bef -> 1 new .npy in /share/castor/home/e2406749/tropical_forest_disturbance/embeddings/joint/fid_364/bef/20230609T142719_20230609T142938_T20LNR__S1A_IW_GRDH_1SDV_20230614T094938_20230614T095003_048980_05E3E7_B37E
[ok joint] fid=364 bef -> 1 new .npy in /share/castor/home/e2406749/tropical_forest_disturbance/embeddings/joint/fid_364/bef/20230808T142719_20230808T143119_T20LNR__S1A_IW_GRDH_1SDV_20230813T094942_20230813T095007_049855_05FF04_F481
[ok joint] fid=364 bef -> 1 new .npy in /share/castor/home/e2406749/tropical_forest_disturbance/embeddings/joint/fid_364/bef/20230115T142711_20230115T142817_T20LNR__S1A_IW_GRDH_1SDV_20230109T094936_20230109T095001_046705_05993A_763B
[ok joint] fid=364 bef -> 1 new .npy in /share/castor/home/e2406749/tropical_forest_disturbance/embeddings/joint/fid_364/bef/20230515T142711_20230515T142713_T20LNR__S1A_IW_GRDH_1SDV_20230509T094937_20230509T095002_048455_05D42C_4A7D
[ok joint] fid=364 aft -> 1 new .npy in /share/castor/home/e2406749/tropical_forest_disturbance/embeddings/joint/fid_364/aft/20231002T142711_20231002T143108_T20LNR__S1A_IW_GRDH_1SDV_20230930T094944_20230930T095009_050555_0616E4_8B83
[ok joint] fid=364 aft -> 1 new .npy in /share/castor/home/e2406749/tropical_forest_disturbance/embeddings/joint/fid_364/aft/20231007T142709_20231007T142929_T20LNR__S1A_IW_GRDH_1SDV_20231012T094943_20231012T095008_050730_061CE6_B0FB
[ok joint] fid=363 bef -> 4 new .npy in /share/castor/home/e2406749/tropical_forest_disturbance/embeddings/joint/fid_363/bef/20230214T142711_20230214T143425_T20LNR__S1A_IW_GRDH_1SDV_20230214T094935_20230214T095000_047230_05AAD4_443E
[ok joint] fid=363 bef -> 4 new .npy in /share/castor/home/e2406749/tropical_forest_disturbance/embeddings/joint/fid_363/bef/20230520T142719_20230520T142902_T20LNR__S1A_IW_GRDH_1SDV_20230521T094937_20230521T095002_048630_05D957_8119
[ok joint] fid=363 bef -> 4 new .npy in /share/castor/home/e2406749/tropical_forest_disturbance/embeddings/joint/fid_363/bef/20230709T142719_20230709T142938_T20LNR__S1A_IW_GRDH_1SDV_20230708T094940_20230708T095005_049330_05EE9A_BD21
[ok joint] fid=363 bef -> 4 new .npy in /share/castor/home/e2406749/tropical_forest_disturbance/embeddings/joint/fid_363/bef/20230719T142719_20230719T142939_T20LNR__S1A_IW_GRDH_1SDV_20230720T094940_20230720T095005_049505_05F3ED_61B1
[ok joint] fid=363 bef -> 4 new .npy in /share/castor/home/e2406749/tropical_forest_disturbance/embeddings/joint/fid_363/bef/20230604T142721_20230604T142716_T20LNR__S1A_IW_GRDH_1SDV_20230602T094938_20230602T095003_048805_05DE8B_61F1
[ok joint] fid=363 bef -> 4 new .npy in /share/castor/home/e2406749/tropical_forest_disturbance/embeddings/joint/fid_363/bef/20230624T142721_20230624T142715_T20LNR__S1A_IW_GRDH_1SDV_20230626T094939_20230626T095004_049155_05E932_87DB
[ok joint] fid=363 bef -> 4 new .npy in /share/castor/home/e2406749/tropical_forest_disturbance/embeddings/joint/fid_363/bef/20230823T142721_20230823T143116_T20LNR__S1A_IW_GRDH_1SDV_20230825T094943_20230825T095008_050030_0604F6_5B1D
[ok joint] fid=363 bef -> 4 new .npy in /share/castor/home/e2406749/tropical_forest_disturbance/embeddings/joint/fid_363/bef/20230301T142709_20230301T142737_T20LNR__S1A_IW_GRDH_1SDV_20230226T094935_20230226T095000_047405_05B0D3_E8BA
[ok joint] fid=363 bef -> 4 new .npy in /share/castor/home/e2406749/tropical_forest_disturbance/embeddings/joint/fid_363/bef/20230430T142719_20230430T142714_T20LNR__S1A_IW_GRDH_1SDV_20230427T094936_20230427T095001_048280_05CE51_C3AC
[ok joint] fid=363 bef -> 4 new .npy in /share/castor/home/e2406749/tropical_forest_disturbance/embeddings/joint/fid_363/bef/20230729T142719_20230729T142718_T20LNR__S1A_IW_GRDH_1SDV_20230801T094941_20230801T095006_049680_05F959_7E64
[ok joint] fid=363 bef -> 4 new .npy in /share/castor/home/e2406749/tropical_forest_disturbance/embeddings/joint/fid_363/bef/20230609T142719_20230609T142938_T20LNR__S1A_IW_GRDH_1SDV_20230614T094938_20230614T095003_048980_05E3E7_B37E
[ok joint] fid=363 bef -> 4 new .npy in /share/castor/home/e2406749/tropical_forest_disturbance/embeddings/joint/fid_363/bef/20230808T142719_20230808T143119_T20LNR__S1A_IW_GRDH_1SDV_20230813T094942_20230813T095007_049855_05FF04_F481
[ok joint] fid=363 bef -> 4 new .npy in /share/castor/home/e2406749/tropical_forest_disturbance/embeddings/joint/fid_363/bef/20230515T142711_20230515T142713_T20LNR__S1A_IW_GRDH_1SDV_20230509T094937_20230509T095002_048455_05D42C_4A7D
[ok joint] fid=363 aft -> 4 new .npy in /share/castor/home/e2406749/tropical_forest_disturbance/embeddings/joint/fid_363/aft/20231002T142711_20231002T143108_T20LNR__S1A_IW_GRDH_1SDV_20230930T094944_20230930T095009_050555_0616E4_8B83
[ok joint] fid=363 aft -> 4 new .npy in /share/castor/home/e2406749/tropical_forest_disturbance/embeddings/joint/fid_363/aft/20231007T142709_20231007T142929_T20LNR__S1A_IW_GRDH_1SDV_20231012T094943_20231012T095008_050730_061CE6_B0FB
[ok joint] fid=101 bef -> 1 new .npy in /share/castor/home/e2406749/tropical_forest_disturbance/embeddings/joint/fid_101/bef/20230214T142711_20230214T143425_T20LNR__S1A_IW_GRDH_1SDV_20230214T094935_20230214T095000_047230_05AAD4_443E
[ok joint] fid=101 bef -> 1 new .npy in /share/castor/home/e2406749/tropical_forest_disturbance/embeddings/joint/fid_101/bef/20230430T142719_20230430T142714_T20LNR__S1A_IW_GRDH_1SDV_20230427T094936_20230427T095001_048280_05CE51_C3AC
[ok joint] fid=101 bef -> 1 new .npy in /share/castor/home/e2406749/tropical_forest_disturbance/embeddings/joint/fid_101/bef/20230115T142711_20230115T142817_T20LNR__S1A_IW_GRDH_1SDV_20230109T094936_20230109T095001_046705_05993A_763B
[ok joint] fid=101 evt -> 1 new .npy in /share/castor/home/e2406749/tropical_forest_disturbance/embeddings/joint/fid_101/evt/20230515T142711_20230515T142713_T20LNR__S1A_IW_GRDH_1SDV_20230509T094937_20230509T095002_048455_05D42C_4A7D
[ok joint] fid=101 aft -> 1 new .npy in /share/castor/home/e2406749/tropical_forest_disturbance/embeddings/joint/fid_101/aft/20230604T142721_20230604T142716_T20LNR__S1A_IW_GRDH_1SDV_20230602T094938_20230602T095003_048805_05DE8B_61F1
[ok joint] fid=112 bef -> 2 new .npy in /share/castor/home/e2406749/tropical_forest_disturbance/embeddings/joint/fid_112/bef/20230214T142711_20230214T143425_T20LNR__S1A_IW_GRDH_1SDV_20230214T094935_20230214T095000_047230_05AAD4_443E
[ok joint] fid=112 bef -> 2 new .npy in /share/castor/home/e2406749/tropical_forest_disturbance/embeddings/joint/fid_112/bef/20230224T142711_20230224T143045_T20LNR__S1A_IW_GRDH_1SDV_20230226T094935_20230226T095000_047405_05B0D3_E8BA
[ok joint] fid=112 bef -> 2 new .npy in /share/castor/home/e2406749/tropical_forest_disturbance/embeddings/joint/fid_112/bef/20230326T142711_20230326T142710_T20LNR__S1A_IW_GRDH_1SDV_20230322T094935_20230322T095000_047755_05BCAD_A5E4
[ok joint] fid=112 bef -> 2 new .npy in /share/castor/home/e2406749/tropical_forest_disturbance/embeddings/joint/fid_112/bef/20230115T142711_20230115T142817_T20LNR__S1A_IW_GRDH_1SDV_20230109T094936_20230109T095001_046705_05993A_763B
[ok joint] fid=112 bef -> 2 new .npy in /share/castor/home/e2406749/tropical_forest_disturbance/embeddings/joint/fid_112/bef/20230515T142711_20230515T142713_T20LNR__S1A_IW_GRDH_1SDV_20230509T094937_20230509T095002_048455_05D42C_4A7D
[ok joint] fid=112 evt -> 2 new .npy in /share/castor/home/e2406749/tropical_forest_disturbance/embeddings/joint/fid_112/evt/20230604T142721_20230604T142716_T20LNR__S1A_IW_GRDH_1SDV_20230602T094938_20230602T095003_048805_05DE8B_61F1
[ok joint] fid=112 aft -> 2 new .npy in /share/castor/home/e2406749/tropical_forest_disturbance/embeddings/joint/fid_112/aft/20230609T142719_20230609T142938_T20LNR__S1A_IW_GRDH_1SDV_20230614T094938_20230614T095003_048980_05E3E7_B37E
[ok joint] fid=320 bef -> 2 new .npy in /share/castor/home/e2406749/tropical_forest_disturbance/embeddings/joint/fid_320/bef/20230709T142719_20230709T142938_T20LNR__S1A_IW_GRDH_1SDV_20230708T094915_20230708T094940_049330_05EE9A_201B
[ok joint] fid=320 bef -> 2 new .npy in /share/castor/home/e2406749/tropical_forest_disturbance/embeddings/joint/fid_320/bef/20230604T142721_20230604T142716_T20LNR__S1A_IW_GRDH_1SDV_20230602T094913_20230602T094938_048805_05DE8B_7193
[ok joint] fid=320 bef -> 2 new .npy in /share/castor/home/e2406749/tropical_forest_disturbance/embeddings/joint/fid_320/bef/20230624T142721_20230624T142715_T20LNR__S1A_IW_GRDH_1SDV_20230626T094914_20230626T094939_049155_05E932_8E24
[ok joint] fid=320 bef -> 2 new .npy in /share/castor/home/e2406749/tropical_forest_disturbance/embeddings/joint/fid_320/bef/20230430T142719_20230430T142714_T20LNR__S1A_IW_GRDH_1SDV_20230427T094911_20230427T094936_048280_05CE51_9F1D
[ok joint] fid=320 bef -> 2 new .npy in /share/castor/home/e2406749/tropical_forest_disturbance/embeddings/joint/fid_320/bef/20230525T142721_20230525T142853_T20LNR__S1A_IW_GRDH_1SDV_20230521T094912_20230521T094937_048630_05D957_8539
[ok joint] fid=320 bef -> 2 new .npy in /share/castor/home/e2406749/tropical_forest_disturbance/embeddings/joint/fid_320/bef/20230609T142719_20230609T142938_T20LNR__S1A_IW_GRDH_1SDV_20230614T094913_20230614T094938_048980_05E3E7_6485
[ok joint] fid=320 bef -> 2 new .npy in /share/castor/home/e2406749/tropical_forest_disturbance/embeddings/joint/fid_320/bef/20230515T142711_20230515T142713_T20LNR__S1A_IW_GRDH_1SDV_20230509T094912_20230509T094937_048455_05D42C_BB80
[ok joint] fid=320 evt -> 2 new .npy in /share/castor/home/e2406749/tropical_forest_disturbance/embeddings/joint/fid_320/evt/20230729T142719_20230729T142718_T20LNR__S1A_IW_GRDH_1SDV_20230801T094916_20230801T094941_049680_05F959_E6F2
[ok joint] fid=320 evt -> 2 new .npy in /share/castor/home/e2406749/tropical_forest_disturbance/embeddings/joint/fid_320/evt/20230724T142721_20230724T142717_T20LNR__S1A_IW_GRDH_1SDV_20230720T094915_20230720T094940_049505_05F3ED_2372
[ok joint] fid=320 aft -> 2 new .npy in /share/castor/home/e2406749/tropical_forest_disturbance/embeddings/joint/fid_320/aft/20230808T142719_20230808T143119_T20LNR__S1A_IW_GRDH_1SDV_20230813T094917_20230813T094942_049855_05FF04_E952
[ok joint] fid=387 bef -> 2 new .npy in /share/castor/home/e2406749/tropical_forest_disturbance/embeddings/joint/fid_387/bef/20230214T142711_20230214T143425_T20LNR__S1A_IW_GRDH_1SDV_20230214T094935_20230214T095000_047230_05AAD4_443E
[ok joint] fid=387 bef -> 2 new .npy in /share/castor/home/e2406749/tropical_forest_disturbance/embeddings/joint/fid_387/bef/20230520T142719_20230520T142902_T20LNR__S1A_IW_GRDH_1SDV_20230521T094937_20230521T095002_048630_05D957_8119
[ok joint] fid=387 bef -> 2 new .npy in /share/castor/home/e2406749/tropical_forest_disturbance/embeddings/joint/fid_387/bef/20230709T142719_20230709T142938_T20LNR__S1A_IW_GRDH_1SDV_20230708T094940_20230708T095005_049330_05EE9A_BD21
[ok joint] fid=387 bef -> 2 new .npy in /share/castor/home/e2406749/tropical_forest_disturbance/embeddings/joint/fid_387/bef/20230604T142721_20230604T142716_T20LNR__S1A_IW_GRDH_1SDV_20230602T094938_20230602T095003_048805_05DE8B_61F1
[ok joint] fid=387 bef -> 2 new .npy in /share/castor/home/e2406749/tropical_forest_disturbance/embeddings/joint/fid_387/bef/20230624T142721_20230624T142715_T20LNR__S1A_IW_GRDH_1SDV_20230626T094939_20230626T095004_049155_05E932_87DB
[ok joint] fid=387 bef -> 2 new .npy in /share/castor/home/e2406749/tropical_forest_disturbance/embeddings/joint/fid_387/bef/20230803T142721_20230803T143434_T20LNR__S1A_IW_GRDH_1SDV_20230801T094941_20230801T095006_049680_05F959_7E64
[ok joint] fid=387 bef -> 2 new .npy in /share/castor/home/e2406749/tropical_forest_disturbance/embeddings/joint/fid_387/bef/20230430T142719_20230430T142714_T20LNR__S1A_IW_GRDH_1SDV_20230427T094936_20230427T095001_048280_05CE51_C3AC
[ok joint] fid=387 bef -> 2 new .npy in /share/castor/home/e2406749/tropical_forest_disturbance/embeddings/joint/fid_387/bef/20230724T142721_20230724T142717_T20LNR__S1A_IW_GRDH_1SDV_20230720T094940_20230720T095005_049505_05F3ED_61B1
[ok joint] fid=387 bef -> 2 new .npy in /share/castor/home/e2406749/tropical_forest_disturbance/embeddings/joint/fid_387/bef/20230420T142719_20230420T142714_T20LNR__S1A_IW_GRDH_1SDV_20230415T094936_20230415T095001_048105_05C876_7D01
[ok joint] fid=387 bef -> 2 new .npy in /share/castor/home/e2406749/tropical_forest_disturbance/embeddings/joint/fid_387/bef/20230609T142719_20230609T142938_T20LNR__S1A_IW_GRDH_1SDV_20230614T094938_20230614T095003_048980_05E3E7_B37E
[ok joint] fid=387 bef -> 2 new .npy in /share/castor/home/e2406749/tropical_forest_disturbance/embeddings/joint/fid_387/bef/20230515T142711_20230515T142713_T20LNR__S1A_IW_GRDH_1SDV_20230509T094937_20230509T095002_048455_05D42C_4A7D
[ok joint] fid=387 evt -> 2 new .npy in /share/castor/home/e2406749/tropical_forest_disturbance/embeddings/joint/fid_387/evt/20230818T142719_20230818T143227_T20LNR__S1A_IW_GRDH_1SDV_20230813T094942_20230813T095007_049855_05FF04_F481
[ok joint] fid=387 aft -> 2 new .npy in /share/castor/home/e2406749/tropical_forest_disturbance/embeddings/joint/fid_387/aft/20230823T142721_20230823T143116_T20LNR__S1A_IW_GRDH_1SDV_20230825T094943_20230825T095008_050030_0604F6_5B1D
[ok joint] fid=281 bef -> 1 new .npy in /share/castor/home/e2406749/tropical_forest_disturbance/embeddings/joint/fid_281/bef/20230214T142711_20230214T143425_T20LMR__S1A_IW_GRDH_1SDV_20230214T094935_20230214T095000_047230_05AAD4_443E
[ok joint] fid=281 bef -> 1 new .npy in /share/castor/home/e2406749/tropical_forest_disturbance/embeddings/joint/fid_281/bef/20230301T142709_20230301T142737_T20LMR__S1A_IW_GRDH_1SDV_20230226T094935_20230226T095000_047405_05B0D3_E8BA
[ok joint] fid=281 bef -> 1 new .npy in /share/castor/home/e2406749/tropical_forest_disturbance/embeddings/joint/fid_281/bef/20230430T142719_20230430T142714_T20LMR__S1A_IW_GRDH_1SDV_20230427T094936_20230427T095001_048280_05CE51_C3AC
[ok joint] fid=281 evt -> 1 new .npy in /share/castor/home/e2406749/tropical_forest_disturbance/embeddings/joint/fid_281/evt/20230515T142711_20230515T142713_T20LMR__S1A_IW_GRDH_1SDV_20230509T094937_20230509T095002_048455_05D42C_4A7D
[ok joint] fid=281 aft -> 1 new .npy in /share/castor/home/e2406749/tropical_forest_disturbance/embeddings/joint/fid_281/aft/20230604T142721_20230604T142716_T20LMR__S1A_IW_GRDH_1SDV_20230602T094938_20230602T095003_048805_05DE8B_61F1
[ok joint] fid=240 bef -> 2 new .npy in /share/castor/home/e2406749/tropical_forest_disturbance/embeddings/joint/fid_240/bef/20230214T142711_20230214T143425_T20LNR__S1A_IW_GRDH_1SDV_20230214T094935_20230214T095000_047230_05AAD4_443E
[ok joint] fid=240 bef -> 2 new .npy in /share/castor/home/e2406749/tropical_forest_disturbance/embeddings/joint/fid_240/bef/20230520T142719_20230520T142902_T20LNR__S1A_IW_GRDH_1SDV_20230521T094937_20230521T095002_048630_05D957_8119
[ok joint] fid=240 bef -> 2 new .npy in /share/castor/home/e2406749/tropical_forest_disturbance/embeddings/joint/fid_240/bef/20230301T142709_20230301T142737_T20LNR__S1A_IW_GRDH_1SDV_20230226T094935_20230226T095000_047405_05B0D3_E8BA
[ok joint] fid=240 bef -> 2 new .npy in /share/castor/home/e2406749/tropical_forest_disturbance/embeddings/joint/fid_240/bef/20230115T142711_20230115T142817_T20LNR__S1A_IW_GRDH_1SDV_20230109T094936_20230109T095001_046705_05993A_763B
[ok joint] fid=240 bef -> 2 new .npy in /share/castor/home/e2406749/tropical_forest_disturbance/embeddings/joint/fid_240/bef/20230515T142711_20230515T142713_T20LNR__S1A_IW_GRDH_1SDV_20230509T094937_20230509T095002_048455_05D42C_4A7D
[ok joint] fid=240 evt -> 2 new .npy in /share/castor/home/e2406749/tropical_forest_disturbance/embeddings/joint/fid_240/evt/20230609T142719_20230609T142938_T20LNR__S1A_IW_GRDH_1SDV_20230614T094938_20230614T095003_048980_05E3E7_B37E
[ok joint] fid=240 aft -> 2 new .npy in /share/castor/home/e2406749/tropical_forest_disturbance/embeddings/joint/fid_240/aft/20230624T142721_20230624T142715_T20LNR__S1A_IW_GRDH_1SDV_20230626T094939_20230626T095004_049155_05E932_87DB
[ok joint] fid=240 aft -> 2 new .npy in /share/castor/home/e2406749/tropical_forest_disturbance/embeddings/joint/fid_240/aft/20230704T142721_20230704T142729_T20LNR__S1A_IW_GRDH_1SDV_20230708T094940_20230708T095005_049330_05EE9A_BD21
[ok joint] fid=113 bef -> 4 new .npy in /share/castor/home/e2406749/tropical_forest_disturbance/embeddings/joint/fid_113/bef/20230604T142721_20230604T142716_T20LNR__S1A_IW_GRDH_1SDV_20230602T094913_20230602T094938_048805_05DE8B_7193
[ok joint] fid=113 bef -> 4 new .npy in /share/castor/home/e2406749/tropical_forest_disturbance/embeddings/joint/fid_113/bef/20230430T142719_20230430T142714_T20LNR__S1A_IW_GRDH_1SDV_20230427T094911_20230427T094936_048280_05CE51_9F1D
[ok joint] fid=113 bef -> 4 new .npy in /share/castor/home/e2406749/tropical_forest_disturbance/embeddings/joint/fid_113/bef/20230515T142711_20230515T142713_T20LNR__S1A_IW_GRDH_1SDV_20230509T094912_20230509T094937_048455_05D42C_BB80
[ok joint] fid=113 evt -> 4 new .npy in /share/castor/home/e2406749/tropical_forest_disturbance/embeddings/joint/fid_113/evt/20230609T142719_20230609T142938_T20LNR__S1A_IW_GRDH_1SDV_20230614T094913_20230614T094938_048980_05E3E7_6485
[ok joint] fid=113 aft -> 4 new .npy in /share/castor/home/e2406749/tropical_forest_disturbance/embeddings/joint/fid_113/aft/20230709T142719_20230709T142938_T20LNR__S1A_IW_GRDH_1SDV_20230708T094915_20230708T094940_049330_05EE9A_201B
[ok joint] fid=113 aft -> 4 new .npy in /share/castor/home/e2406749/tropical_forest_disturbance/embeddings/joint/fid_113/aft/20230624T142721_20230624T142715_T20LNR__S1A_IW_GRDH_1SDV_20230626T094914_20230626T094939_049155_05E932_8E24
[ok joint] fid=180 bef -> 1 new .npy in /share/castor/home/e2406749/tropical_forest_disturbance/embeddings/joint/fid_180/bef/20230214T142711_20230214T143425_T20LNR__S1A_IW_GRDH_1SDV_20230214T094935_20230214T095000_047230_05AAD4_443E
[ok joint] fid=180 bef -> 1 new .npy in /share/castor/home/e2406749/tropical_forest_disturbance/embeddings/joint/fid_180/bef/20230604T142721_20230604T142716_T20LNR__S1A_IW_GRDH_1SDV_20230602T094938_20230602T095003_048805_05DE8B_61F1
[ok joint] fid=180 bef -> 1 new .npy in /share/castor/home/e2406749/tropical_forest_disturbance/embeddings/joint/fid_180/bef/20230301T142709_20230301T142737_T20LNR__S1A_IW_GRDH_1SDV_20230226T094935_20230226T095000_047405_05B0D3_E8BA
[ok joint] fid=180 bef -> 1 new .npy in /share/castor/home/e2406749/tropical_forest_disturbance/embeddings/joint/fid_180/bef/20230430T142719_20230430T142714_T20LNR__S1A_IW_GRDH_1SDV_20230427T094936_20230427T095001_048280_05CE51_C3AC
[ok joint] fid=180 bef -> 1 new .npy in /share/castor/home/e2406749/tropical_forest_disturbance/embeddings/joint/fid_180/bef/20230115T142711_20230115T142817_T20LNR__S1A_IW_GRDH_1SDV_20230109T094936_20230109T095001_046705_05993A_763B
[ok joint] fid=180 bef -> 1 new .npy in /share/castor/home/e2406749/tropical_forest_disturbance/embeddings/joint/fid_180/bef/20230515T142711_20230515T142713_T20LNR__S1A_IW_GRDH_1SDV_20230509T094937_20230509T095002_048455_05D42C_4A7D
[ok joint] fid=180 evt -> 1 new .npy in /share/castor/home/e2406749/tropical_forest_disturbance/embeddings/joint/fid_180/evt/20230609T142719_20230609T142938_T20LNR__S1A_IW_GRDH_1SDV_20230614T094938_20230614T095003_048980_05E3E7_B37E
[ok joint] fid=180 aft -> 1 new .npy in /share/castor/home/e2406749/tropical_forest_disturbance/embeddings/joint/fid_180/aft/20230709T142719_20230709T142938_T20LNR__S1A_IW_GRDH_1SDV_20230708T094940_20230708T095005_049330_05EE9A_BD21
[ok joint] fid=180 aft -> 1 new .npy in /share/castor/home/e2406749/tropical_forest_disturbance/embeddings/joint/fid_180/aft/20230624T142721_20230624T142715_T20LNR__S1A_IW_GRDH_1SDV_20230626T094939_20230626T095004_049155_05E932_87DB
[ok joint] fid=115 bef -> 3 new .npy in /share/castor/home/e2406749/tropical_forest_disturbance/embeddings/joint/fid_115/bef/20230214T142711_20230214T143425_T20LNR__S1A_IW_GRDH_1SDV_20230214T094935_20230214T095000_047230_05AAD4_443E
[ok joint] fid=115 bef -> 3 new .npy in /share/castor/home/e2406749/tropical_forest_disturbance/embeddings/joint/fid_115/bef/20230604T142721_20230604T142716_T20LNR__S1A_IW_GRDH_1SDV_20230602T094938_20230602T095003_048805_05DE8B_61F1
[ok joint] fid=115 bef -> 3 new .npy in /share/castor/home/e2406749/tropical_forest_disturbance/embeddings/joint/fid_115/bef/20230420T142719_20230420T142714_T20LNR__S1A_IW_GRDH_1SDV_20230415T094936_20230415T095001_048105_05C876_7D01
[ok joint] fid=115 bef -> 3 new .npy in /share/castor/home/e2406749/tropical_forest_disturbance/embeddings/joint/fid_115/bef/20230515T142711_20230515T142713_T20LNR__S1A_IW_GRDH_1SDV_20230509T094937_20230509T095002_048455_05D42C_4A7D
[ok joint] fid=115 evt -> 3 new .npy in /share/castor/home/e2406749/tropical_forest_disturbance/embeddings/joint/fid_115/evt/20230619T142719_20230619T142934_T20LNR__S1A_IW_GRDH_1SDV_20230614T094938_20230614T095003_048980_05E3E7_B37E
[ok joint] fid=115 aft -> 3 new .npy in /share/castor/home/e2406749/tropical_forest_disturbance/embeddings/joint/fid_115/aft/20230709T142719_20230709T142938_T20LNR__S1A_IW_GRDH_1SDV_20230708T094940_20230708T095005_049330_05EE9A_BD21
[ok joint] fid=116 bef -> 1 new .npy in /share/castor/home/e2406749/tropical_forest_disturbance/embeddings/joint/fid_116/bef/20230214T142711_20230214T143425_T20LNR__S1A_IW_GRDH_1SDV_20230214T094935_20230214T095000_047230_05AAD4_443E
[ok joint] fid=116 bef -> 1 new .npy in /share/castor/home/e2406749/tropical_forest_disturbance/embeddings/joint/fid_116/bef/20230520T142719_20230520T142902_T20LNR__S1A_IW_GRDH_1SDV_20230521T094937_20230521T095002_048630_05D957_8119
[ok joint] fid=116 bef -> 1 new .npy in /share/castor/home/e2406749/tropical_forest_disturbance/embeddings/joint/fid_116/bef/20230604T142721_20230604T142716_T20LNR__S1A_IW_GRDH_1SDV_20230602T094938_20230602T095003_048805_05DE8B_61F1
[ok joint] fid=116 bef -> 1 new .npy in /share/castor/home/e2406749/tropical_forest_disturbance/embeddings/joint/fid_116/bef/20230301T142709_20230301T142737_T20LNR__S1A_IW_GRDH_1SDV_20230226T094935_20230226T095000_047405_05B0D3_E8BA
[ok joint] fid=116 bef -> 1 new .npy in /share/castor/home/e2406749/tropical_forest_disturbance/embeddings/joint/fid_116/bef/20230609T142719_20230609T142938_T20LNR__S1A_IW_GRDH_1SDV_20230614T094938_20230614T095003_048980_05E3E7_B37E
[ok joint] fid=116 bef -> 1 new .npy in /share/castor/home/e2406749/tropical_forest_disturbance/embeddings/joint/fid_116/bef/20230115T142711_20230115T142817_T20LNR__S1A_IW_GRDH_1SDV_20230109T094936_20230109T095001_046705_05993A_763B
[ok joint] fid=116 bef -> 1 new .npy in /share/castor/home/e2406749/tropical_forest_disturbance/embeddings/joint/fid_116/bef/20230515T142711_20230515T142713_T20LNR__S1A_IW_GRDH_1SDV_20230509T094937_20230509T095002_048455_05D42C_4A7D
[ok joint] fid=116 evt -> 1 new .npy in /share/castor/home/e2406749/tropical_forest_disturbance/embeddings/joint/fid_116/evt/20230624T142721_20230624T142715_T20LNR__S1A_IW_GRDH_1SDV_20230626T094939_20230626T095004_049155_05E932_87DB
[ok joint] fid=116 aft -> 1 new .npy in /share/castor/home/e2406749/tropical_forest_disturbance/embeddings/joint/fid_116/aft/20230709T142719_20230709T142938_T20LNR__S1A_IW_GRDH_1SDV_20230708T094940_20230708T095005_049330_05EE9A_BD21
[ok joint] fid=116 aft -> 1 new .npy in /share/castor/home/e2406749/tropical_forest_disturbance/embeddings/joint/fid_116/aft/20230719T142719_20230719T142939_T20LNR__S1A_IW_GRDH_1SDV_20230720T094940_20230720T095005_049505_05F3ED_61B1
[ok joint] fid=384 bef -> 11 new .npy in /share/castor/home/e2406749/tropical_forest_disturbance/embeddings/joint/fid_384/bef/20230709T142719_20230709T142938_T20LMR__S1A_IW_GRDH_1SDV_20230708T094915_20230708T094940_049330_05EE9A_201B
[ok joint] fid=384 bef -> 11 new .npy in /share/castor/home/e2406749/tropical_forest_disturbance/embeddings/joint/fid_384/bef/20230604T142721_20230604T142716_T20LMR__S1A_IW_GRDH_1SDV_20230602T094913_20230602T094938_048805_05DE8B_7193
[ok joint] fid=384 bef -> 11 new .npy in /share/castor/home/e2406749/tropical_forest_disturbance/embeddings/joint/fid_384/bef/20230823T142721_20230823T143116_T20LMR__S1A_IW_GRDH_1SDV_20230825T094918_20230825T094943_050030_0604F6_59F6
[ok joint] fid=384 bef -> 11 new .npy in /share/castor/home/e2406749/tropical_forest_disturbance/embeddings/joint/fid_384/bef/20230629T142719_20230629T143340_T20LMR__S1A_IW_GRDH_1SDV_20230626T094914_20230626T094939_049155_05E932_8E24
[ok joint] fid=384 bef -> 11 new .npy in /share/castor/home/e2406749/tropical_forest_disturbance/embeddings/joint/fid_384/bef/20230729T142719_20230729T142718_T20LMR__S1A_IW_GRDH_1SDV_20230801T094916_20230801T094941_049680_05F959_E6F2
[ok joint] fid=384 bef -> 11 new .npy in /share/castor/home/e2406749/tropical_forest_disturbance/embeddings/joint/fid_384/bef/20230724T142721_20230724T142717_T20LMR__S1A_IW_GRDH_1SDV_20230720T094915_20230720T094940_049505_05F3ED_2372
[ok joint] fid=384 bef -> 11 new .npy in /share/castor/home/e2406749/tropical_forest_disturbance/embeddings/joint/fid_384/bef/20230609T142719_20230609T142938_T20LMR__S1A_IW_GRDH_1SDV_20230614T094913_20230614T094938_048980_05E3E7_6485
[ok joint] fid=384 bef -> 11 new .npy in /share/castor/home/e2406749/tropical_forest_disturbance/embeddings/joint/fid_384/bef/20230808T142719_20230808T143119_T20LMR__S1A_IW_GRDH_1SDV_20230813T094917_20230813T094942_049855_05FF04_E952
[ok joint] fid=384 bef -> 11 new .npy in /share/castor/home/e2406749/tropical_forest_disturbance/embeddings/joint/fid_384/bef/20230515T142711_20230515T142713_T20LMR__S1A_IW_GRDH_1SDV_20230509T094912_20230509T094937_048455_05D42C_BB80
[ok joint] fid=384 evt -> 11 new .npy in /share/castor/home/e2406749/tropical_forest_disturbance/embeddings/joint/fid_384/evt/20230902T142721_20230902T143115_T20LMR__S1A_IW_GRDH_1SDV_20230906T094918_20230906T094943_050205_060AF4_C05C
[ok joint] fid=384 aft -> 11 new .npy in /share/castor/home/e2406749/tropical_forest_disturbance/embeddings/joint/fid_384/aft/20231002T142711_20231002T143108_T20LMR__S1A_IW_GRDH_1SDV_20230930T094919_20230930T094944_050555_0616E4_C554
[csv] v2_images_s2_s1.csv
[ok joint] fid=363 bef -> 4 new .npy in /share/castor/home/e2406749/tropical_forest_disturbance/embeddings/joint/fid_363/bef/20230902T142721_20230902T143115_T20LNR__S1A_IW_GRDH_1SDV_20230906T094943_20230906T095008_050205_060AF4_E713
[ok joint] fid=387 bef -> 2 new .npy in /share/castor/home/e2406749/tropical_forest_disturbance/embeddings/joint/fid_387/bef/20230525T142721_20230525T142853_T20LNR__S1A_IW_GRDH_1SDV_20230521T094937_20230521T095002_048630_05D957_8119
[ok joint] fid=248 bef -> 2 new .npy in /share/castor/home/e2406749/tropical_forest_disturbance/embeddings/joint/fid_248/bef/20230515T142711_20230515T142713_T20LNR__S1A_IW_GRDH_1SDV_20230509T094912_20230509T094937_048455_05D42C_BB80
[ok joint] fid=315 bef -> 2 new .npy in /share/castor/home/e2406749/tropical_forest_disturbance/embeddings/joint/fid_315/bef/20230525T142721_20230525T142853_T20LNR__S1A_IW_GRDH_1SDV_20230521T094937_20230521T095002_048630_05D957_8119
[ok joint] fid=3 bef -> 7 new .npy in /share/castor/home/e2406749/tropical_forest_disturbance/embeddings/joint/fid_3/bef/20230818T142719_20230818T143227_T20LNR__S1A_IW_GRDH_1SDV_20230813T094942_20230813T095007_049855_05FF04_F481
[csv] v3_images_s2_s1.csv
[ok joint] fid=165 aft -> 1 new .npy in /share/castor/home/e2406749/tropical_forest_disturbance/embeddings/joint/fid_165/aft/20230609T142719_20230609T142938_T20LNR__S1A_IW_GRDH_1SDV_20230602T094913_20230602T094938_048805_05DE8B_7193
[ok joint] fid=115 bef -> 3 new .npy in /share/castor/home/e2406749/tropical_forest_disturbance/embeddings/joint/fid_115/bef/20230609T142719_20230609T142938_T20LNR__S1A_IW_GRDH_1SDV_20230602T094938_20230602T095003_048805_05DE8B_61F1
[ok joint] fid=315 aft -> 2 new .npy in /share/castor/home/e2406749/tropical_forest_disturbance/embeddings/joint/fid_315/aft/20230818T142719_20230818T143227_T20LNR__S1A_IW_GRDH_1SDV_20230813T094942_20230813T095007_049855_05FF04_F481
[ok joint] fid=125 bef -> 2 new .npy in /share/castor/home/e2406749/tropical_forest_disturbance/embeddings/joint/fid_125/bef/20230724T142721_20230724T142717_T20LNR__S1A_IW_GRDH_1SDV_20230720T094915_20230720T094940_049505_05F3ED_2372

[done] 321 unique (fid, window, S2, S1) pairs processed in 0.7 min
Fin: ven. 26 juin 2026 10:02:06 CEST
