Node: sn3 | CPUs: 4 | FID: 389 | Start: dim. 02 août 2026 17:29:00 CEST

=== log_reg | fid 389 | Degradation | VIEW_DATE 2023-09-29

--- joint / log_reg
      date win  n_tok  n_tiles   p_dist  p_class  n_nonforest
2023-02-14 bef      7        1 0.416523 0.101534            0
2023-03-01 bef      7        1 0.684277 0.053414            2
2023-04-20 bef      7        1 0.624161 0.028158            4
2023-05-10 bef      7        1 0.294506 0.008702            2
2023-05-20 bef      7        1 0.374276 0.051555            0
2023-06-04 bef      7        1 0.963961 0.236017            7
2023-06-09 bef      7        1 0.983510 0.068135            7
2023-06-29 bef      7        1 0.986867 0.073611            7
2023-07-09 bef      7        1 0.974212 0.099134            7
2023-07-19 bef      7        1 0.982125 0.187835            7
2023-07-29 bef      7        1 0.981851 0.231193            7
2023-08-08 bef      7        1 0.973346 0.145471            7
2023-08-23 bef      7        1 0.922422 0.673590            7
2023-08-28 bef      7        1 0.964088 0.354706            7
2023-09-02 bef      7        1 0.980943 0.078675            7
2023-09-12 bef      7        1 0.978742 0.464442            7
2023-10-02 evt      7        1 0.944735 0.406993            7
2023-10-12 aft      7        1 0.968386 0.283001            7
2023-10-17 aft      7        1 0.692931 0.256188            3
saved results_nrt/fid_389/log_reg/nrt_fid389_joint_log_reg.pdf

--- joint_binary / log_reg
      date win  n_tok  n_tiles   p_dist  n_nonforest
2023-02-14 bef      7        1 0.110931            0
2023-03-01 bef      7        1 0.380361            1
2023-04-20 bef      7        1 0.066998            0
2023-05-10 bef      7        1 0.026945            0
2023-05-20 bef      7        1 0.046593            0
2023-06-04 bef      7        1 0.877755            7
2023-06-09 bef      7        1 0.929553            7
2023-06-29 bef      7        1 0.952237            7
2023-07-09 bef      7        1 0.907532            7
2023-07-19 bef      7        1 0.939309            7
2023-07-29 bef      7        1 0.935684            7
2023-08-08 bef      7        1 0.909640            7
2023-08-23 bef      7        1 0.534748            4
2023-08-28 bef      7        1 0.840579            6
2023-09-02 bef      7        1 0.963890            7
2023-09-12 bef      7        1 0.724153            5
2023-10-02 evt      7        1 0.790124            6
2023-10-12 aft      7        1 0.746006            6
2023-10-17 aft      7        1 0.353009            2
saved results_nrt/fid_389/log_reg/nrt_fid389_joint_binary_log_reg.pdf

--- optical / log_reg
      date win  n_tok  n_tiles   p_dist  p_class  n_nonforest
2023-02-14 bef      7        1 0.322639 0.048900            1
2023-03-01 bef      7        1 0.407426 0.059464            2
2023-04-20 bef      7        1 0.538107 0.006588            4
2023-05-10 bef      7        1 0.325326 0.004222            2
2023-05-15 bef      7        1 0.940579 0.046682            7
2023-05-20 bef      7        1 0.160253 0.010842            0
2023-06-04 bef      7        1 0.936082 0.074380            6
2023-06-09 bef      7        1 0.961039 0.051556            7
2023-06-29 bef      7        1 0.976998 0.064679            7
2023-07-04 bef      7        1 0.986288 0.192007            7
2023-07-09 bef      7        1 0.970583 0.072787            7
2023-07-14 bef      7        1 0.945270 0.162964            7
2023-07-19 bef      7        1 0.975500 0.071833            7
2023-07-24 bef      7        1 0.975073 0.147881            7
2023-07-29 bef      7        1 0.959439 0.097889            7
2023-08-08 bef      7        1 0.927092 0.076798            6
2023-08-23 bef      7        1 0.838746 0.499215            6
2023-08-28 bef      7        1 0.897847 0.163112            6
2023-09-02 bef      7        1 0.940861 0.057994            7
2023-09-12 bef      7        1 0.928719 0.308201            7
2023-09-22 evt      7        1 0.960188 0.188642            7
2023-10-02 evt      7        1 0.945674 0.195386            7
2023-10-07 aft      7        1 0.916142 0.167722            7
2023-10-12 aft      7        1 0.934817 0.141640            7
2023-10-17 aft      7        1 0.737252 0.052754            5
saved results_nrt/fid_389/log_reg/nrt_fid389_optical_log_reg.pdf

--- optical_binary / log_reg
      date win  n_tok  n_tiles   p_dist  n_nonforest
2023-02-14 bef      7        1 0.220631            1
2023-03-01 bef      7        1 0.169271            1
2023-04-20 bef      7        1 0.057797            0
2023-05-10 bef      7        1 0.022939            0
2023-05-15 bef      7        1 0.896961            7
2023-05-20 bef      7        1 0.023940            0
2023-06-04 bef      7        1 0.848999            6
2023-06-09 bef      7        1 0.889554            6
2023-06-29 bef      7        1 0.931935            7
2023-07-04 bef      7        1 0.951643            7
2023-07-09 bef      7        1 0.920035            7
2023-07-14 bef      7        1 0.854334            6
2023-07-19 bef      7        1 0.933037            7
2023-07-24 bef      7        1 0.931151            7
2023-07-29 bef      7        1 0.893362            6
2023-08-08 bef      7        1 0.826193            6
2023-08-23 bef      7        1 0.755917            6
2023-08-28 bef      7        1 0.783719            6
2023-09-02 bef      7        1 0.904688            7
2023-09-12 bef      7        1 0.741023            6
2023-09-22 evt      7        1 0.815027            6
2023-10-02 evt      7        1 0.758937            6
2023-10-07 aft      7        1 0.834574            6
2023-10-12 aft      7        1 0.674754            6
2023-10-17 aft      7        1 0.283488            1
saved results_nrt/fid_389/log_reg/nrt_fid389_optical_binary_log_reg.pdf
saved results_nrt/fid_389/log_reg/nrt_fid389_compare_log_reg.pdf

=== rf | fid 389 | Degradation | VIEW_DATE 2023-09-29

--- joint / rf
      date win  n_tok  n_tiles   p_dist  p_class  n_nonforest
2023-02-14 bef      7        1 0.682714 0.197000            2
2023-03-01 bef      7        1 0.611714 0.178000            0
2023-04-20 bef      7        1 0.569286 0.105429            1
2023-05-10 bef      7        1 0.507571 0.092000            0
2023-05-20 bef      7        1 0.551571 0.119857            0
2023-06-04 bef      7        1 0.862714 0.186857            6
2023-06-09 bef      7        1 0.898857 0.175286            7
2023-06-29 bef      7        1 0.894714 0.160429            7
2023-07-09 bef      7        1 0.891286 0.163000            6
2023-07-19 bef      7        1 0.916000 0.195286            7
2023-07-29 bef      7        1 0.903857 0.226429            7
2023-08-08 bef      7        1 0.898571 0.198714            7
2023-08-23 bef      7        1 0.820000 0.328143            5
2023-08-28 bef      7        1 0.908000 0.264429            7
2023-09-02 bef      7        1 0.924714 0.247429            7
2023-09-12 bef      7        1 0.899286 0.394714            7
2023-10-02 evt      7        1 0.893571 0.346857            7
2023-10-12 aft      7        1 0.889429 0.323857            7
2023-10-17 aft      7        1 0.721857 0.262571            5
saved results_nrt/fid_389/rf/nrt_fid389_joint_rf.pdf

--- joint_binary / rf
      date win  n_tok  n_tiles   p_dist  n_nonforest
2023-02-14 bef      7        1 0.418000            2
2023-03-01 bef      7        1 0.240571            0
2023-04-20 bef      7        1 0.108143            0
2023-05-10 bef      7        1 0.045000            0
2023-05-20 bef      7        1 0.168286            0
2023-06-04 bef      7        1 0.786286            7
2023-06-09 bef      7        1 0.849286            7
2023-06-29 bef      7        1 0.841429            7
2023-07-09 bef      7        1 0.846857            7
2023-07-19 bef      7        1 0.892286            7
2023-07-29 bef      7        1 0.866571            7
2023-08-08 bef      7        1 0.850286            7
2023-08-23 bef      7        1 0.598571            5
2023-08-28 bef      7        1 0.842429            7
2023-09-02 bef      7        1 0.892857            7
2023-09-12 bef      7        1 0.717714            6
2023-10-02 evt      7        1 0.736286            6
2023-10-12 aft      7        1 0.706714            6
2023-10-17 aft      7        1 0.345429            0
saved results_nrt/fid_389/rf/nrt_fid389_joint_binary_rf.pdf

--- optical / rf
      date win  n_tok  n_tiles   p_dist  p_class  n_nonforest
2023-02-14 bef      7        1 0.720071 0.184857            3
2023-03-01 bef      7        1 0.619381 0.167429            1
2023-04-20 bef      7        1 0.525214 0.098143            0
2023-05-10 bef      7        1 0.436143 0.113143            0
2023-05-15 bef      7        1 0.848714 0.157286            7
2023-05-20 bef      7        1 0.520429 0.126714            0
2023-06-04 bef      7        1 0.846321 0.185000            6
2023-06-09 bef      7        1 0.860714 0.173000            6
2023-06-29 bef      7        1 0.867714 0.173000            6
2023-07-04 bef      7        1 0.884857 0.201429            6
2023-07-09 bef      7        1 0.859679 0.175571            6
2023-07-14 bef      7        1 0.861357 0.203286            6
2023-07-19 bef      7        1 0.864357 0.188429            6
2023-07-24 bef      7        1 0.867714 0.204286            6
2023-07-29 bef      7        1 0.851071 0.200000            6
2023-08-08 bef      7        1 0.845643 0.181571            6
2023-08-23 bef      7        1 0.831476 0.222857            5
2023-08-28 bef      7        1 0.846643 0.207000            6
2023-09-02 bef      7        1 0.849143 0.204000            6
2023-09-12 bef      7        1 0.856286 0.209714            6
2023-09-22 evt      7        1 0.862286 0.225000            6
2023-10-02 evt      7        1 0.841571 0.203857            6
2023-10-07 aft      7        1 0.840286 0.200429            6
2023-10-12 aft      7        1 0.842286 0.205143            6
2023-10-17 aft      7        1 0.750000 0.179429            5
saved results_nrt/fid_389/rf/nrt_fid389_optical_rf.pdf

--- optical_binary / rf
      date win  n_tok  n_tiles   p_dist  n_nonforest
2023-02-14 bef      7        1 0.498952            3
2023-03-01 bef      7        1 0.314714            1
2023-04-20 bef      7        1 0.173179            0
2023-05-10 bef      7        1 0.092571            0
2023-05-15 bef      7        1 0.743393            7
2023-05-20 bef      7        1 0.200929            0
2023-06-04 bef      7        1 0.740181            6
2023-06-09 bef      7        1 0.787190            6
2023-06-29 bef      7        1 0.802143            6
2023-07-04 bef      7        1 0.809714            6
2023-07-09 bef      7        1 0.796343            6
2023-07-14 bef      7        1 0.758571            6
2023-07-19 bef      7        1 0.792857            6
2023-07-24 bef      7        1 0.800857            6
2023-07-29 bef      7        1 0.778143            6
2023-08-08 bef      7        1 0.746571            6
2023-08-23 bef      7        1 0.672190            6
2023-08-28 bef      7        1 0.728714            6
2023-09-02 bef      7        1 0.780286            6
2023-09-12 bef      7        1 0.721571            6
2023-09-22 evt      7        1 0.752429            6
2023-10-02 evt      7        1 0.699179            6
2023-10-07 aft      7        1 0.727629            6
2023-10-12 aft      7        1 0.702333            6
2023-10-17 aft      7        1 0.496179            5
saved results_nrt/fid_389/rf/nrt_fid389_optical_binary_rf.pdf
saved results_nrt/fid_389/rf/nrt_fid389_compare_rf.pdf
End: dim. 02 août 2026 17:30:39 CEST
