Node: sn2 | CPUs: 4 | FID: 25 | v3 | Start: sam. 08 août 2026 12:30:41 CEST

=== log_reg | fid 25 | Fire scar | VIEW_DATE 2023-10-18

--- joint / log_reg
      date win  n_tok  n_tiles   p_dist  p_class  n_nonforest
2023-03-01 bef     13        1 0.863566 0.093865           11
2023-03-26 bef     13        1 0.813536 0.205280           12
2023-04-30 bef     13        1 0.698945 0.052136            8
2023-05-15 bef     13        1 0.726080 0.052114            9
2023-06-04 bef     13        1 0.561278 0.028027            7
2023-06-09 bef     13        1 0.535412 0.055316            5
2023-06-24 bef     13        1 0.545506 0.051627            5
2023-07-09 bef     13        1 0.656651 0.019694            7
2023-07-19 bef     13        1 0.662396 0.045836            8
2023-08-03 bef     13        1 0.709478 0.081410            9
2023-08-08 bef     13        1 0.569820 0.029533            5
2023-08-28 bef     13        1 0.799092 0.032685           11
2023-10-02 bef     13        1 0.880253 0.849585           12
2023-10-12 evt     13        1 0.843651 0.802317           12
2023-11-11 aft     13        1 0.906835 0.813834           13
saved results_nrt/fid_25/log_reg/nrt_fid25_joint_log_reg.pdf

--- joint_binary / log_reg
      date win  n_tok  n_tiles   p_dist  n_nonforest
2023-03-01 bef     13        1 0.458265            6
2023-03-26 bef     13        1 0.291002            2
2023-04-30 bef     13        1 0.401596            5
2023-05-15 bef     13        1 0.329819            4
2023-06-04 bef     13        1 0.232055            2
2023-06-09 bef     13        1 0.210623            2
2023-06-24 bef     13        1 0.207330            2
2023-07-09 bef     13        1 0.259775            2
2023-07-19 bef     13        1 0.319922            3
2023-08-03 bef     13        1 0.271875            2
2023-08-08 bef     13        1 0.362692            4
2023-08-28 bef     13        1 0.339656            3
2023-10-02 bef     13        1 0.474410            7
2023-10-12 evt     13        1 0.255518            2
2023-11-11 aft     13        1 0.311873            3
saved results_nrt/fid_25/log_reg/nrt_fid25_joint_binary_log_reg.pdf

--- optical / log_reg
      date win  n_tok  n_tiles   p_dist  p_class  n_nonforest
2023-03-01 bef     13        1 0.707385 0.079460            8
2023-03-26 bef     13        1 0.777631 0.186279           12
2023-04-30 bef     13        1 0.618492 0.067443            6
2023-05-15 bef     13        1 0.616497 0.036216            6
2023-06-04 bef     13        1 0.573506 0.006894            6
2023-06-09 bef     13        1 0.569477 0.005883            7
2023-06-19 bef     13        1 0.538022 0.005852            6
2023-06-24 bef     13        1 0.446695 0.010678            5
2023-06-29 bef     13        1 0.518737 0.031168            6
2023-07-04 bef     13        1 0.483897 0.014789            4
2023-07-09 bef     13        1 0.556972 0.017944            7
2023-07-14 bef     13        1 0.441916 0.029030            4
2023-07-19 bef     13        1 0.496819 0.034287            5
2023-07-24 bef     13        1 0.478067 0.031505            6
2023-08-03 bef     13        1 0.472215 0.058024            6
2023-08-08 bef     13        1 0.499639 0.016131            5
2023-08-28 bef     13        1 0.510187 0.058863            6
2023-10-02 bef     13        1 0.797106 0.618097           10
2023-10-12 evt     13        1 0.834626 0.736987           12
2023-11-11 aft     13        1 0.905185 0.854938           13
saved results_nrt/fid_25/log_reg/nrt_fid25_optical_log_reg.pdf

--- optical_binary / log_reg
      date win  n_tok  n_tiles   p_dist  n_nonforest
2023-03-01 bef     13        1 0.381574            4
2023-03-26 bef     13        1 0.368197            5
2023-04-30 bef     13        1 0.311987            3
2023-05-15 bef     13        1 0.258035            2
2023-06-04 bef     13        1 0.180173            2
2023-06-09 bef     13        1 0.163452            2
2023-06-19 bef     13        1 0.173374            2
2023-06-24 bef     13        1 0.185756            2
2023-06-29 bef     13        1 0.227493            2
2023-07-04 bef     13        1 0.247578            2
2023-07-09 bef     13        1 0.243663            2
2023-07-14 bef     13        1 0.237553            2
2023-07-19 bef     13        1 0.248612            2
2023-07-24 bef     13        1 0.237585            2
2023-08-03 bef     13        1 0.210467            2
2023-08-08 bef     13        1 0.194781            2
2023-08-28 bef     13        1 0.214281            3
2023-10-02 bef     13        1 0.670562            9
2023-10-12 evt     13        1 0.487886            5
2023-11-11 aft     13        1 0.320406            4
saved results_nrt/fid_25/log_reg/nrt_fid25_optical_binary_log_reg.pdf
saved results_nrt/fid_25/log_reg/nrt_fid25_compare_log_reg.pdf

=== rf | fid 25 | Fire scar | VIEW_DATE 2023-10-18

--- joint / rf
      date win  n_tok  n_tiles   p_dist  p_class  n_nonforest
2023-03-01 bef     13        1 0.757077 0.101692            8
2023-03-26 bef     13        1 0.724846 0.096154            6
2023-04-30 bef     13        1 0.706923 0.078692            6
2023-05-15 bef     13        1 0.695923 0.077538            5
2023-06-04 bef     13        1 0.626308 0.053077            2
2023-06-09 bef     13        1 0.673231 0.099692            4
2023-06-24 bef     13        1 0.650000 0.072077            4
2023-07-09 bef     13        1 0.633231 0.081231            5
2023-07-19 bef     13        1 0.685615 0.102308            6
2023-08-03 bef     13        1 0.703154 0.104385            8
2023-08-08 bef     13        1 0.653308 0.101154            6
2023-08-28 bef     13        1 0.693077 0.133077            7
2023-10-02 bef     13        1 0.849462 0.343308           10
2023-10-12 evt     13        1 0.925462 0.788692           13
2023-11-11 aft     13        1 0.933462 0.778846           13
saved results_nrt/fid_25/rf/nrt_fid25_joint_rf.pdf

--- joint_binary / rf
      date win  n_tok  n_tiles   p_dist  n_nonforest
2023-03-01 bef     13        1 0.445923            5
2023-03-26 bef     13        1 0.319923            4
2023-04-30 bef     13        1 0.415308            5
2023-05-15 bef     13        1 0.376231            4
2023-06-04 bef     13        1 0.245077            2
2023-06-09 bef     13        1 0.285385            3
2023-06-24 bef     13        1 0.254462            2
2023-07-09 bef     13        1 0.287231            2
2023-07-19 bef     13        1 0.322615            4
2023-08-03 bef     13        1 0.311462            4
2023-08-08 bef     13        1 0.343538            4
2023-08-28 bef     13        1 0.379231            6
2023-10-02 bef     13        1 0.642769            9
2023-10-12 evt     13        1 0.533154            8
2023-11-11 aft     13        1 0.552308            8
saved results_nrt/fid_25/rf/nrt_fid25_joint_binary_rf.pdf

--- optical / rf
      date win  n_tok  n_tiles   p_dist  p_class  n_nonforest
2023-03-01 bef     13        1 0.665179 0.081000            4
2023-03-26 bef     13        1 0.690833 0.093462            7
2023-04-30 bef     13        1 0.648198 0.073846            4
2023-05-15 bef     13        1 0.642567 0.066231            3
2023-06-04 bef     13        1 0.586262 0.050615            1
2023-06-09 bef     13        1 0.567410 0.054077            2
2023-06-19 bef     13        1 0.561897 0.049692            2
2023-06-24 bef     13        1 0.547526 0.057538            1
2023-06-29 bef     13        1 0.542949 0.062000            2
2023-07-04 bef     13        1 0.572385 0.067769            2
2023-07-09 bef     13        1 0.549256 0.063692            3
2023-07-14 bef     13        1 0.540013 0.069538            3
2023-07-19 bef     13        1 0.533212 0.066385            3
2023-07-24 bef     13        1 0.556308 0.069462            3
2023-08-03 bef     13        1 0.549308 0.074462            4
2023-08-08 bef     13        1 0.507308 0.056462            3
2023-08-28 bef     13        1 0.538692 0.070077            4
2023-10-02 bef     13        1 0.804769 0.461077           10
2023-10-12 evt     13        1 0.903154 0.799154           13
2023-11-11 aft     13        1 0.902077 0.783308           13
saved results_nrt/fid_25/rf/nrt_fid25_optical_rf.pdf

--- optical_binary / rf
      date win  n_tok  n_tiles   p_dist  n_nonforest
2023-03-01 bef     13        1 0.391476            4
2023-03-26 bef     13        1 0.395994            4
2023-04-30 bef     13        1 0.384599            4
2023-05-15 bef     13        1 0.358072            3
2023-06-04 bef     13        1 0.283449            1
2023-06-09 bef     13        1 0.273808            2
2023-06-19 bef     13        1 0.262918            2
2023-06-24 bef     13        1 0.253128            2
2023-06-29 bef     13        1 0.248058            2
2023-07-04 bef     13        1 0.276667            2
2023-07-09 bef     13        1 0.268442            2
2023-07-14 bef     13        1 0.275346            2
2023-07-19 bef     13        1 0.266641            2
2023-07-24 bef     13        1 0.274077            2
2023-08-03 bef     13        1 0.287115            2
2023-08-08 bef     13        1 0.255308            2
2023-08-28 bef     13        1 0.301522            3
2023-10-02 bef     13        1 0.581500            8
2023-10-12 evt     13        1 0.446090            5
2023-11-11 aft     13        1 0.393800            3
saved results_nrt/fid_25/rf/nrt_fid25_optical_binary_rf.pdf
saved results_nrt/fid_25/rf/nrt_fid25_compare_rf.pdf
End: sam. 08 août 2026 12:31:59 CEST
