Node: sn2 | CPUs: 4 | FID: 214 | Start: dim. 02 août 2026 17:28:59 CEST

=== log_reg | fid 214 | Clear-cut bare soil | VIEW_DATE 2023-09-29

--- joint / log_reg
      date win  n_tok  n_tiles   p_dist  p_class  n_nonforest
2023-01-15 bef     11        2 0.825963 0.412656           11
2023-02-14 bef     11        2 0.850427 0.626604           10
2023-03-01 bef     11        2 0.810784 0.105484           10
2023-03-26 bef     11        2 0.372346 0.029855            2
2023-04-30 bef     11        2 0.859841 0.074058           11
2023-05-15 bef     11        2 0.662721 0.163717            7
2023-05-20 bef     11        2 0.651720 0.096443            6
2023-06-04 bef     11        2 0.691034 0.173209            7
2023-06-09 bef     11        2 0.826024 0.121571           10
2023-06-24 bef     11        2 0.662329 0.140608            7
2023-07-09 bef     11        2 0.809379 0.233761            9
2023-07-19 bef     11        2 0.822232 0.212887           11
2023-07-29 bef     11        2 0.840840 0.226015           11
2023-08-08 bef     11        2 0.929871 0.558119           11
2023-08-23 bef     11        2 0.850745 0.266077           10
2023-09-02 bef     11        2 0.819476 0.418184            9
2023-09-12 bef     11        2 0.909169 0.677787           11
2023-10-02 evt     11        2 0.985341 0.523504           11
2023-10-07 aft     11        2 0.928738 0.184031           10
saved results_nrt/fid_214/log_reg/nrt_fid214_joint_log_reg.pdf

--- joint_binary / log_reg
      date win  n_tok  n_tiles   p_dist  n_nonforest
2023-01-15 bef     11        2 0.589487            8
2023-02-14 bef     11        2 0.768075            9
2023-03-01 bef     11        2 0.255230            1
2023-03-26 bef     11        2 0.092594            0
2023-04-30 bef     11        2 0.121680            1
2023-05-15 bef     11        2 0.217042            2
2023-05-20 bef     11        2 0.181020            0
2023-06-04 bef     11        2 0.171486            1
2023-06-09 bef     11        2 0.139819            1
2023-06-24 bef     11        2 0.149130            1
2023-07-09 bef     11        2 0.208193            0
2023-07-19 bef     11        2 0.294226            0
2023-07-29 bef     11        2 0.466543            5
2023-08-08 bef     11        2 0.787595            9
2023-08-23 bef     11        2 0.667146            9
2023-09-02 bef     11        2 0.742812            8
2023-09-12 bef     11        2 0.924940           11
2023-10-02 evt     11        2 0.962944           11
2023-10-07 aft     11        2 0.726007           10
saved results_nrt/fid_214/log_reg/nrt_fid214_joint_binary_log_reg.pdf

--- optical / log_reg
      date win  n_tok  n_tiles   p_dist  p_class  n_nonforest
2023-01-15 bef     11        2 0.863508 0.286794           10
2023-02-14 bef     11        2 0.678529 0.198304            8
2023-03-01 bef     11        2 0.698166 0.266831            7
2023-03-26 bef     11        2 0.216004 0.018790            0
2023-04-05 bef     11        2 0.491753 0.084468            5
2023-04-30 bef     11        2 0.476672 0.155087            3
2023-05-15 bef     11        2 0.525044 0.173817            4
2023-05-20 bef     11        2 0.445892 0.053607            3
2023-06-04 bef     11        2 0.718521 0.213933            9
2023-06-09 bef     11        2 0.806442 0.203632           11
2023-06-19 bef     11        2 0.705978 0.205180            9
2023-06-24 bef     11        2 0.614927 0.196239            7
2023-06-29 bef     11        2 0.607206 0.271197            7
2023-07-04 bef     11        2 0.688123 0.253819            9
2023-07-09 bef     11        2 0.665001 0.205365            8
2023-07-14 bef     11        2 0.786388 0.222961           10
2023-07-19 bef     11        2 0.743418 0.239411            8
2023-07-24 bef     11        2 0.777840 0.205647            8
2023-07-29 bef     11        2 0.754785 0.368592            9
2023-08-08 bef     11        2 0.896978 0.216208           11
2023-08-18 bef     11        2 0.654783 0.234993            8
2023-08-23 bef     11        2 0.868154 0.144686           10
2023-09-02 bef     11        2 0.859361 0.255633           10
2023-09-12 bef     11        2 0.942375 0.349013           11
2023-09-22 evt     11        2 0.959799 0.279172           11
2023-09-27 evt     11        2 0.951742 0.369981           11
2023-10-02 evt     11        2 0.937787 0.255391           11
2023-10-07 aft     11        2 0.903601 0.277382           11
saved results_nrt/fid_214/log_reg/nrt_fid214_optical_log_reg.pdf

--- optical_binary / log_reg
      date win  n_tok  n_tiles   p_dist  n_nonforest
2023-01-15 bef     11        2 0.587476            8
2023-02-14 bef     11        2 0.469292            6
2023-03-01 bef     11        2 0.388717            4
2023-03-26 bef     11        2 0.115754            0
2023-04-05 bef     11        2 0.229386            0
2023-04-30 bef     11        2 0.112944            0
2023-05-15 bef     11        2 0.130453            0
2023-05-20 bef     11        2 0.070942            0
2023-06-04 bef     11        2 0.218373            0
2023-06-09 bef     11        2 0.178976            0
2023-06-19 bef     11        2 0.199633            0
2023-06-24 bef     11        2 0.260046            3
2023-06-29 bef     11        2 0.244325            1
2023-07-04 bef     11        2 0.318772            2
2023-07-09 bef     11        2 0.241615            1
2023-07-14 bef     11        2 0.309743            0
2023-07-19 bef     11        2 0.326038            1
2023-07-24 bef     11        2 0.420582            3
2023-07-29 bef     11        2 0.484941            6
2023-08-08 bef     11        2 0.526141            6
2023-08-18 bef     11        2 0.494252            5
2023-08-23 bef     11        2 0.617177            7
2023-09-02 bef     11        2 0.734179            9
2023-09-12 bef     11        2 0.883302           11
2023-09-22 evt     11        2 0.907215           11
2023-09-27 evt     11        2 0.914140           11
2023-10-02 evt     11        2 0.844219           11
2023-10-07 aft     11        2 0.793592           10
saved results_nrt/fid_214/log_reg/nrt_fid214_optical_binary_log_reg.pdf
saved results_nrt/fid_214/log_reg/nrt_fid214_compare_log_reg.pdf

=== rf | fid 214 | Clear-cut bare soil | VIEW_DATE 2023-09-29

--- joint / rf
      date win  n_tok  n_tiles   p_dist  p_class  n_nonforest
2023-01-15 bef     11        2 0.820091 0.331364            9
2023-02-14 bef     11        2 0.827273 0.428273           11
2023-03-01 bef     11        2 0.725364 0.130818            5
2023-03-26 bef     11        2 0.643909 0.077909            0
2023-04-30 bef     11        2 0.712364 0.072909            5
2023-05-15 bef     11        2 0.735091 0.083364            5
2023-05-20 bef     11        2 0.681545 0.119727            3
2023-06-04 bef     11        2 0.732091 0.093000            5
2023-06-09 bef     11        2 0.712182 0.073909            3
2023-06-24 bef     11        2 0.719455 0.075727            3
2023-07-09 bef     11        2 0.685000 0.092091            0
2023-07-19 bef     11        2 0.695182 0.100364            1
2023-07-29 bef     11        2 0.723182 0.118455            6
2023-08-08 bef     11        2 0.752182 0.160636            6
2023-08-23 bef     11        2 0.788000 0.157091            9
2023-09-02 bef     11        2 0.811909 0.230636            9
2023-09-12 bef     11        2 0.917545 0.507727           11
2023-10-02 evt     11        2 0.964000 0.715909           11
2023-10-07 aft     11        2 0.929455 0.467182           11
saved results_nrt/fid_214/rf/nrt_fid214_joint_rf.pdf

--- joint_binary / rf
      date win  n_tok  n_tiles   p_dist  n_nonforest
2023-01-15 bef     11        2 0.625000            9
2023-02-14 bef     11        2 0.673364           11
2023-03-01 bef     11        2 0.330000            0
2023-03-26 bef     11        2 0.204727            0
2023-04-30 bef     11        2 0.191636            0
2023-05-15 bef     11        2 0.221364            0
2023-05-20 bef     11        2 0.270364            0
2023-06-04 bef     11        2 0.186909            0
2023-06-09 bef     11        2 0.175818            0
2023-06-24 bef     11        2 0.175727            0
2023-07-09 bef     11        2 0.237636            0
2023-07-19 bef     11        2 0.272364            0
2023-07-29 bef     11        2 0.322000            0
2023-08-08 bef     11        2 0.417909            4
2023-08-23 bef     11        2 0.469000            4
2023-09-02 bef     11        2 0.533182            7
2023-09-12 bef     11        2 0.835727           11
2023-10-02 evt     11        2 0.913818           11
2023-10-07 aft     11        2 0.849818           11
saved results_nrt/fid_214/rf/nrt_fid214_joint_binary_rf.pdf

--- optical / rf
      date win  n_tok  n_tiles   p_dist  p_class  n_nonforest
2023-01-15 bef     11        2 0.786273 0.313364            9
2023-02-14 bef     11        2 0.729636 0.271000            5
2023-03-01 bef     11        2 0.681212 0.193576            1
2023-03-26 bef     11        2 0.658258 0.172803            0
2023-04-05 bef     11        2 0.656136 0.173318            0
2023-04-30 bef     11        2 0.664258 0.157348            0
2023-05-15 bef     11        2 0.687461 0.176733            0
2023-05-20 bef     11        2 0.622318 0.159409            0
2023-06-04 bef     11        2 0.691455 0.195455            0
2023-06-09 bef     11        2 0.681091 0.174636            0
2023-06-19 bef     11        2 0.690303 0.194848            0
2023-06-24 bef     11        2 0.701377 0.200195            1
2023-06-29 bef     11        2 0.680909 0.181909            0
2023-07-04 bef     11        2 0.714455 0.206455            1
2023-07-09 bef     11        2 0.700591 0.199682            0
2023-07-14 bef     11        2 0.723545 0.212000            1
2023-07-19 bef     11        2 0.700273 0.210636            1
2023-07-24 bef     11        2 0.728909 0.246909            5
2023-07-29 bef     11        2 0.718909 0.227000            4
2023-08-08 bef     11        2 0.733742 0.240470            6
2023-08-18 bef     11        2 0.720636 0.310455            7
2023-08-23 bef     11        2 0.769364 0.270727            8
2023-09-02 bef     11        2 0.765424 0.304424            8
2023-09-12 bef     11        2 0.945727 0.518818           11
2023-09-22 evt     11        2 0.950500 0.543136           11
2023-09-27 evt     11        2 0.942030 0.537030           11
2023-10-02 evt     11        2 0.942273 0.593636           11
2023-10-07 aft     11        2 0.936818 0.611545           11
saved results_nrt/fid_214/rf/nrt_fid214_optical_rf.pdf

--- optical_binary / rf
      date win  n_tok  n_tiles   p_dist  n_nonforest
2023-01-15 bef     11        2 0.565955            8
2023-02-14 bef     11        2 0.494303            5
2023-03-01 bef     11        2 0.383864            1
2023-03-26 bef     11        2 0.332136            0
2023-04-05 bef     11        2 0.331727            0
2023-04-30 bef     11        2 0.274636            0
2023-05-15 bef     11        2 0.306182            0
2023-05-20 bef     11        2 0.263379            0
2023-06-04 bef     11        2 0.324545            0
2023-06-09 bef     11        2 0.312439            0
2023-06-19 bef     11        2 0.321432            0
2023-06-24 bef     11        2 0.351477            0
2023-06-29 bef     11        2 0.305045            0
2023-07-04 bef     11        2 0.368705            0
2023-07-09 bef     11        2 0.352432            0
2023-07-14 bef     11        2 0.356083            0
2023-07-19 bef     11        2 0.359455            0
2023-07-24 bef     11        2 0.435015            3
2023-07-29 bef     11        2 0.397598            2
2023-08-08 bef     11        2 0.444364            4
2023-08-18 bef     11        2 0.515682            7
2023-08-23 bef     11        2 0.534106            7
2023-09-02 bef     11        2 0.576314            8
2023-09-12 bef     11        2 0.871273           11
2023-09-22 evt     11        2 0.860000           11
2023-09-27 evt     11        2 0.875818           11
2023-10-02 evt     11        2 0.876909           11
2023-10-07 aft     11        2 0.872182           11
saved results_nrt/fid_214/rf/nrt_fid214_optical_binary_rf.pdf
saved results_nrt/fid_214/rf/nrt_fid214_compare_rf.pdf
End: dim. 02 août 2026 17:31:29 CEST
