Node: sn2 | CPUs: 4 | FID: 28 | Start: dim. 02 août 2026 17:28:59 CEST

=== log_reg | fid 28 | Degradation | VIEW_DATE 2023-10-19

--- joint / log_reg
      date win  n_tok  n_tiles   p_dist  p_class  n_nonforest
2023-03-01 bef     54        3 0.676389 0.156539           37
2023-04-30 bef     54        3 0.446738 0.006154           12
2023-05-15 bef     54        3 0.489196 0.018061           21
2023-06-04 bef     54        3 0.432831 0.053208            8
2023-06-09 bef     54        3 0.563799 0.005704           27
2023-06-24 bef     54        3 0.723011 0.012973           45
2023-07-09 bef     54        3 0.588526 0.008747           32
2023-07-19 bef     54        3 0.636677 0.020614           35
2023-07-29 bef     54        3 0.678091 0.022947           38
2023-08-08 bef     54        3 0.720474 0.041660           46
2023-08-23 bef     54        3 0.741844 0.167791           44
2023-10-02 bef     54        3 0.731412 0.418992           45
2023-11-11 aft     54        3 0.878487 0.713618           54
saved results_nrt/fid_28/log_reg/nrt_fid28_joint_log_reg.pdf

--- joint_binary / log_reg
      date win  n_tok  n_tiles   p_dist  n_nonforest
2023-03-01 bef     54        3 0.111832            1
2023-04-30 bef     54        3 0.005706            0
2023-05-15 bef     54        3 0.007352            0
2023-06-04 bef     54        3 0.039435            0
2023-06-09 bef     54        3 0.006740            0
2023-06-24 bef     54        3 0.009044            0
2023-07-09 bef     54        3 0.007667            0
2023-07-19 bef     54        3 0.008224            0
2023-07-29 bef     54        3 0.011133            0
2023-08-08 bef     54        3 0.023762            0
2023-08-23 bef     54        3 0.033843            0
2023-10-02 bef     54        3 0.014242            0
2023-11-11 aft     54        3 0.004010            0
saved results_nrt/fid_28/log_reg/nrt_fid28_joint_binary_log_reg.pdf

--- optical / log_reg
      date win  n_tok  n_tiles   p_dist  p_class  n_nonforest
2023-03-01 bef     54        3 0.225683 0.087358            2
2023-04-30 bef     54        3 0.496773 0.006445           17
2023-05-15 bef     54        3 0.506208 0.008986           19
2023-06-04 bef     54        3 0.520470 0.028498           18
2023-06-09 bef     54        3 0.559452 0.008469           24
2023-06-19 bef     54        3 0.565267 0.018518           24
2023-06-24 bef     54        3 0.643561 0.015670           32
2023-06-29 bef     54        3 0.490289 0.021535           14
2023-07-04 bef     54        3 0.677459 0.026180           41
2023-07-09 bef     54        3 0.542318 0.027929           23
2023-07-14 bef     54        3 0.653317 0.019633           40
2023-07-19 bef     54        3 0.548977 0.046167           23
2023-07-24 bef     54        3 0.650720 0.063681           44
2023-07-29 bef     54        3 0.522116 0.047140           14
2023-08-08 bef     54        3 0.622066 0.097130           29
2023-08-18 bef     54        3 0.387484 0.044061            6
2023-08-23 bef     54        3 0.659692 0.157299           35
2023-08-28 bef     54        3 0.718422 0.246403           41
2023-09-17 bef     54        3 0.513340 0.137101           24
2023-09-22 bef     54        3 0.764942 0.462684           45
2023-09-27 bef     54        3 0.830923 0.688547           51
2023-10-02 bef     54        3 0.748001 0.337430           44
2023-10-07 bef     54        3 0.688872 0.130317           42
2023-11-11 aft     54        3 0.885630 0.736439           52
saved results_nrt/fid_28/log_reg/nrt_fid28_optical_log_reg.pdf

--- optical_binary / log_reg
      date win  n_tok  n_tiles   p_dist  n_nonforest
2023-03-01 bef     54        3 0.061610            0
2023-04-30 bef     54        3 0.017459            0
2023-05-15 bef     54        3 0.014180            0
2023-06-04 bef     54        3 0.047083            0
2023-06-09 bef     54        3 0.024255            0
2023-06-19 bef     54        3 0.015872            0
2023-06-24 bef     54        3 0.016469            0
2023-06-29 bef     54        3 0.024533            0
2023-07-04 bef     54        3 0.016837            0
2023-07-09 bef     54        3 0.018095            0
2023-07-14 bef     54        3 0.011666            0
2023-07-19 bef     54        3 0.020701            0
2023-07-24 bef     54        3 0.017110            0
2023-07-29 bef     54        3 0.022614            0
2023-08-08 bef     54        3 0.024549            0
2023-08-18 bef     54        3 0.062862            0
2023-08-23 bef     54        3 0.041477            0
2023-08-28 bef     54        3 0.027264            0
2023-09-17 bef     54        3 0.015318            0
2023-09-22 bef     54        3 0.027763            0
2023-09-27 bef     54        3 0.026962            0
2023-10-02 bef     54        3 0.022362            0
2023-10-07 bef     54        3 0.015076            0
2023-11-11 aft     54        3 0.011076            0
saved results_nrt/fid_28/log_reg/nrt_fid28_optical_binary_log_reg.pdf
saved results_nrt/fid_28/log_reg/nrt_fid28_compare_log_reg.pdf

=== rf | fid 28 | Degradation | VIEW_DATE 2023-10-19

--- joint / rf
      date win  n_tok  n_tiles   p_dist  p_class  n_nonforest
2023-03-01 bef     54        3 0.705037 0.183852           18
2023-04-30 bef     54        3 0.592333 0.057852            8
2023-05-15 bef     54        3 0.588648 0.063944           10
2023-06-04 bef     54        3 0.569296 0.098333            5
2023-06-09 bef     54        3 0.656685 0.054037           20
2023-06-24 bef     54        3 0.691111 0.045944           30
2023-07-09 bef     54        3 0.601204 0.041537           17
2023-07-19 bef     54        3 0.633000 0.038630           21
2023-07-29 bef     54        3 0.696833 0.038648           32
2023-08-08 bef     54        3 0.717185 0.066222           38
2023-08-23 bef     54        3 0.743241 0.164315           24
2023-10-02 bef     54        3 0.762852 0.242315           49
2023-11-11 aft     54        3 0.910611 0.725593           54
saved results_nrt/fid_28/rf/nrt_fid28_joint_rf.pdf

--- joint_binary / rf
      date win  n_tok  n_tiles   p_dist  n_nonforest
2023-03-01 bef     54        3 0.343037           14
2023-04-30 bef     54        3 0.045333            0
2023-05-15 bef     54        3 0.054296            0
2023-06-04 bef     54        3 0.114815            0
2023-06-09 bef     54        3 0.048000            0
2023-06-24 bef     54        3 0.034685            0
2023-07-09 bef     54        3 0.031111            0
2023-07-19 bef     54        3 0.025204            0
2023-07-29 bef     54        3 0.027852            0
2023-08-08 bef     54        3 0.048759            0
2023-08-23 bef     54        3 0.101759            0
2023-10-02 bef     54        3 0.063722            0
2023-11-11 aft     54        3 0.050444            0
saved results_nrt/fid_28/rf/nrt_fid28_joint_binary_rf.pdf

--- optical / rf
      date win  n_tok  n_tiles   p_dist  p_class  n_nonforest
2023-03-01 bef     54        3 0.650265 0.161426            5
2023-04-30 bef     54        3 0.613867 0.081630           10
2023-05-15 bef     54        3 0.602506 0.074852           16
2023-06-04 bef     54        3 0.586907 0.094074            9
2023-06-09 bef     54        3 0.610315 0.075593           11
2023-06-19 bef     54        3 0.622880 0.077222           14
2023-06-24 bef     54        3 0.662832 0.081722           31
2023-06-29 bef     54        3 0.611934 0.071796           11
2023-07-04 bef     54        3 0.644944 0.085759           24
2023-07-09 bef     54        3 0.607508 0.075352            9
2023-07-14 bef     54        3 0.661515 0.078926           30
2023-07-19 bef     54        3 0.626809 0.080852           11
2023-07-24 bef     54        3 0.669009 0.095370           30
2023-07-29 bef     54        3 0.633654 0.080574           18
2023-08-08 bef     54        3 0.691833 0.102148           39
2023-08-18 bef     54        3 0.640948 0.103481           12
2023-08-23 bef     54        3 0.694843 0.134870           32
2023-08-28 bef     54        3 0.708164 0.121944           41
2023-09-17 bef     54        3 0.713988 0.135852           38
2023-09-22 bef     54        3 0.740983 0.235815           45
2023-09-27 bef     54        3 0.718906 0.222889           29
2023-10-02 bef     54        3 0.759509 0.236056           52
2023-10-07 bef     54        3 0.749395 0.144944           53
2023-11-11 aft     54        3 0.919574 0.755852           54
saved results_nrt/fid_28/rf/nrt_fid28_optical_rf.pdf

--- optical_binary / rf
      date win  n_tok  n_tiles   p_dist  n_nonforest
2023-03-01 bef     54        3 0.316010            1
2023-04-30 bef     54        3 0.091975            0
2023-05-15 bef     54        3 0.076227            0
2023-06-04 bef     54        3 0.152360            1
2023-06-09 bef     54        3 0.104432            0
2023-06-19 bef     54        3 0.086640            0
2023-06-24 bef     54        3 0.073315            0
2023-06-29 bef     54        3 0.081437            0
2023-07-04 bef     54        3 0.083407            0
2023-07-09 bef     54        3 0.095176            0
2023-07-14 bef     54        3 0.065500            0
2023-07-19 bef     54        3 0.089656            0
2023-07-24 bef     54        3 0.114764            0
2023-07-29 bef     54        3 0.079977            0
2023-08-08 bef     54        3 0.089319            0
2023-08-18 bef     54        3 0.164795            1
2023-08-23 bef     54        3 0.142847            1
2023-08-28 bef     54        3 0.096131            0
2023-09-17 bef     54        3 0.102519            0
2023-09-22 bef     54        3 0.123585            0
2023-09-27 bef     54        3 0.120545            0
2023-10-02 bef     54        3 0.104110            0
2023-10-07 bef     54        3 0.082033            0
2023-11-11 aft     54        3 0.097411            0
saved results_nrt/fid_28/rf/nrt_fid28_optical_binary_rf.pdf
saved results_nrt/fid_28/rf/nrt_fid28_compare_rf.pdf
End: dim. 02 août 2026 17:32:44 CEST
